ARM Linker, 5.03 [Build 24] [MDK-ARM Standard]

==============================================================================

Section Cross References

    app.o(.text) refers to stm32l1xx_gpio.o(.text) for GPIO_ToggleBits
    app.o(.text) refers to os_time.o(.text) for OSTimeDly
    app.o(.text) refers to stm32l1xx_pwr.o(.text) for PWR_EnterSTOPMode
    app.o(.text) refers to rtc.o(.text) for Set_Time
    app.o(.text) refers to ds18b20.o(.text) for Read_Temperature
    app.o(.text) refers to rt_memclr_w.o(.text) for __aeabi_memclr4
    app.o(.text) refers to static_init.o(.text) for itoa
    app.o(.text) refers to strcat.o(.text) for strcat
    app.o(.text) refers to strlen.o(.text) for strlen
    app.o(.text) refers to bsp.o(.text) for USART1_SendString
    app.o(.text) refers to fun.o(.text) for Read_WP_Filter
    app.o(.text) refers to cat24c516.o(.text) for CAT24C_Word_W
    app.o(.text) refers to check_water.o(.text) for Get_Status
    app.o(.text) refers to power.o(.text) for Cat24c_PowerOff
    app.o(.text) refers to os_task.o(.text) for OSTaskSuspend
    app.o(.text) refers to app.o(.bss) for task1TCB
    app.o(.text) refers to cpu_core.o(.text) for CPU_Init
    app.o(.text) refers to os_core.o(.text) for OSInit
    app.o(.text) refers to os_app_hooks.o(.text) for App_OS_SetAllHooks
    main.o(.text) refers to bsp.o(.text) for BspInit
    main.o(.text) refers to app.o(.text) for KernelMain
    fun.o(.text) refers to os_time.o(.text) for OSTimeDly
    fun.o(.text) refers to ds18b20.o(.text) for Read_Temperature
    fun.o(.text) refers to static_init.o(.text) for L_From_B
    fun.o(.text) refers to w_p_sensor.o(.text) for W_P_Sensor_Read
    static_init.o(.text) refers to fflt_clz.o(x$fpl$ffltu) for __aeabi_ui2f
    static_init.o(.text) refers to ffixu.o(x$fpl$ffixu) for __aeabi_f2uiz
    static_init.o(.text) refers to rt_memclr_w.o(.text) for __aeabi_memclr4
    static_init.o(.text) refers to faddsub_clz.o(x$fpl$fsub) for __aeabi_fsub
    static_init.o(.text) refers to fmul.o(x$fpl$fmul) for __aeabi_fmul
    static_init.o(.text) refers to fdiv.o(x$fpl$fdiv) for __aeabi_fdiv
    static_init.o(.text) refers to faddsub_clz.o(x$fpl$fadd) for __aeabi_fadd
    static_init.o(.text) refers to rt_memcpy_w.o(.text) for __aeabi_memcpy4
    static_init.o(.text) refers to f2d.o(x$fpl$f2d) for __aeabi_f2d
    static_init.o(.text) refers to dleqf.o(x$fpl$dleqf) for __aeabi_cdcmple
    static_init.o(.text) refers to fflt_clz.o(x$fpl$fflt) for __aeabi_i2f
    static_init.o(.text) refers to dmul.o(x$fpl$dmul) for __aeabi_dmul
    static_init.o(.text) refers to daddsub_clz.o(x$fpl$dadd) for __aeabi_dadd
    static_init.o(.text) refers to static_init.o(.data) for i
    static_init.o(.text) refers to static_init.o(.bss) for BoBuff
    static_init.o(.data) refers to static_init.o(.bss) for BoBuff
    bsp.o(.text) refers to stm32l1xx_rcc.o(.text) for RCC_GetClocksFreq
    bsp.o(.text) refers to os_cpu_c.o(.text) for OS_CPU_SysTickInit
    bsp.o(.text) refers to stm32l1xx_gpio.o(.text) for GPIO_Init
    bsp.o(.text) refers to stm32l1xx_usart.o(.text) for USART_Init
    bsp.o(.text) refers to cpu_a.o(.text) for CPU_IntDis
    bsp.o(.text) refers to power.o(.text) for power_init
    bsp.o(.text) refers to delay.o(.text) for Delay_init
    bsp.o(.text) refers to check_water.o(.text) for Check_Water
    bsp.o(.text) refers to rtc.o(.text) for clock_ini
    bsp.o(.text) refers to w_p_sensor.o(.text) for W_P_Sensor_Init
    bsp.o(.text) refers to os_cfg_app.o(.constdata) for OSCfg_TickRate_Hz
    cat24c516.o(.text) refers to stm32l1xx_rcc.o(.text) for RCC_AHBPeriphClockCmd
    cat24c516.o(.text) refers to stm32l1xx_gpio.o(.text) for GPIO_Init
    cat24c516.o(.text) refers to delay.o(.text) for delay_us
    check_water.o(.text) refers to stm32l1xx_rcc.o(.text) for RCC_AHBPeriphClockCmd
    check_water.o(.text) refers to stm32l1xx_gpio.o(.text) for GPIO_Init
    check_water.o(.text) refers to stm32l1xx_syscfg.o(.text) for SYSCFG_EXTILineConfig
    check_water.o(.text) refers to stm32l1xx_exti.o(.text) for EXTI_ClearITPendingBit
    check_water.o(.text) refers to misc.o(.text) for NVIC_PriorityGroupConfig
    check_water.o(.text) refers to stm32l1xx_pwr.o(.text) for PWR_GetFlagStatus
    check_water.o(.text) refers to bsp.o(.text) for SysTickInit
    delay.o(.text) refers to stm32l1xx_tim.o(.text) for TIM_Cmd
    delay.o(.text) refers to stm32l1xx_rcc.o(.text) for RCC_APB1PeriphClockCmd
    ds18b20.o(.text) refers to stm32l1xx_gpio.o(.text) for GPIO_Init
    ds18b20.o(.text) refers to delay.o(.text) for delay_us
    ds18b20.o(.text) refers to stm32l1xx_rcc.o(.text) for RCC_AHBPeriphClockCmd
    ds18b20.o(.text) refers to dflt_clz.o(x$fpl$dfltu) for __aeabi_ui2d
    ds18b20.o(.text) refers to dmul.o(x$fpl$dmul) for __aeabi_dmul
    ds18b20.o(.text) refers to dfixu.o(x$fpl$dfixu) for __aeabi_d2uiz
    ds18b20.o(.text) refers to ds18b20.o(.data) for Flag
[...]
    Mem_Set                                  0x08002a3d   Thumb Code    98  lib_mem.o(.text)
    Mem_Clr                                  0x08002a9f   Thumb Code    18  lib_mem.o(.text)
    Mem_Copy                                 0x08002ab1   Thumb Code   136  lib_mem.o(.text)
    Mem_Cmp                                  0x08002b39   Thumb Code   192  lib_mem.o(.text)
    Str_Len_N                                0x08002bf9   Thumb Code    28  lib_str.o(.text)
    Str_Len                                  0x08002c15   Thumb Code    20  lib_str.o(.text)
    Str_Copy_N                               0x08002c29   Thumb Code    70  lib_str.o(.text)
    Str_Copy                                 0x08002c6f   Thumb Code    24  lib_str.o(.text)
    Str_Cat_N                                0x08002c87   Thumb Code    90  lib_str.o(.text)
    Str_Cat                                  0x08002ce1   Thumb Code    24  lib_str.o(.text)
    Str_Cmp_N                                0x08002cf9   Thumb Code   156  lib_str.o(.text)
    Str_Cmp                                  0x08002d95   Thumb Code    24  lib_str.o(.text)
    Str_CmpIgnoreCase_N                      0x08002dad   Thumb Code   264  lib_str.o(.text)
    Str_CmpIgnoreCase                        0x08002eb5   Thumb Code    24  lib_str.o(.text)
    Str_Char_N                               0x08002ecd   Thumb Code    74  lib_str.o(.text)
    Str_Char                                 0x08002f17   Thumb Code    24  lib_str.o(.text)
    Str_Char_Last_N                          0x08002f2f   Thumb Code    76  lib_str.o(.text)
    Str_Char_Last                            0x08002f7b   Thumb Code    24  lib_str.o(.text)
    Str_Str_N                                0x08002f93   Thumb Code   182  lib_str.o(.text)
    Str_Str                                  0x08003049   Thumb Code    24  lib_str.o(.text)
    Str_FmtNbr_Int32U                        0x0800325f   Thumb Code    46  lib_str.o(.text)
    Str_FmtNbr_Int32S                        0x0800328d   Thumb Code    62  lib_str.o(.text)
    Str_ParseNbr_Int32U                      0x08003489   Thumb Code    30  lib_str.o(.text)
    Str_ParseNbr_Int32S                      0x080034a7   Thumb Code    74  lib_str.o(.text)
    OSIdleTaskHook                           0x080034f5   Thumb Code    18  os_cpu_c.o(.text)
    OSInitHook                               0x08003507   Thumb Code    42  os_cpu_c.o(.text)
    OSStatTaskHook                           0x08003531   Thumb Code    16  os_cpu_c.o(.text)
    OSTaskCreateHook                         0x08003541   Thumb Code    20  os_cpu_c.o(.text)
    OSTaskDelHook                            0x08003555   Thumb Code    20  os_cpu_c.o(.text)
    OSTaskReturnHook                         0x08003569   Thumb Code    20  os_cpu_c.o(.text)
    OSTaskStkInit                            0x0800357d   Thumb Code   188  os_cpu_c.o(.text)
    OSTaskSwHook                             0x08003639   Thumb Code    82  os_cpu_c.o(.text)
    OSTimeTickHook                           0x0800368b   Thumb Code    16  os_cpu_c.o(.text)
    OS_CPU_SysTickHandler                    0x0800369b   Thumb Code    52  os_cpu_c.o(.text)
    OS_CPU_SysTickInit                       0x080036cf   Thumb Code    44  os_cpu_c.o(.text)
    OSCfg_Init                               0x08003739   Thumb Code    72  os_cfg_app.o(.text)
    OS_IdleTask                              0x08003809   Thumb Code    60  os_core.o(.text)
    OS_IdleTaskInit                          0x08003845   Thumb Code    68  os_core.o(.text)
    OS_RdyListInit                           0x08003889   Thumb Code    32  os_core.o(.text)
    OSInit                                   0x080038a9   Thumb Code   252  os_core.o(.text)
    OSIntEnter                               0x080039a5   Thumb Code    34  os_core.o(.text)
    OSIntExit                                0x080039c7   Thumb Code   192  os_core.o(.text)
    OSSched                                  0x08003a87   Thumb Code   134  os_core.o(.text)
    OSSchedLock                              0x08003b0d   Thumb Code    84  os_core.o(.text)
    OSSchedUnlock                            0x08003b61   Thumb Code   116  os_core.o(.text)
    OSSchedRoundRobinCfg                     0x08003bd5   Thumb Code   230  os_core.o(.text)
    OS_RdyListMoveHeadToTail                 0x08003cbb   Thumb Code    68  os_core.o(.text)
    OSSchedRoundRobinYield                   0x08003cff   Thumb Code   148  os_core.o(.text)
    OSStart                                  0x08003d93   Thumb Code    78  os_core.o(.text)
    OSVersion                                0x08003de1   Thumb Code    12  os_core.o(.text)
    OS_PendDbgNameAdd                        0x08003ded   Thumb Code    66  os_core.o(.text)
    OS_PendListInsertPrio                    0x08003e2f   Thumb Code   102  os_core.o(.text)
    OS_PendDataInit                          0x08003e95   Thumb Code    38  os_core.o(.text)
    OS_RdyListRemove                         0x08003ebb   Thumb Code    86  os_core.o(.text)
    OS_TaskBlock                             0x08003f11   Thumb Code    56  os_core.o(.text)
    OS_Pend                                  0x08003f49   Thumb Code    98  os_core.o(.text)
    OS_PendListRemove1                       0x08003fab   Thumb Code    66  os_core.o(.text)
    OS_PendListRemove                        0x08003fed   Thumb Code    48  os_core.o(.text)
    OS_PendAbort1                            0x0800401d   Thumb Code    36  os_core.o(.text)
    OS_RdyListInsertHead                     0x08004041   Thumb Code   124  os_core.o(.text)
    OS_RdyListInsertTail                     0x080040bd   Thumb Code    56  os_core.o(.text)
    OS_RdyListInsert                         0x080040f5   Thumb Code    40  os_core.o(.text)
    OS_TaskRdy                               0x0800411d   Thumb Code    28  os_core.o(.text)
    OS_PendAbort                             0x08004139   Thumb Code   178  os_core.o(.text)
    OS_PendDbgNameRemove                     0x080041eb   Thumb Code    34  os_core.o(.text)
    OS_PendListChangePrio                    0x0800420d   Thumb Code    70  os_core.o(.text)
    OS_PendListInit                          0x08004253   Thumb Code    10  os_core.o(.text)
    OS_PendListInsertHead                    0x0800425d   Thumb Code    32  os_core.o(.text)
    OS_PendObjDel1                           0x0800427d   Thumb Code    36  os_core.o(.text)
    OS_PendObjDel                            0x080042a1   Thumb Code   174  os_core.o(.text)
    OS_Post1                                 0x0800434f   Thumb Code    42  os_core.o(.text)
    OS_Post                                  0x08004379   Thumb Code   198  os_core.o(.text)
    OS_SchedRoundRobin                       0x0800443f   Thumb Code   206  os_core.o(.text)
    OS_Dbg_Init                              0x08004515   Thumb Code   132  os_dbg.o(.text)
    OS_MsgPoolCreate                         0x08004699   Thumb Code    54  os_msg.o(.text)
    OS_MsgPoolInit                           0x080046cf   Thumb Code    40  os_msg.o(.text)
    OS_MsgQFreeAll                           0x080046f7   Thumb Code    62  os_msg.o(.text)
    OS_MsgQInit                              0x08004735   Thumb Code    14  os_msg.o(.text)
    OS_MsgQGet                               0x08004743   Thumb Code    98  os_msg.o(.text)
    OS_MsgQPut                               0x080047a5   Thumb Code   242  os_msg.o(.text)
    OS_MutexDbgListAdd                       0x080048a5   Thumb Code    38  os_mutex.o(.text)
    OSMutexCreate                            0x080048cb   Thumb Code    94  os_mutex.o(.text)
    OSMutexPend                              0x08004929   Thumb Code   504  os_mutex.o(.text)
    OSMutexPost                              0x08004b21   Thumb Code   284  os_mutex.o(.text)
    OS_MutexClr                              0x08004c3d   Thumb Code    38  os_mutex.o(.text)
    OS_MutexDbgListRemove                    0x08004c63   Thumb Code    86  os_mutex.o(.text)
    OS_MutexInit                             0x08004cb9   Thumb Code    14  os_mutex.o(.text)
    OS_PrioInit                              0x08004cd1   Thumb Code    20  os_prio.o(.text)
    OS_PrioGetHighest                        0x08004ce5   Thumb Code    36  os_prio.o(.text)
    OS_PrioInsert                            0x08004d09   Thumb Code    32  os_prio.o(.text)
    OS_PrioRemove                            0x08004d29   Thumb Code    32  os_prio.o(.text)
    OS_QDbgListAdd                           0x08004d4d   Thumb Code    38  os_q.o(.text)
    OSQCreate                                0x08004d73   Thumb Code    92  os_q.o(.text)
    OSQPend                                  0x08004dcf   Thumb Code   356  os_q.o(.text)
    OSQPendAbort                             0x08004f33   Thumb Code   136  os_q.o(.text)
    OS_QPost                                 0x08004fbb   Thumb Code   190  os_q.o(.text)
    OSQPost                                  0x08005079   Thumb Code    40  os_q.o(.text)
    OS_QClr                                  0x080050a1   Thumb Code    40  os_q.o(.text)
    OS_QDbgListRemove                        0x080050c9   Thumb Code    44  os_q.o(.text)
    OS_QInit                                 0x080050f5   Thumb Code    14  os_q.o(.text)
    OS_SemDbgListAdd                         0x08005125   Thumb Code    38  os_sem.o(.text)
    OSSemCreate                              0x0800514b   Thumb Code    88  os_sem.o(.text)
    OSSemPend                                0x080051a3   Thumb Code   328  os_sem.o(.text)
    OSSemPendAbort                           0x080052eb   Thumb Code   136  os_sem.o(.text)
    OS_SemPost                               0x08005373   Thumb Code   294  os_sem.o(.text)
    OSSemPost                                0x08005499   Thumb Code    34  os_sem.o(.text)
    OSSemSet                                 0x080054bb   Thumb Code   102  os_sem.o(.text)
    OS_SemClr                                0x08005521   Thumb Code    28  os_sem.o(.text)
    OS_SemDbgListRemove                      0x0800553d   Thumb Code    44  os_sem.o(.text)
    OS_SemInit                               0x08005569   Thumb Code    14  os_sem.o(.text)
    OSStatReset                              0x0800558d   Thumb Code   252  os_stat.o(.text)
    OSStatTaskCPUUsageInit                   0x08005689   Thumb Code   212  os_stat.o(.text)
    OS_StatTask                              0x0800575d   Thumb Code   760  os_stat.o(.text)
    OS_StatTaskInit                          0x08005a55   Thumb Code   138  os_stat.o(.text)
    OSTaskChangePrio                         0x08005b25   Thumb Code   258  os_task.o(.text)
    OS_TaskDbgListAdd                        0x08005c27   Thumb Code    42  os_task.o(.text)
    OS_TaskInitTCB                           0x08005c51   Thumb Code   176  os_task.o(.text)
    OSTaskCreate                             0x08005d01   Thumb Code   322  os_task.o(.text)
    OS_TaskDbgListRemove                     0x08005e43   Thumb Code    64  os_task.o(.text)
    OSTaskDel                                0x08005e83   Thumb Code   300  os_task.o(.text)
    OSTaskQFlush                             0x08005faf   Thumb Code    92  os_task.o(.text)
    OSTaskQPend                              0x0800600b   Thumb Code   394  os_task.o(.text)
    OS_TaskQPost                             0x08006195   Thumb Code   220  os_task.o(.text)
    OSTaskQPost                              0x08006271   Thumb Code    40  os_task.o(.text)
    OSTaskRegGet                             0x08006299   Thumb Code    66  os_task.o(.text)
    OSTaskRegGetID                           0x080062db   Thumb Code    84  os_task.o(.text)
    OSTaskRegSet                             0x0800632f   Thumb Code    82  os_task.o(.text)
    OS_TaskResume                            0x08006381   Thumb Code   256  os_task.o(.text)
    OSTaskResume                             0x08006481   Thumb Code    46  os_task.o(.text)
    OSTaskSemPend                            0x080064af   Thumb Code   412  os_task.o(.text)
    OSTaskSemPendAbort                       0x0800664b   Thumb Code   168  os_task.o(.text)
    OS_TaskSemPost                           0x080066f3   Thumb Code   454  os_task.o(.text)
    OSTaskSemPost                            0x080068b9   Thumb Code    34  os_task.o(.text)
    OSTaskSemSet                             0x080068db   Thumb Code    62  os_task.o(.text)
    OSTaskStkChk                             0x08006919   Thumb Code   168  os_task.o(.text)
    OS_TaskSuspend                           0x080069c1   Thumb Code   272  os_task.o(.text)
    OSTaskSuspend                            0x08006ad1   Thumb Code    32  os_task.o(.text)
    OSTaskTimeQuantaSet                      0x08006af1   Thumb Code    78  os_task.o(.text)
    OS_TaskInit                              0x08006b3f   Thumb Code    18  os_task.o(.text)
    OS_TaskReturn                            0x08006b51   Thumb Code    20  os_task.o(.text)
    OS_TickListRemove                        0x08006b81   Thumb Code    56  os_tick.o(.text)
    OS_TickListUpdate                        0x08006bb9   Thumb Code   374  os_tick.o(.text)
    OS_TickTask                              0x08006d2f   Thumb Code    38  os_tick.o(.text)
    OS_TickListInit                          0x08006d55   Thumb Code    32  os_tick.o(.text)
    OS_TickTaskInit                          0x08006d75   Thumb Code   130  os_tick.o(.text)
    OS_TickListInsert                        0x08006df7   Thumb Code   430  os_tick.o(.text)
    OS_TickListResetPeak                     0x08006fa5   Thumb Code    92  os_tick.o(.text)
    OSTimeDly                                0x08007001   Thumb Code   166  os_time.o(.text)
    OSTimeDlyHMSM                            0x080070a7   Thumb Code   260  os_time.o(.text)
    OSTimeGet                                0x080071ab   Thumb Code    46  os_time.o(.text)
    OSTimeSet                                0x080071d9   Thumb Code    46  os_time.o(.text)
    OSTimeTick                               0x08007207   Thumb Code    68  os_time.o(.text)
    OS_TmrDbgListAdd                         0x08007275   Thumb Code    34  os_tmr.o(.text)
    OSTmrCreate                              0x08007297   Thumb Code   116  os_tmr.o(.text)
    OSTmrRemainGet                           0x0800730b   Thumb Code   136  os_tmr.o(.text)
    OS_TmrLink                               0x08007393   Thumb Code   196  os_tmr.o(.text)
    OS_TmrUnlink                             0x08007457   Thumb Code    72  os_tmr.o(.text)
    OSTmrStart                               0x0800749f   Thumb Code   116  os_tmr.o(.text)
    OSTmrStateGet                            0x08007513   Thumb Code    86  os_tmr.o(.text)
    OSTmrStop                                0x08007569   Thumb Code   184  os_tmr.o(.text)
    OS_TmrClr                                0x08007621   Thumb Code    36  os_tmr.o(.text)
    OS_TmrDbgListRemove                      0x08007645   Thumb Code    82  os_tmr.o(.text)
    OS_TmrTask                               0x08007697   Thumb Code   168  os_tmr.o(.text)
    OS_TmrInit                               0x0800773f   Thumb Code   208  os_tmr.o(.text)
    OS_TmrResetPeak                          0x0800780f   Thumb Code    28  os_tmr.o(.text)
    NVIC_PriorityGroupConfig                 0x08007881   Thumb Code    10  misc.o(.text)
    NVIC_Init                                0x0800788b   Thumb Code   108  misc.o(.text)
    NVIC_SetVectorTable                      0x080078f7   Thumb Code    14  misc.o(.text)
    NVIC_SystemLPConfig                      0x08007905   Thumb Code    34  misc.o(.text)
    SysTick_CLKSourceConfig                  0x08007927   Thumb Code    40  misc.o(.text)
    ADC_DeInit                               0x08007965   Thumb Code    28  stm32l1xx_adc.o(.text)
    ADC_Init                                 0x08007981   Thumb Code    74  stm32l1xx_adc.o(.text)
    ADC_StructInit                           0x080079cb   Thumb Code    26  stm32l1xx_adc.o(.text)
    ADC_CommonInit                           0x080079e5   Thumb Code    22  stm32l1xx_adc.o(.text)
    ADC_CommonStructInit                     0x080079fb   Thumb Code     6  stm32l1xx_adc.o(.text)
    ADC_Cmd                                  0x08007a01   Thumb Code    22  stm32l1xx_adc.o(.text)
    ADC_BankSelection                        0x08007a17   Thumb Code    22  stm32l1xx_adc.o(.text)
    ADC_PowerDownCmd                         0x08007a2d   Thumb Code    18  stm32l1xx_adc.o(.text)
    ADC_DelaySelectionConfig                 0x08007a3f   Thumb Code    16  stm32l1xx_adc.o(.text)
    ADC_AnalogWatchdogCmd                    0x08007a4f   Thumb Code    16  stm32l1xx_adc.o(.text)
    ADC_AnalogWatchdogThresholdsConfig       0x08007a5f   Thumb Code     6  stm32l1xx_adc.o(.text)
    ADC_AnalogWatchdogSingleChannelConfig    0x08007a65   Thumb Code    16  stm32l1xx_adc.o(.text)
    ADC_TempSensorVrefintCmd                 0x08007a75   Thumb Code    30  stm32l1xx_adc.o(.text)
    ADC_RegularChannelConfig                 0x08007a93   Thumb Code   344  stm32l1xx_adc.o(.text)
    ADC_SoftwareStartConv                    0x08007beb   Thumb Code    10  stm32l1xx_adc.o(.text)
    ADC_GetSoftwareStartConvStatus           0x08007bf5   Thumb Code    20  stm32l1xx_adc.o(.text)
    ADC_EOCOnEachRegularChannelCmd           0x08007c09   Thumb Code    22  stm32l1xx_adc.o(.text)
    ADC_ContinuousModeCmd                    0x08007c1f   Thumb Code    22  stm32l1xx_adc.o(.text)
    ADC_DiscModeChannelCountConfig           0x08007c35   Thumb Code    24  stm32l1xx_adc.o(.text)
    ADC_DiscModeCmd                          0x08007c4d   Thumb Code    22  stm32l1xx_adc.o(.text)
    ADC_GetConversionValue                   0x08007c63   Thumb Code     8  stm32l1xx_adc.o(.text)
    ADC_DMACmd                               0x08007c6b   Thumb Code    22  stm32l1xx_adc.o(.text)
    ADC_DMARequestAfterLastTransferCmd       0x08007c81   Thumb Code    22  stm32l1xx_adc.o(.text)
    ADC_InjectedChannelConfig                0x08007c97   Thumb Code   232  stm32l1xx_adc.o(.text)
    ADC_InjectedSequencerLengthConfig        0x08007d7f   Thumb Code    24  stm32l1xx_adc.o(.text)
    ADC_SetInjectedOffset                    0x08007d97   Thumb Code    20  stm32l1xx_adc.o(.text)
    ADC_ExternalTrigInjectedConvConfig       0x08007dab   Thumb Code    16  stm32l1xx_adc.o(.text)
    ADC_ExternalTrigInjectedConvEdgeConfig   0x08007dbb   Thumb Code    16  stm32l1xx_adc.o(.text)
    ADC_SoftwareStartInjectedConv            0x08007dcb   Thumb Code    10  stm32l1xx_adc.o(.text)
    ADC_GetSoftwareStartInjectedConvCmdStatus 0x08007dd5   Thumb Code    20  stm32l1xx_adc.o(.text)
    ADC_AutoInjectedConvCmd                  0x08007de9   Thumb Code    22  stm32l1xx_adc.o(.text)
    ADC_InjectedDiscModeCmd                  0x08007dff   Thumb Code    22  stm32l1xx_adc.o(.text)
    ADC_GetInjectedConversionValue           0x08007e15   Thumb Code    28  stm32l1xx_adc.o(.text)
    ADC_ITConfig                             0x08007e31   Thumb Code    32  stm32l1xx_adc.o(.text)
    ADC_GetFlagStatus                        0x08007e51   Thumb Code    18  stm32l1xx_adc.o(.text)
    ADC_ClearFlag                            0x08007e63   Thumb Code     6  stm32l1xx_adc.o(.text)
    ADC_GetITStatus                          0x08007e69   Thumb Code    38  stm32l1xx_adc.o(.text)
    ADC_ClearITPendingBit                    0x08007e8f   Thumb Code    10  stm32l1xx_adc.o(.text)
    EXTI_DeInit                              0x08007e99   Thumb Code    30  stm32l1xx_exti.o(.text)
    EXTI_Init                                0x08007eb7   Thumb Code   142  stm32l1xx_exti.o(.text)
    EXTI_StructInit                          0x08007f45   Thumb Code    16  stm32l1xx_exti.o(.text)
    EXTI_GenerateSWInterrupt                 0x08007f55   Thumb Code    16  stm32l1xx_exti.o(.text)
    EXTI_GetFlagStatus                       0x08007f65   Thumb Code    22  stm32l1xx_exti.o(.text)
    EXTI_ClearFlag                           0x08007f7b   Thumb Code     8  stm32l1xx_exti.o(.text)
    EXTI_GetITStatus                         0x08007f83   Thumb Code    34  stm32l1xx_exti.o(.text)
    EXTI_ClearITPendingBit                   0x08007fa5   Thumb Code     8  stm32l1xx_exti.o(.text)
    GPIO_DeInit                              0x08007fb1   Thumb Code   196  stm32l1xx_gpio.o(.text)
    GPIO_Init                                0x08008075   Thumb Code   144  stm32l1xx_gpio.o(.text)
    GPIO_StructInit                          0x08008105   Thumb Code    18  stm32l1xx_gpio.o(.text)
    GPIO_PinLockConfig                       0x08008117   Thumb Code    34  stm32l1xx_gpio.o(.text)
    GPIO_ReadInputDataBit                    0x08008139   Thumb Code    18  stm32l1xx_gpio.o(.text)
    GPIO_ReadInputData                       0x0800814b   Thumb Code     6  stm32l1xx_gpio.o(.text)
    GPIO_ReadOutputDataBit                   0x08008151   Thumb Code    18  stm32l1xx_gpio.o(.text)
    GPIO_ReadOutputData                      0x08008163   Thumb Code     6  stm32l1xx_gpio.o(.text)
    GPIO_SetBits                             0x08008169   Thumb Code     4  stm32l1xx_gpio.o(.text)
    GPIO_ResetBits                           0x0800816d   Thumb Code     4  stm32l1xx_gpio.o(.text)
    GPIO_WriteBit                            0x08008171   Thumb Code    10  stm32l1xx_gpio.o(.text)
    GPIO_Write                               0x0800817b   Thumb Code     4  stm32l1xx_gpio.o(.text)
    GPIO_ToggleBits                          0x0800817f   Thumb Code     8  stm32l1xx_gpio.o(.text)
    GPIO_PinAFConfig                         0x08008187   Thumb Code    70  stm32l1xx_gpio.o(.text)
    PWR_DeInit                               0x080081ed   Thumb Code    22  stm32l1xx_pwr.o(.text)
    PWR_RTCAccessCmd                         0x08008203   Thumb Code     6  stm32l1xx_pwr.o(.text)
    PWR_PVDLevelConfig                       0x08008209   Thumb Code    18  stm32l1xx_pwr.o(.text)
    PWR_PVDCmd                               0x0800821b   Thumb Code     6  stm32l1xx_pwr.o(.text)
    PWR_WakeUpPinCmd                         0x08008221   Thumb Code    20  stm32l1xx_pwr.o(.text)
    PWR_FastWakeUpCmd                        0x08008235   Thumb Code     6  stm32l1xx_pwr.o(.text)
    PWR_UltraLowPowerCmd                     0x0800823b   Thumb Code     6  stm32l1xx_pwr.o(.text)
    PWR_VoltageScalingConfig                 0x08008241   Thumb Code    24  stm32l1xx_pwr.o(.text)
    PWR_EnterLowPowerRunMode                 0x08008259   Thumb Code    50  stm32l1xx_pwr.o(.text)
    PWR_EnterSleepMode                       0x0800828b   Thumb Code    42  stm32l1xx_pwr.o(.text)
    PWR_EnterSTOPMode                        0x080082b5   Thumb Code    54  stm32l1xx_pwr.o(.text)
    PWR_EnterSTANDBYMode                     0x080082eb   Thumb Code    42  stm32l1xx_pwr.o(.text)
    PWR_GetFlagStatus                        0x08008315   Thumb Code    20  stm32l1xx_pwr.o(.text)
    PWR_ClearFlag                            0x08008329   Thumb Code    14  stm32l1xx_pwr.o(.text)
    RCC_DeInit                               0x08008345   Thumb Code    74  stm32l1xx_rcc.o(.text)
    RCC_HSEConfig                            0x0800838f   Thumb Code    14  stm32l1xx_rcc.o(.text)
    RCC_GetFlagStatus                        0x0800839d   Thumb Code    48  stm32l1xx_rcc.o(.text)
    RCC_WaitForHSEStartUp                    0x080083cd   Thumb Code    56  stm32l1xx_rcc.o(.text)
    RCC_AdjustMSICalibrationValue            0x08008405   Thumb Code     8  stm32l1xx_rcc.o(.text)
    RCC_MSIRangeConfig                       0x0800840d   Thumb Code    20  stm32l1xx_rcc.o(.text)
    RCC_MSICmd                               0x08008421   Thumb Code     6  stm32l1xx_rcc.o(.text)
    RCC_AdjustHSICalibrationValue            0x08008427   Thumb Code    22  stm32l1xx_rcc.o(.text)
    RCC_HSICmd                               0x0800843d   Thumb Code     6  stm32l1xx_rcc.o(.text)
    RCC_LSEConfig                            0x08008443   Thumb Code    14  stm32l1xx_rcc.o(.text)
    RCC_LSICmd                               0x08008451   Thumb Code     6  stm32l1xx_rcc.o(.text)
    RCC_PLLConfig                            0x08008457   Thumb Code    16  stm32l1xx_rcc.o(.text)
    RCC_PLLCmd                               0x08008467   Thumb Code     6  stm32l1xx_rcc.o(.text)
    RCC_ClockSecuritySystemCmd               0x0800846d   Thumb Code     6  stm32l1xx_rcc.o(.text)
    RCC_LSEClockSecuritySystemCmd            0x08008473   Thumb Code     8  stm32l1xx_rcc.o(.text)
    RCC_MCOConfig                            0x0800847b   Thumb Code    12  stm32l1xx_rcc.o(.text)
    RCC_SYSCLKConfig                         0x08008487   Thumb Code    20  stm32l1xx_rcc.o(.text)
    RCC_GetSYSCLKSource                      0x0800849b   Thumb Code    12  stm32l1xx_rcc.o(.text)
    RCC_HCLKConfig                           0x080084a7   Thumb Code    20  stm32l1xx_rcc.o(.text)
    RCC_PCLK1Config                          0x080084bb   Thumb Code    20  stm32l1xx_rcc.o(.text)
    RCC_PCLK2Config                          0x080084cf   Thumb Code    22  stm32l1xx_rcc.o(.text)
    RCC_GetClocksFreq                        0x080084e5   Thumb Code   248  stm32l1xx_rcc.o(.text)
    RCC_RTCCLKConfig                         0x080085dd   Thumb Code    64  stm32l1xx_rcc.o(.text)
    RCC_RTCCLKCmd                            0x0800861d   Thumb Code     8  stm32l1xx_rcc.o(.text)
    RCC_RTCResetCmd                          0x08008625   Thumb Code     8  stm32l1xx_rcc.o(.text)
    RCC_AHBPeriphClockCmd                    0x0800862d   Thumb Code    34  stm32l1xx_rcc.o(.text)
    RCC_APB2PeriphClockCmd                   0x0800864f   Thumb Code    34  stm32l1xx_rcc.o(.text)
    RCC_APB1PeriphClockCmd                   0x08008671   Thumb Code    34  stm32l1xx_rcc.o(.text)
    RCC_AHBPeriphResetCmd                    0x08008693   Thumb Code    34  stm32l1xx_rcc.o(.text)
    RCC_APB2PeriphResetCmd                   0x080086b5   Thumb Code    34  stm32l1xx_rcc.o(.text)
    RCC_APB1PeriphResetCmd                   0x080086d7   Thumb Code    34  stm32l1xx_rcc.o(.text)
    RCC_AHBPeriphClockLPModeCmd              0x080086f9   Thumb Code    34  stm32l1xx_rcc.o(.text)
    RCC_APB2PeriphClockLPModeCmd             0x0800871b   Thumb Code    66  stm32l1xx_rcc.o(.text)
    RCC_APB1PeriphClockLPModeCmd             0x0800875d   Thumb Code    34  stm32l1xx_rcc.o(.text)
    RCC_ITConfig                             0x0800877f   Thumb Code    34  stm32l1xx_rcc.o(.text)
    RCC_ClearFlag                            0x080087a1   Thumb Code    18  stm32l1xx_rcc.o(.text)
    RCC_GetITStatus                          0x080087b3   Thumb Code    22  stm32l1xx_rcc.o(.text)
    RCC_ClearITPendingBit                    0x080087c9   Thumb Code     8  stm32l1xx_rcc.o(.text)
    RTC_WaitForSynchro                       0x080087d5   Thumb Code    92  stm32l1xx_rtc.o(.text)
    RTC_EnterInitMode                        0x08008831   Thumb Code    84  stm32l1xx_rtc.o(.text)
    RTC_DeInit                               0x08008885   Thumb Code   204  stm32l1xx_rtc.o(.text)
    RTC_ExitInitMode                         0x08008951   Thumb Code    18  stm32l1xx_rtc.o(.text)
    RTC_Init                                 0x08008963   Thumb Code    94  stm32l1xx_rtc.o(.text)
    RTC_StructInit                           0x080089c1   Thumb Code    14  stm32l1xx_rtc.o(.text)
    RTC_WriteProtectionCmd                   0x080089cf   Thumb Code    22  stm32l1xx_rtc.o(.text)
    RTC_RefClockCmd                          0x080089e5   Thumb Code    76  stm32l1xx_rtc.o(.text)
    RTC_BypassShadowCmd                      0x08008a31   Thumb Code    54  stm32l1xx_rtc.o(.text)
    RTC_SetTime                              0x08008a99   Thumb Code   200  stm32l1xx_rtc.o(.text)
    RTC_TimeStructInit                       0x08008b61   Thumb Code    12  stm32l1xx_rtc.o(.text)
    RTC_GetTime                              0x08008b6d   Thumb Code    74  stm32l1xx_rtc.o(.text)
    RTC_GetSubSecond                         0x08008bb7   Thumb Code    30  stm32l1xx_rtc.o(.text)
    RTC_SetDate                              0x08008bd5   Thumb Code   190  stm32l1xx_rtc.o(.text)
    RTC_DateStructInit                       0x08008c93   Thumb Code    14  stm32l1xx_rtc.o(.text)
    RTC_GetDate                              0x08008ca1   Thumb Code    70  stm32l1xx_rtc.o(.text)
    RTC_SetAlarm                             0x08008ce7   Thumb Code   230  stm32l1xx_rtc.o(.text)
    RTC_AlarmStructInit                      0x08008dcd   Thumb Code    22  stm32l1xx_rtc.o(.text)
    RTC_GetAlarm                             0x08008de3   Thumb Code   114  stm32l1xx_rtc.o(.text)
    RTC_AlarmCmd                             0x08008e55   Thumb Code   112  stm32l1xx_rtc.o(.text)
    RTC_AlarmSubSecondConfig                 0x08008ec5   Thumb Code    46  stm32l1xx_rtc.o(.text)
    RTC_GetAlarmSubSecond                    0x08008ef3   Thumb Code    34  stm32l1xx_rtc.o(.text)
    RTC_WakeUpClockConfig                    0x08008f15   Thumb Code    42  stm32l1xx_rtc.o(.text)
    RTC_SetWakeUpCounter                     0x08008f3f   Thumb Code    22  stm32l1xx_rtc.o(.text)
    RTC_GetWakeUpCounter                     0x08008f55   Thumb Code    10  stm32l1xx_rtc.o(.text)
    RTC_WakeUpCmd                            0x08008f5f   Thumb Code   116  stm32l1xx_rtc.o(.text)
    RTC_DayLightSavingConfig                 0x08008fd3   Thumb Code    50  stm32l1xx_rtc.o(.text)
    RTC_GetStoreOperation                    0x08009005   Thumb Code    12  stm32l1xx_rtc.o(.text)
    RTC_OutputConfig                         0x08009011   Thumb Code    60  stm32l1xx_rtc.o(.text)
    RTC_CoarseCalibConfig                    0x0800904d   Thumb Code    52  stm32l1xx_rtc.o(.text)
    RTC_CoarseCalibCmd                       0x08009081   Thumb Code    76  stm32l1xx_rtc.o(.text)
    RTC_CalibOutputCmd                       0x080090cd   Thumb Code    54  stm32l1xx_rtc.o(.text)
    RTC_CalibOutputConfig                    0x08009103   Thumb Code    42  stm32l1xx_rtc.o(.text)
    RTC_SmoothCalibConfig                    0x0800912d   Thumb Code    90  stm32l1xx_rtc.o(.text)
    RTC_TimeStampCmd                         0x08009187   Thumb Code    54  stm32l1xx_rtc.o(.text)
    RTC_GetTimeStamp                         0x080091bd   Thumb Code   144  stm32l1xx_rtc.o(.text)
    RTC_GetTimeStampSubSecond                0x0800924d   Thumb Code     8  stm32l1xx_rtc.o(.text)
    RTC_TamperTriggerConfig                  0x08009255   Thumb Code    38  stm32l1xx_rtc.o(.text)
    RTC_TamperCmd                            0x0800927b   Thumb Code    34  stm32l1xx_rtc.o(.text)
    RTC_TamperFilterConfig                   0x0800929d   Thumb Code    26  stm32l1xx_rtc.o(.text)
    RTC_TamperSamplingFreqConfig             0x080092b7   Thumb Code    26  stm32l1xx_rtc.o(.text)
    RTC_TamperPinsPrechargeDuration          0x080092d1   Thumb Code    26  stm32l1xx_rtc.o(.text)
    RTC_TimeStampOnTamperDetectionCmd        0x080092eb   Thumb Code    38  stm32l1xx_rtc.o(.text)
    RTC_TamperPullUpCmd                      0x08009311   Thumb Code    38  stm32l1xx_rtc.o(.text)
    RTC_WriteBackupRegister                  0x08009337   Thumb Code    26  stm32l1xx_rtc.o(.text)
    RTC_ReadBackupRegister                   0x08009351   Thumb Code    28  stm32l1xx_rtc.o(.text)
    RTC_OutputTypeConfig                     0x0800936d   Thumb Code    26  stm32l1xx_rtc.o(.text)
    RTC_SynchroShiftConfig                   0x08009387   Thumb Code   118  stm32l1xx_rtc.o(.text)
    RTC_ITConfig                             0x080093fd   Thumb Code   108  stm32l1xx_rtc.o(.text)
    RTC_GetFlagStatus                        0x08009469   Thumb Code    32  stm32l1xx_rtc.o(.text)
    RTC_ClearFlag                            0x08009489   Thumb Code    30  stm32l1xx_rtc.o(.text)
    RTC_GetITStatus                          0x080094a7   Thumb Code    68  stm32l1xx_rtc.o(.text)
    RTC_ClearITPendingBit                    0x080094eb   Thumb Code    32  stm32l1xx_rtc.o(.text)
    SPI_I2S_DeInit                           0x08009515   Thumb Code    76  stm32l1xx_spi.o(.text)
    SPI_Init                                 0x08009561   Thumb Code    60  stm32l1xx_spi.o(.text)
    I2S_Init                                 0x0800959d   Thumb Code   212  stm32l1xx_spi.o(.text)
    SPI_StructInit                           0x08009671   Thumb Code    24  stm32l1xx_spi.o(.text)
    I2S_StructInit                           0x08009689   Thumb Code    20  stm32l1xx_spi.o(.text)
    SPI_Cmd                                  0x0800969d   Thumb Code    24  stm32l1xx_spi.o(.text)
    I2S_Cmd                                  0x080096b5   Thumb Code    24  stm32l1xx_spi.o(.text)
    SPI_DataSizeConfig                       0x080096cd   Thumb Code    18  stm32l1xx_spi.o(.text)
    SPI_BiDirectionalLineConfig              0x080096df   Thumb Code    28  stm32l1xx_spi.o(.text)
    SPI_NSSInternalSoftwareConfig            0x080096fb   Thumb Code    30  stm32l1xx_spi.o(.text)
    SPI_SSOutputCmd                          0x08009719   Thumb Code    24  stm32l1xx_spi.o(.text)
    SPI_I2S_ReceiveData                      0x08009731   Thumb Code     6  stm32l1xx_spi.o(.text)
    SPI_I2S_SendData                         0x08009737   Thumb Code     4  stm32l1xx_spi.o(.text)
    SPI_CalculateCRC                         0x0800973b   Thumb Code    24  stm32l1xx_spi.o(.text)
    SPI_TransmitCRC                          0x08009753   Thumb Code    10  stm32l1xx_spi.o(.text)
    SPI_GetCRC                               0x0800975d   Thumb Code    16  stm32l1xx_spi.o(.text)
    SPI_GetCRCPolynomial                     0x0800976d   Thumb Code     6  stm32l1xx_spi.o(.text)
    SPI_I2S_DMACmd                           0x08009773   Thumb Code    18  stm32l1xx_spi.o(.text)
    SPI_I2S_ITConfig                         0x08009785   Thumb Code    32  stm32l1xx_spi.o(.text)
    SPI_I2S_GetFlagStatus                    0x080097a5   Thumb Code    18  stm32l1xx_spi.o(.text)
    SPI_I2S_ClearFlag                        0x080097b7   Thumb Code     6  stm32l1xx_spi.o(.text)
    SPI_I2S_GetITStatus                      0x080097bd   Thumb Code    52  stm32l1xx_spi.o(.text)
    SPI_I2S_ClearITPendingBit                0x080097f1   Thumb Code    20  stm32l1xx_spi.o(.text)
    SYSCFG_DeInit                            0x08009811   Thumb Code    20  stm32l1xx_syscfg.o(.text)
    SYSCFG_RIDeInit                          0x08009825   Thumb Code    32  stm32l1xx_syscfg.o(.text)
    SYSCFG_MemoryRemapConfig                 0x08009845   Thumb Code     6  stm32l1xx_syscfg.o(.text)
    SYSCFG_GetBootMode                       0x0800984b   Thumb Code    10  stm32l1xx_syscfg.o(.text)
    SYSCFG_USBPuCmd                          0x08009855   Thumb Code    30  stm32l1xx_syscfg.o(.text)
    SYSCFG_EXTILineConfig                    0x08009873   Thumb Code    66  stm32l1xx_syscfg.o(.text)
    SYSCFG_RITIMSelect                       0x080098b5   Thumb Code    18  stm32l1xx_syscfg.o(.text)
    SYSCFG_RITIMInputCaptureConfig           0x080098c7   Thumb Code    86  stm32l1xx_syscfg.o(.text)
    SYSCFG_RIResistorConfig                  0x0800991d   Thumb Code    34  stm32l1xx_syscfg.o(.text)
    SYSCFG_RIChannelSpeedConfig              0x0800993f   Thumb Code    34  stm32l1xx_syscfg.o(.text)
    SYSCFG_RIIOSwitchConfig                  0x08009961   Thumb Code    80  stm32l1xx_syscfg.o(.text)
    SYSCFG_RISwitchControlModeCmd            0x080099b1   Thumb Code    38  stm32l1xx_syscfg.o(.text)
    SYSCFG_RIHysteresisConfig                0x080099d7   Thumb Code   282  stm32l1xx_syscfg.o(.text)
    TIM_DeInit                               0x08009af9   Thumb Code   220  stm32l1xx_tim.o(.text)
    TIM_TimeBaseInit                         0x08009bd5   Thumb Code    76  stm32l1xx_tim.o(.text)
    TIM_TimeBaseStructInit                   0x08009c21   Thumb Code    16  stm32l1xx_tim.o(.text)
    TIM_PrescalerConfig                      0x08009c31   Thumb Code     6  stm32l1xx_tim.o(.text)
    TIM_CounterModeConfig                    0x08009c37   Thumb Code    18  stm32l1xx_tim.o(.text)
    TIM_SetCounter                           0x08009c49   Thumb Code     4  stm32l1xx_tim.o(.text)
    TIM_SetAutoreload                        0x08009c4d   Thumb Code     4  stm32l1xx_tim.o(.text)
    TIM_GetCounter                           0x08009c51   Thumb Code     6  stm32l1xx_tim.o(.text)
    TIM_GetPrescaler                         0x08009c57   Thumb Code     6  stm32l1xx_tim.o(.text)
    TIM_UpdateDisableConfig                  0x08009c5d   Thumb Code    24  stm32l1xx_tim.o(.text)
    TIM_UpdateRequestConfig                  0x08009c75   Thumb Code    24  stm32l1xx_tim.o(.text)
    TIM_ARRPreloadConfig                     0x08009c8d   Thumb Code    24  stm32l1xx_tim.o(.text)
    TIM_SelectOnePulseMode                   0x08009ca5   Thumb Code    18  stm32l1xx_tim.o(.text)
    TIM_SetClockDivision                     0x08009cb7   Thumb Code    18  stm32l1xx_tim.o(.text)
    TIM_Cmd                                  0x08009cc9   Thumb Code    24  stm32l1xx_tim.o(.text)
    TIM_OC1Init                              0x08009ce1   Thumb Code    56  stm32l1xx_tim.o(.text)
    TIM_OC2Init                              0x08009d19   Thumb Code    70  stm32l1xx_tim.o(.text)
    TIM_OC3Init                              0x08009d5f   Thumb Code    66  stm32l1xx_tim.o(.text)
    TIM_OC4Init                              0x08009da1   Thumb Code    70  stm32l1xx_tim.o(.text)
    TIM_OCStructInit                         0x08009de7   Thumb Code    12  stm32l1xx_tim.o(.text)
    TIM_SelectOCxM                           0x08009df3   Thumb Code    82  stm32l1xx_tim.o(.text)
    TIM_SetCompare1                          0x08009e45   Thumb Code     4  stm32l1xx_tim.o(.text)
    TIM_SetCompare2                          0x08009e49   Thumb Code     4  stm32l1xx_tim.o(.text)
    TIM_SetCompare3                          0x08009e4d   Thumb Code     4  stm32l1xx_tim.o(.text)
    TIM_SetCompare4                          0x08009e51   Thumb Code     4  stm32l1xx_tim.o(.text)
    TIM_ForcedOC1Config                      0x08009e55   Thumb Code    18  stm32l1xx_tim.o(.text)
    TIM_ForcedOC2Config                      0x08009e67   Thumb Code    26  stm32l1xx_tim.o(.text)
    TIM_ForcedOC3Config                      0x08009e81   Thumb Code    18  stm32l1xx_tim.o(.text)
    TIM_ForcedOC4Config                      0x08009e93   Thumb Code    26  stm32l1xx_tim.o(.text)
    TIM_OC1PreloadConfig                     0x08009ead   Thumb Code    18  stm32l1xx_tim.o(.text)
    TIM_OC2PreloadConfig                     0x08009ebf   Thumb Code    26  stm32l1xx_tim.o(.text)
    TIM_OC3PreloadConfig                     0x08009ed9   Thumb Code    18  stm32l1xx_tim.o(.text)
    TIM_OC4PreloadConfig                     0x08009eeb   Thumb Code    58  stm32l1xx_tim.o(.text)
    TIM_OC1FastConfig                        0x08009f25   Thumb Code    18  stm32l1xx_tim.o(.text)
    TIM_OC2FastConfig                        0x08009f37   Thumb Code    26  stm32l1xx_tim.o(.text)
    TIM_OC3FastConfig                        0x08009f51   Thumb Code    18  stm32l1xx_tim.o(.text)
    TIM_OC4FastConfig                        0x08009f63   Thumb Code    26  stm32l1xx_tim.o(.text)
    TIM_ClearOC1Ref                          0x08009f7d   Thumb Code    18  stm32l1xx_tim.o(.text)
    TIM_ClearOC2Ref                          0x08009f8f   Thumb Code    24  stm32l1xx_tim.o(.text)
    TIM_ClearOC3Ref                          0x08009fa7   Thumb Code    18  stm32l1xx_tim.o(.text)
    TIM_ClearOC4Ref                          0x08009fb9   Thumb Code    24  stm32l1xx_tim.o(.text)
    TIM_OC1PolarityConfig                    0x08009fd1   Thumb Code    18  stm32l1xx_tim.o(.text)
    TIM_OC2PolarityConfig                    0x08009fe3   Thumb Code    26  stm32l1xx_tim.o(.text)
    TIM_OC3PolarityConfig                    0x08009ffd   Thumb Code    26  stm32l1xx_tim.o(.text)
    TIM_OC4PolarityConfig                    0x0800a017   Thumb Code    26  stm32l1xx_tim.o(.text)
    TIM_SelectOCREFClear                     0x0800a031   Thumb Code    18  stm32l1xx_tim.o(.text)
    TIM_CCxCmd                               0x0800a043   Thumb Code    30  stm32l1xx_tim.o(.text)
    TIM_SetIC4Prescaler                      0x0800a061   Thumb Code    26  stm32l1xx_tim.o(.text)
    TIM_SetIC3Prescaler                      0x0800a0cb   Thumb Code    18  stm32l1xx_tim.o(.text)
    TIM_SetIC2Prescaler                      0x0800a125   Thumb Code    26  stm32l1xx_tim.o(.text)
    TIM_SetIC1Prescaler                      0x0800a18f   Thumb Code    18  stm32l1xx_tim.o(.text)
    TIM_ICInit                               0x0800a1db   Thumb Code   110  stm32l1xx_tim.o(.text)
    TIM_ICStructInit                         0x0800a249   Thumb Code    18  stm32l1xx_tim.o(.text)
    TIM_PWMIConfig                           0x0800a25b   Thumb Code   124  stm32l1xx_tim.o(.text)
    TIM_GetCapture1                          0x0800a2d7   Thumb Code     6  stm32l1xx_tim.o(.text)
    TIM_GetCapture2                          0x0800a2dd   Thumb Code     6  stm32l1xx_tim.o(.text)
    TIM_GetCapture3                          0x0800a2e3   Thumb Code     6  stm32l1xx_tim.o(.text)
    TIM_GetCapture4                          0x0800a2e9   Thumb Code     6  stm32l1xx_tim.o(.text)
    TIM_ITConfig                             0x0800a2ef   Thumb Code    18  stm32l1xx_tim.o(.text)
    TIM_GenerateEvent                        0x0800a301   Thumb Code     4  stm32l1xx_tim.o(.text)
    TIM_GetFlagStatus                        0x0800a305   Thumb Code    18  stm32l1xx_tim.o(.text)
    TIM_ClearFlag                            0x0800a317   Thumb Code     6  stm32l1xx_tim.o(.text)
    TIM_GetITStatus                          0x0800a31d   Thumb Code    34  stm32l1xx_tim.o(.text)
    TIM_ClearITPendingBit                    0x0800a33f   Thumb Code     6  stm32l1xx_tim.o(.text)
    TIM_DMAConfig                            0x0800a345   Thumb Code    10  stm32l1xx_tim.o(.text)
    TIM_DMACmd                               0x0800a34f   Thumb Code    18  stm32l1xx_tim.o(.text)
    TIM_SelectCCDMA                          0x0800a361   Thumb Code    24  stm32l1xx_tim.o(.text)
    TIM_InternalClockConfig                  0x0800a379   Thumb Code    12  stm32l1xx_tim.o(.text)
    TIM_SelectInputTrigger                   0x0800a385   Thumb Code    18  stm32l1xx_tim.o(.text)
    TIM_ITRxExternalClockConfig              0x0800a397   Thumb Code    24  stm32l1xx_tim.o(.text)
    TIM_TIxExternalClockConfig               0x0800a3af   Thumb Code    62  stm32l1xx_tim.o(.text)
    TIM_ETRConfig                            0x0800a3ed   Thumb Code    28  stm32l1xx_tim.o(.text)
    TIM_ETRClockMode1Config                  0x0800a409   Thumb Code    54  stm32l1xx_tim.o(.text)
    TIM_ETRClockMode2Config                  0x0800a43f   Thumb Code    32  stm32l1xx_tim.o(.text)
    TIM_SelectOutputTrigger                  0x0800a45f   Thumb Code    18  stm32l1xx_tim.o(.text)
    TIM_SelectSlaveMode                      0x0800a471   Thumb Code    18  stm32l1xx_tim.o(.text)
    TIM_SelectMasterSlaveMode                0x0800a483   Thumb Code    18  stm32l1xx_tim.o(.text)
    TIM_EncoderInterfaceConfig               0x0800a495   Thumb Code    66  stm32l1xx_tim.o(.text)
    TIM_SelectHallSensor                     0x0800a4d7   Thumb Code    24  stm32l1xx_tim.o(.text)
    TIM_RemapConfig                          0x0800a4ef   Thumb Code    22  stm32l1xx_tim.o(.text)
    USART_DeInit                             0x0800a505   Thumb Code   134  stm32l1xx_usart.o(.text)
    USART_Init                               0x0800a58b   Thumb Code   198  stm32l1xx_usart.o(.text)
    USART_StructInit                         0x0800a651   Thumb Code    24  stm32l1xx_usart.o(.text)
    USART_ClockInit                          0x0800a669   Thumb Code    32  stm32l1xx_usart.o(.text)
    USART_ClockStructInit                    0x0800a689   Thumb Code    12  stm32l1xx_usart.o(.text)
    USART_Cmd                                0x0800a695   Thumb Code    24  stm32l1xx_usart.o(.text)
    USART_SetPrescaler                       0x0800a6ad   Thumb Code    16  stm32l1xx_usart.o(.text)
    USART_OverSampling8Cmd                   0x0800a6bd   Thumb Code    22  stm32l1xx_usart.o(.text)
    USART_OneBitMethodCmd                    0x0800a6d3   Thumb Code    24  stm32l1xx_usart.o(.text)
    USART_SendData                           0x0800a6eb   Thumb Code     8  stm32l1xx_usart.o(.text)
    USART_ReceiveData                        0x0800a6f3   Thumb Code    10  stm32l1xx_usart.o(.text)
    USART_SetAddress                         0x0800a6fd   Thumb Code    18  stm32l1xx_usart.o(.text)
    USART_ReceiverWakeUpCmd                  0x0800a70f   Thumb Code    24  stm32l1xx_usart.o(.text)
    USART_WakeUpConfig                       0x0800a727   Thumb Code    18  stm32l1xx_usart.o(.text)
    USART_LINBreakDetectLengthConfig         0x0800a739   Thumb Code    18  stm32l1xx_usart.o(.text)
    USART_LINCmd                             0x0800a74b   Thumb Code    24  stm32l1xx_usart.o(.text)
    USART_SendBreak                          0x0800a763   Thumb Code    10  stm32l1xx_usart.o(.text)
    USART_HalfDuplexCmd                      0x0800a76d   Thumb Code    24  stm32l1xx_usart.o(.text)
    USART_SetGuardTime                       0x0800a785   Thumb Code    16  stm32l1xx_usart.o(.text)
    USART_SmartCardCmd                       0x0800a795   Thumb Code    24  stm32l1xx_usart.o(.text)
    USART_SmartCardNACKCmd                   0x0800a7ad   Thumb Code    24  stm32l1xx_usart.o(.text)
    USART_IrDAConfig                         0x0800a7c5   Thumb Code    18  stm32l1xx_usart.o(.text)
    USART_IrDACmd                            0x0800a7d7   Thumb Code    24  stm32l1xx_usart.o(.text)
    USART_DMACmd                             0x0800a7ef   Thumb Code    18  stm32l1xx_usart.o(.text)
    USART_ITConfig                           0x0800a801   Thumb Code    74  stm32l1xx_usart.o(.text)
    USART_GetFlagStatus                      0x0800a84b   Thumb Code    26  stm32l1xx_usart.o(.text)
    USART_ClearFlag                          0x0800a865   Thumb Code    18  stm32l1xx_usart.o(.text)
    USART_GetITStatus                        0x0800a877   Thumb Code    84  stm32l1xx_usart.o(.text)
    USART_ClearITPendingBit                  0x0800a8cb   Thumb Code    50  stm32l1xx_usart.o(.text)
    strlen                                   0x0800a8fd   Thumb Code    62  strlen.o(.text)
    strcat                                   0x0800a93b   Thumb Code    24  strcat.o(.text)
    __aeabi_memcpy4                          0x0800a953   Thumb Code     0  rt_memcpy_w.o(.text)
    __aeabi_memcpy8                          0x0800a953   Thumb Code     0  rt_memcpy_w.o(.text)
    __rt_memcpy_w                            0x0800a953   Thumb Code   100  rt_memcpy_w.o(.text)
    _memcpy_lastbytes_aligned                0x0800a99b   Thumb Code     0  rt_memcpy_w.o(.text)
    __aeabi_memclr4                          0x0800a9b7   Thumb Code     0  rt_memclr_w.o(.text)
    __aeabi_memclr8                          0x0800a9b7   Thumb Code     0  rt_memclr_w.o(.text)
    __rt_memclr_w                            0x0800a9b7   Thumb Code    78  rt_memclr_w.o(.text)
    _memset_w                                0x0800a9bb   Thumb Code     0  rt_memclr_w.o(.text)
    __use_two_region_memory                  0x0800aa05   Thumb Code     2  heapauxi.o(.text)
    __rt_heap_escrow$2region                 0x0800aa07   Thumb Code     2  heapauxi.o(.text)
    __rt_heap_expand$2region                 0x0800aa09   Thumb Code     2  heapauxi.o(.text)
    __user_setup_stackheap                   0x0800aa0b   Thumb Code    74  sys_stackheap_outer.o(.text)
    exit                                     0x0800aa55   Thumb Code    12  exit.o(.text)
    __user_libspace                          0x0800aa61   Thumb Code     8  libspace.o(.text)
    __user_perproc_libspace                  0x0800aa61   Thumb Code     0  libspace.o(.text)
    __user_perthread_libspace                0x0800aa61   Thumb Code     0  libspace.o(.text)
    _sys_exit                                0x0800aa69   Thumb Code     8  sys_exit.o(.text)
    __I$use$semihosting                      0x0800aa75   Thumb Code     0  use_no_semi.o(.text)
    __use_no_semihosting_swi                 0x0800aa75   Thumb Code     2  use_no_semi.o(.text)
    __semihosting_library_function           0x0800aa77   Thumb Code     0  indicate_semi.o(.text)
    OSStartHighRdy                           0x0800aa79   Thumb Code     0  os_cpu_a.o(CODE)
    OS_CPU_PendSVHandler                     0x0800aa9b   Thumb Code     0  os_cpu_a.o(CODE)
    __aeabi_dadd                             0x0800aafd   Thumb Code     0  daddsub_clz.o(x$fpl$dadd)
    _dadd                                    0x0800aafd   Thumb Code   332  daddsub_clz.o(x$fpl$dadd)
    __fpl_dcmp_Inf                           0x0800ac4d   Thumb Code    24  dcmpi.o(x$fpl$dcmpinf)
    __aeabi_d2uiz                            0x0800ac65   Thumb Code     0  dfixu.o(x$fpl$dfixu)
    _dfixu                                   0x0800ac65   Thumb Code    90  dfixu.o(x$fpl$dfixu)
    __aeabi_ui2d                             0x0800acbf   Thumb Code     0  dflt_clz.o(x$fpl$dfltu)
    _dfltu                                   0x0800acbf   Thumb Code    38  dflt_clz.o(x$fpl$dfltu)
    __aeabi_cdcmple                          0x0800ace5   Thumb Code     0  dleqf.o(x$fpl$dleqf)
    _dcmple                                  0x0800ace5   Thumb Code   120  dleqf.o(x$fpl$dleqf)
    __fpl_dcmple_InfNaN                      0x0800ad47   Thumb Code     0  dleqf.o(x$fpl$dleqf)
    __aeabi_dmul                             0x0800ad5d   Thumb Code     0  dmul.o(x$fpl$dmul)
    _dmul                                    0x0800ad5d   Thumb Code   332  dmul.o(x$fpl$dmul)
    __fpl_dnaninf                            0x0800aeb1   Thumb Code   156  dnaninf.o(x$fpl$dnaninf)
    __fpl_dretinf                            0x0800af4d   Thumb Code    12  dretinf.o(x$fpl$dretinf)
    __aeabi_dsub                             0x0800af59   Thumb Code     0  daddsub_clz.o(x$fpl$dsub)
    _dsub                                    0x0800af59   Thumb Code   464  daddsub_clz.o(x$fpl$dsub)
    __aeabi_f2d                              0x0800b12d   Thumb Code     0  f2d.o(x$fpl$f2d)
    _f2d                                     0x0800b12d   Thumb Code    86  f2d.o(x$fpl$f2d)
    __aeabi_fadd                             0x0800b185   Thumb Code     0  faddsub_clz.o(x$fpl$fadd)
    _fadd                                    0x0800b185   Thumb Code   196  faddsub_clz.o(x$fpl$fadd)
    __aeabi_fdiv                             0x0800b249   Thumb Code     0  fdiv.o(x$fpl$fdiv)
    _fdiv                                    0x0800b249   Thumb Code   384  fdiv.o(x$fpl$fdiv)
    __aeabi_f2uiz                            0x0800b3cd   Thumb Code     0  ffixu.o(x$fpl$ffixu)
    _ffixu                                   0x0800b3cd   Thumb Code    62  ffixu.o(x$fpl$ffixu)
    __aeabi_i2f                              0x0800b40d   Thumb Code     0  fflt_clz.o(x$fpl$fflt)
    _fflt                                    0x0800b40d   Thumb Code    48  fflt_clz.o(x$fpl$fflt)
    __aeabi_ui2f                             0x0800b43d   Thumb Code     0  fflt_clz.o(x$fpl$ffltu)
    _ffltu                                   0x0800b43d   Thumb Code    38  fflt_clz.o(x$fpl$ffltu)
    __aeabi_fmul                             0x0800b465   Thumb Code     0  fmul.o(x$fpl$fmul)
    _fmul                                    0x0800b465   Thumb Code   258  fmul.o(x$fpl$fmul)
    __fpl_fnaninf                            0x0800b567   Thumb Code   140  fnaninf.o(x$fpl$fnaninf)
    __fpl_fretinf                            0x0800b5f3   Thumb Code    10  fretinf.o(x$fpl$fretinf)
    __aeabi_fsub                             0x0800b5fd   Thumb Code     0  faddsub_clz.o(x$fpl$fsub)
    _fsub                                    0x0800b5fd   Thumb Code   234  faddsub_clz.o(x$fpl$fsub)
    __I$use$fp                               0x0800b6e6   Number         0  usenofp.o(x$fpl$usenofp)
    OSCfg_IdleTaskStkBasePtr                 0x0800b87c   Data           4  os_cfg_app.o(.constdata)
    OSCfg_IdleTaskStkLimit                   0x0800b880   Data           4  os_cfg_app.o(.constdata)
    OSCfg_IdleTaskStkSize                    0x0800b884   Data           4  os_cfg_app.o(.constdata)
    OSCfg_IdleTaskStkSizeRAM                 0x0800b888   Data           4  os_cfg_app.o(.constdata)
    OSCfg_IntQBasePtr                        0x0800b88c   Data           4  os_cfg_app.o(.constdata)
    OSCfg_IntQSize                           0x0800b890   Data           2  os_cfg_app.o(.constdata)
    OSCfg_IntQSizeRAM                        0x0800b894   Data           4  os_cfg_app.o(.constdata)
    OSCfg_IntQTaskStkBasePtr                 0x0800b898   Data           4  os_cfg_app.o(.constdata)
    OSCfg_IntQTaskStkLimit                   0x0800b89c   Data           4  os_cfg_app.o(.constdata)
    OSCfg_IntQTaskStkSize                    0x0800b8a0   Data           4  os_cfg_app.o(.constdata)
    OSCfg_IntQTaskStkSizeRAM                 0x0800b8a4   Data           4  os_cfg_app.o(.constdata)
    OSCfg_ISRStkBasePtr                      0x0800b8a8   Data           4  os_cfg_app.o(.constdata)
    OSCfg_ISRStkSize                         0x0800b8ac   Data           4  os_cfg_app.o(.constdata)
    OSCfg_ISRStkSizeRAM                      0x0800b8b0   Data           4  os_cfg_app.o(.constdata)
    OSCfg_MsgPoolSize                        0x0800b8b4   Data           2  os_cfg_app.o(.constdata)
    OSCfg_MsgPoolSizeRAM                     0x0800b8b8   Data           4  os_cfg_app.o(.constdata)
    OSCfg_MsgPoolBasePtr                     0x0800b8bc   Data           4  os_cfg_app.o(.constdata)
    OSCfg_StatTaskPrio                       0x0800b8c0   Data           1  os_cfg_app.o(.constdata)
    OSCfg_StatTaskRate_Hz                    0x0800b8c4   Data           4  os_cfg_app.o(.constdata)
    OSCfg_StatTaskStkBasePtr                 0x0800b8c8   Data           4  os_cfg_app.o(.constdata)
    OSCfg_StatTaskStkLimit                   0x0800b8cc   Data           4  os_cfg_app.o(.constdata)
    OSCfg_StatTaskStkSize                    0x0800b8d0   Data           4  os_cfg_app.o(.constdata)
    OSCfg_StatTaskStkSizeRAM                 0x0800b8d4   Data           4  os_cfg_app.o(.constdata)
    OSCfg_StkSizeMin                         0x0800b8d8   Data           4  os_cfg_app.o(.constdata)
    OSCfg_TickRate_Hz                        0x0800b8dc   Data           4  os_cfg_app.o(.constdata)
    OSCfg_TickTaskPrio                       0x0800b8e0   Data           1  os_cfg_app.o(.constdata)
    OSCfg_TickTaskStkBasePtr                 0x0800b8e4   Data           4  os_cfg_app.o(.constdata)
    OSCfg_TickTaskStkLimit                   0x0800b8e8   Data           4  os_cfg_app.o(.constdata)
    OSCfg_TickTaskStkSize                    0x0800b8ec   Data           4  os_cfg_app.o(.constdata)
    OSCfg_TickTaskStkSizeRAM                 0x0800b8f0   Data           4  os_cfg_app.o(.constdata)
    OSCfg_TickWheelSize                      0x0800b8f4   Data           2  os_cfg_app.o(.constdata)
    OSCfg_TickWheelSizeRAM                   0x0800b8f8   Data           4  os_cfg_app.o(.constdata)
    OSCfg_TmrTaskPrio                        0x0800b8fc   Data           1  os_cfg_app.o(.constdata)
    OSCfg_TmrTaskRate_Hz                     0x0800b900   Data           4  os_cfg_app.o(.constdata)
    OSCfg_TmrTaskStkBasePtr                  0x0800b904   Data           4  os_cfg_app.o(.constdata)
    OSCfg_TmrTaskStkLimit                    0x0800b908   Data           4  os_cfg_app.o(.constdata)
    OSCfg_TmrTaskStkSize                     0x0800b90c   Data           4  os_cfg_app.o(.constdata)
    OSCfg_TmrTaskStkSizeRAM                  0x0800b910   Data           4  os_cfg_app.o(.constdata)
    OSCfg_TmrWheelSize                       0x0800b914   Data           2  os_cfg_app.o(.constdata)
    OSCfg_TmrWheelSizeRAM                    0x0800b918   Data           4  os_cfg_app.o(.constdata)
    OSCfg_DataSizeRAM                        0x0800b91c   Data           4  os_cfg_app.o(.constdata)
    OSDbg_DbgEn                              0x0800b920   Data           2  os_dbg.o(.constdata)
    OSDbg_ArgChkEn                           0x0800b922   Data           1  os_dbg.o(.constdata)
    OSDbg_AppHooksEn                         0x0800b923   Data           1  os_dbg.o(.constdata)
    OSDbg_EndiannessTest                     0x0800b924   Data           4  os_dbg.o(.constdata)
    OSDbg_CalledFromISRChkEn                 0x0800b928   Data           1  os_dbg.o(.constdata)
    OSDbg_FlagEn                             0x0800b929   Data           1  os_dbg.o(.constdata)
    OSDbg_FlagGrp                            0x0800b92c   Data          40  os_dbg.o(.constdata)
    OSDbg_FlagDelEn                          0x0800b954   Data           1  os_dbg.o(.constdata)
    OSDbg_FlagModeClrEn                      0x0800b955   Data           1  os_dbg.o(.constdata)
    OSDbg_FlagPendAbortEn                    0x0800b956   Data           1  os_dbg.o(.constdata)
    OSDbg_FlagGrpSize                        0x0800b958   Data           2  os_dbg.o(.constdata)
    OSDbg_FlagWidth                          0x0800b95a   Data           2  os_dbg.o(.constdata)
    OSDbg_IntQ                               0x0800b95c   Data           2  os_dbg.o(.constdata)
    OSDbg_ISRPostDeferredEn                  0x0800b95e   Data           1  os_dbg.o(.constdata)
    OSDbg_Mem                                0x0800b960   Data          32  os_dbg.o(.constdata)
    OSDbg_MemEn                              0x0800b980   Data           1  os_dbg.o(.constdata)
    OSDbg_MemSize                            0x0800b982   Data           2  os_dbg.o(.constdata)
    OSDbg_MsgEn                              0x0800b984   Data           1  os_dbg.o(.constdata)
    OSDbg_MsgSize                            0x0800b986   Data           2  os_dbg.o(.constdata)
    OSDbg_MsgPoolSize                        0x0800b988   Data           2  os_dbg.o(.constdata)
    OSDbg_MsgQSize                           0x0800b98a   Data           2  os_dbg.o(.constdata)
    OSDbg_Mutex                              0x0800b98c   Data          44  os_dbg.o(.constdata)
    OSDbg_MutexEn                            0x0800b9b8   Data           1  os_dbg.o(.constdata)
    OSDbg_MutexDelEn                         0x0800b9b9   Data           1  os_dbg.o(.constdata)
    OSDbg_MutexPendAbortEn                   0x0800b9ba   Data           1  os_dbg.o(.constdata)
    OSDbg_MutexSize                          0x0800b9bc   Data           2  os_dbg.o(.constdata)
    OSDbg_ObjTypeChkEn                       0x0800b9be   Data           1  os_dbg.o(.constdata)
    OSDbg_PendMultiEn                        0x0800b9bf   Data           1  os_dbg.o(.constdata)
    OSDbg_PendDataSize                       0x0800b9c0   Data           2  os_dbg.o(.constdata)
    OSDbg_PendListSize                       0x0800b9c2   Data           2  os_dbg.o(.constdata)
    OSDbg_PendObjSize                        0x0800b9c4   Data           2  os_dbg.o(.constdata)
    OSDbg_PrioMax                            0x0800b9c6   Data           2  os_dbg.o(.constdata)
    OSDbg_PrioTblSize                        0x0800b9c8   Data           2  os_dbg.o(.constdata)
    OSDbg_PtrSize                            0x0800b9ca   Data           2  os_dbg.o(.constdata)
    OSDbg_Q                                  0x0800b9cc   Data          48  os_dbg.o(.constdata)
    OSDbg_QEn                                0x0800b9fc   Data           1  os_dbg.o(.constdata)
    OSDbg_QDelEn                             0x0800b9fd   Data           1  os_dbg.o(.constdata)
    OSDbg_QFlushEn                           0x0800b9fe   Data           1  os_dbg.o(.constdata)
    OSDbg_QPendAbortEn                       0x0800b9ff   Data           1  os_dbg.o(.constdata)
    OSDbg_QSize                              0x0800ba00   Data           2  os_dbg.o(.constdata)
    OSDbg_SchedRoundRobinEn                  0x0800ba02   Data           1  os_dbg.o(.constdata)
    OSDbg_Sem                                0x0800ba04   Data          40  os_dbg.o(.constdata)
    OSDbg_SemEn                              0x0800ba2c   Data           1  os_dbg.o(.constdata)
    OSDbg_SemDelEn                           0x0800ba2d   Data           1  os_dbg.o(.constdata)
    OSDbg_SemPendAbortEn                     0x0800ba2e   Data           1  os_dbg.o(.constdata)
    OSDbg_SemSetEn                           0x0800ba2f   Data           1  os_dbg.o(.constdata)
    OSDbg_SemSize                            0x0800ba30   Data           2  os_dbg.o(.constdata)
    OSDbg_RdyList                            0x0800ba32   Data           2  os_dbg.o(.constdata)
    OSDbg_RdyListSize                        0x0800ba34   Data           4  os_dbg.o(.constdata)
    OSDbg_StkWidth                           0x0800ba38   Data           1  os_dbg.o(.constdata)
    OSDbg_StatTaskEn                         0x0800ba39   Data           1  os_dbg.o(.constdata)
    OSDbg_StatTaskStkChkEn                   0x0800ba3a   Data           1  os_dbg.o(.constdata)
    OSDbg_TaskChangePrioEn                   0x0800ba3b   Data           1  os_dbg.o(.constdata)
    OSDbg_TaskDelEn                          0x0800ba3c   Data           1  os_dbg.o(.constdata)
    OSDbg_TaskQEn                            0x0800ba3d   Data           1  os_dbg.o(.constdata)
    OSDbg_TaskQPendAbortEn                   0x0800ba3e   Data           1  os_dbg.o(.constdata)
    OSDbg_TaskProfileEn                      0x0800ba3f   Data           1  os_dbg.o(.constdata)
    OSDbg_TaskRegTblSize                     0x0800ba40   Data           2  os_dbg.o(.constdata)
    OSDbg_TaskSemPendAbortEn                 0x0800ba42   Data           1  os_dbg.o(.constdata)
    OSDbg_TaskSuspendEn                      0x0800ba43   Data           1  os_dbg.o(.constdata)
    OSDbg_TCBSize                            0x0800ba44   Data           2  os_dbg.o(.constdata)
    OSDbg_TickSpokeSize                      0x0800ba46   Data           2  os_dbg.o(.constdata)
    OSDbg_TimeDlyHMSMEn                      0x0800ba48   Data           1  os_dbg.o(.constdata)
    OSDbg_TimeDlyResumeEn                    0x0800ba49   Data           1  os_dbg.o(.constdata)
    OSDbg_TLS_TblSize                        0x0800ba4a   Data           2  os_dbg.o(.constdata)
    OSDbg_Tmr                                0x0800ba4c   Data          52  os_dbg.o(.constdata)
    OSDbg_TmrEn                              0x0800ba80   Data           1  os_dbg.o(.constdata)
    OSDbg_TmrDelEn                           0x0800ba81   Data           1  os_dbg.o(.constdata)
    OSDbg_TmrSize                            0x0800ba82   Data           2  os_dbg.o(.constdata)
    OSDbg_TmrSpokeSize                       0x0800ba84   Data           2  os_dbg.o(.constdata)
    OSDbg_VersionNbr                         0x0800ba86   Data           2  os_dbg.o(.constdata)
    OSDbg_DataSize                           0x0800ba88   Data           4  os_dbg.o(.constdata)
    Region$$Table$$Base                      0x0800ba8c   Number         0  anon$$obj.o(Region$$Table)
    Region$$Table$$Limit                     0x0800baac   Number         0  anon$$obj.o(Region$$Table)
    test                                     0x20000000   Data           1  static_init.o(.data)
    HardFault_Handler_X                      0x20000001   Data           1  static_init.o(.data)
    CalibrationSave                          0x20000004   Data          84  static_init.o(.data)
    ADB                                      0x2000005c   Data          20  static_init.o(.data)
    TX_ADDRESS                               0x20000071   Data           5  nrf24l01.o(.data)
    RX_ADDRESS                               0x20000076   Data           5  nrf24l01.o(.data)
    AsynchPrediv                             0x2000007c   Data           4  rtc.o(.data)
    SynchPrediv                              0x20000080   Data           4  rtc.o(.data)
    Alarmk_TIME                              0x20000084   Data           4  rtc.o(.data)
    SystemCoreClock                          0x20000098   Data           4  system_stm32l1xx.o(.data)
    PLLMulTable                              0x2000009c   Data           9  system_stm32l1xx.o(.data)
    AHBPrescTable                            0x200000a5   Data          16  system_stm32l1xx.o(.data)
    OS_CPU_ExceptStkBase                     0x200000b8   Data           4  os_cpu_c.o(.data)
    OSPrioTbl                                0x200000bc   Data           8  os_prio.o(.data)
    OS_AppTaskCreateHookPtr                  0x200000c4   Data           4  os_var.o(.data)
    OS_AppTaskDelHookPtr                     0x200000c8   Data           4  os_var.o(.data)
    OS_AppTaskReturnHookPtr                  0x200000cc   Data           4  os_var.o(.data)
    OS_AppIdleTaskHookPtr                    0x200000d0   Data           4  os_var.o(.data)
    OS_AppStatTaskHookPtr                    0x200000d4   Data           4  os_var.o(.data)
    OS_AppTaskSwHookPtr                      0x200000d8   Data           4  os_var.o(.data)
    OS_AppTimeTickHookPtr                    0x200000dc   Data           4  os_var.o(.data)
    OSIdleTaskCtr                            0x200000e0   Data           4  os_var.o(.data)
    OSIntNestingCtr                          0x200000e4   Data           1  os_var.o(.data)
    OSRunning                                0x200000e5   Data           1  os_var.o(.data)
    OSMutexDbgListPtr                        0x200000e8   Data           4  os_var.o(.data)
    OSMutexQty                               0x200000ec   Data           2  os_var.o(.data)
    OSPrioCur                                0x200000ee   Data           1  os_var.o(.data)
    OSPrioHighRdy                            0x200000ef   Data           1  os_var.o(.data)
    OSPrioSaved                              0x200000f0   Data           1  os_var.o(.data)
    OSQDbgListPtr                            0x200000f4   Data           4  os_var.o(.data)
    OSQQty                                   0x200000f8   Data           2  os_var.o(.data)
    OSSchedLockNestingCtr                    0x200000fa   Data           1  os_var.o(.data)
    OSSchedRoundRobinDfltTimeQuanta          0x200000fc   Data           4  os_var.o(.data)
    OSSchedRoundRobinEn                      0x20000100   Data           1  os_var.o(.data)
    OSSemDbgListPtr                          0x20000104   Data           4  os_var.o(.data)
    OSSemQty                                 0x20000108   Data           2  os_var.o(.data)
    OSStatResetFlag                          0x2000010a   Data           1  os_var.o(.data)
    OSStatTaskCPUUsage                       0x2000010c   Data           2  os_var.o(.data)
    OSStatTaskCPUUsageMax                    0x2000010e   Data           2  os_var.o(.data)
    OSStatTaskCtr                            0x20000110   Data           4  os_var.o(.data)
    OSStatTaskCtrMax                         0x20000114   Data           4  os_var.o(.data)
    OSStatTaskCtrRun                         0x20000118   Data           4  os_var.o(.data)
    OSStatTaskRdy                            0x2000011c   Data           1  os_var.o(.data)
    OSStatTaskTimeMax                        0x20000120   Data           4  os_var.o(.data)
    OSTaskCtxSwCtr                           0x20000124   Data           4  os_var.o(.data)
    OSTaskDbgListPtr                         0x20000128   Data           4  os_var.o(.data)
    OSTaskQty                                0x2000012c   Data           2  os_var.o(.data)
    OSTaskRegNextAvailID                     0x2000012e   Data           1  os_var.o(.data)
    OSTickCtr                                0x20000130   Data           4  os_var.o(.data)
    OSTickTaskTimeMax                        0x20000134   Data           4  os_var.o(.data)
    OSTmrDbgListPtr                          0x20000138   Data           4  os_var.o(.data)
    OSTmrQty                                 0x2000013c   Data           2  os_var.o(.data)
    OSTmrTaskTimeMax                         0x20000140   Data           4  os_var.o(.data)
    OSTmrTickCtr                             0x20000144   Data           4  os_var.o(.data)
    OSTmrUpdateCnt                           0x20000148   Data           4  os_var.o(.data)
    OSTmrUpdateCtr                           0x2000014c   Data           4  os_var.o(.data)
    OSTCBCurPtr                              0x20000150   Data           4  os_var.o(.data)
    OSTCBHighRdyPtr                          0x20000154   Data           4  os_var.o(.data)
    Set_Clock                                0x20001064   Data          12  rtc.o(.bss)
    CPU_Name                                 0x20001070   Data          16  cpu_core.o(.bss)
    OSCfg_IdleTaskStk                        0x20001080   Data         256  os_cfg_app.o(.bss)
    OSCfg_ISRStk                             0x20001180   Data         512  os_cfg_app.o(.bss)
    OSCfg_MsgPool                            0x20001380   Data        1600  os_cfg_app.o(.bss)
    OSCfg_StatTaskStk                        0x200019c0   Data         512  os_cfg_app.o(.bss)
    OSCfg_TickTaskStk                        0x20001bc0   Data         512  os_cfg_app.o(.bss)
    OSCfg_TickWheel                          0x20001dc0   Data         136  os_cfg_app.o(.bss)
    OSCfg_TmrTaskStk                         0x20001e48   Data         512  os_cfg_app.o(.bss)
    OSCfg_TmrWheel                           0x20002048   Data         136  os_cfg_app.o(.bss)
    OSIdleTaskTCB                            0x200020d0   Data         184  os_var.o(.bss)
    OSMsgPool                                0x20002188   Data          12  os_var.o(.bss)
    OSRdyList                                0x20002194   Data         768  os_var.o(.bss)
    OSStatTaskTCB                            0x20002494   Data         184  os_var.o(.bss)
    OSTickTaskTCB                            0x2000254c   Data         184  os_var.o(.bss)
    OSTmrTaskTCB                             0x20002604   Data         184  os_var.o(.bss)
    __libspace_start                         0x200026bc   Data          96  libspace.o(.bss)
    __temporary_stack_top$libspace           0x2000271c   Data           0  libspace.o(.bss)



==============================================================================

Memory Map of the image

  Image Entry point : 0x080000f5

  Load Region LR_IROM1 (Base: 0x08000000, Size: 0x0000bc20, Max: 0x00020000, ABSOLUTE, COMPRESSED[0x0000bb14])

    Execution Region ER_IROM1 (Base: 0x08000000, Size: 0x0000baac, Max: 0x00020000, ABSOLUTE)

    Base Addr    Size         Type   Attr      Idx    E Section Name        Object

    0x08000000   0x000000f4   Data   RO          594    RESET               startup_stm32l1xx_md.o
    0x080000f4   0x00000008   Code   RO         1619  * !!!main             c_w.l(__main.o)
    0x080000fc   0x00000034   Code   RO         1830    !!!scatter          c_w.l(__scatter.o)
    0x08000130   0x0000005a   Code   RO         1828    !!dczerorl2         c_w.l(__dczerorl2.o)
    0x0800018a   0x00000002   PAD
    0x0800018c   0x0000001c   Code   RO         1832    !!handler_zi        c_w.l(__scatter_zi.o)
    0x080001a8   0x00000002   Code   RO         1701    .ARM.Collect$$libinit$$00000000  c_w.l(libinit.o)
    0x080001aa   0x00000000   Code   RO         1708    .ARM.Collect$$libinit$$00000002  c_w.l(libinit2.o)
    0x080001aa   0x00000000   Code   RO         1711    .ARM.Collect$$libinit$$00000008  c_w.l(libinit2.o)
    0x080001aa   0x00000000   Code   RO         1713    .ARM.Collect$$libinit$$0000000A  c_w.l(libinit2.o)
    0x080001aa   0x00000000   Code   RO         1715    .ARM.Collect$$libinit$$0000000C  c_w.l(libinit2.o)
    0x080001aa   0x00000000   Code   RO         1718    .ARM.Collect$$libinit$$0000000F  c_w.l(libinit2.o)
    0x080001aa   0x00000000   Code   RO         1720    .ARM.Collect$$libinit$$00000011  c_w.l(libinit2.o)
    0x080001aa   0x00000000   Code   RO         1722    .ARM.Collect$$libinit$$00000013  c_w.l(libinit2.o)
    0x080001aa   0x00000000   Code   RO         1724    .ARM.Collect$$libinit$$00000015  c_w.l(libinit2.o)
    0x080001aa   0x00000000   Code   RO         1726    .ARM.Collect$$libinit$$00000017  c_w.l(libinit2.o)
    0x080001aa   0x00000000   Code   RO         1728    .ARM.Collect$$libinit$$00000019  c_w.l(libinit2.o)
    0x080001aa   0x00000000   Code   RO         1730    .ARM.Collect$$libinit$$0000001B  c_w.l(libinit2.o)
    0x080001aa   0x00000000   Code   RO         1732    .ARM.Collect$$libinit$$0000001D  c_w.l(libinit2.o)
    0x080001aa   0x00000000   Code   RO         1734    .ARM.Collect$$libinit$$0000001F  c_w.l(libinit2.o)
    0x080001aa   0x00000000   Code   RO         1736    .ARM.Collect$$libinit$$00000021  c_w.l(libinit2.o)
    0x080001aa   0x00000000   Code   RO         1738    .ARM.Collect$$libinit$$00000023  c_w.l(libinit2.o)
    0x080001aa   0x00000000   Code   RO         1742    .ARM.Collect$$libinit$$0000002A  c_w.l(libinit2.o)
    0x080001aa   0x00000000   Code   RO         1744    .ARM.Collect$$libinit$$0000002C  c_w.l(libinit2.o)
    0x080001aa   0x00000000   Code   RO         1746    .ARM.Collect$$libinit$$0000002E  c_w.l(libinit2.o)
    0x080001aa   0x00000000   Code   RO         1748    .ARM.Collect$$libinit$$00000030  c_w.l(libinit2.o)
    0x080001aa   0x00000002   Code   RO         1749    .ARM.Collect$$libinit$$00000031  c_w.l(libinit2.o)
    0x080001ac   0x00000002   Code   RO         1769    .ARM.Collect$$libshutdown$$00000000  c_w.l(libshutdown.o)
    0x080001ae   0x00000000   Code   RO         1783    .ARM.Collect$$libshutdown$$00000003  c_w.l(libshutdown2.o)
    0x080001ae   0x00000000   Code   RO         1786    .ARM.Collect$$libshutdown$$00000006  c_w.l(libshutdown2.o)
    0x080001ae   0x00000000   Code   RO         1789    .ARM.Collect$$libshutdown$$00000009  c_w.l(libshutdown2.o)
    0x080001ae   0x00000000   Code   RO         1791    .ARM.Collect$$libshutdown$$0000000B  c_w.l(libshutdown2.o)
    0x080001ae   0x00000000   Code   RO         1794    .ARM.Collect$$libshutdown$$0000000E  c_w.l(libshutdown2.o)
    0x080001ae   0x00000002   Code   RO         1795    .ARM.Collect$$libshutdown$$0000000F  c_w.l(libshutdown2.o)
    0x080001b0   0x00000000   Code   RO         1665    .ARM.Collect$$rtentry$$00000000  c_w.l(rtentry.o)
    0x080001b0   0x00000000   Code   RO         1678    .ARM.Collect$$rtentry$$00000002  c_w.l(rtentry2.o)
    0x080001b0   0x00000006   Code   RO         1690    .ARM.Collect$$rtentry$$00000004  c_w.l(rtentry4.o)
    0x080001b6   0x00000000   Code   RO         1680    .ARM.Collect$$rtentry$$00000009  c_w.l(rtentry2.o)
    0x080001b6   0x00000004   Code   RO         1681    .ARM.Collect$$rtentry$$0000000A  c_w.l(rtentry2.o)
    0x080001ba   0x00000000   Code   RO         1683    .ARM.Collect$$rtentry$$0000000C  c_w.l(rtentry2.o)
    0x080001ba   0x00000008   Code   RO         1684    .ARM.Collect$$rtentry$$0000000D  c_w.l(rtentry2.o)
    0x080001c2   0x00000002   Code   RO         1705    .ARM.Collect$$rtexit$$00000000  c_w.l(rtexit.o)
    0x080001c4   0x00000000   Code   RO         1751    .ARM.Collect$$rtexit$$00000002  c_w.l(rtexit2.o)
    0x080001c4   0x00000004   Code   RO         1752    .ARM.Collect$$rtexit$$00000003  c_w.l(rtexit2.o)
    0x080001c8   0x00000006   Code   RO         1753    .ARM.Collect$$rtexit$$00000004  c_w.l(rtexit2.o)
    0x080001ce   0x00000002   PAD
    0x080001d0   0x00000544   Code   RO            3    .text               app.o
    0x08000714   0x0000000e   Code   RO          200    .text               main.o
    0x08000722   0x000000c2   Code   RO          227    .text               fun.o
    0x080007e4   0x00000668   Code   RO          247    .text               static_init.o
    0x08000e4c   0x000001a4   Code   RO          337    .text               bsp.o
    0x08000ff0   0x00000464   Code   RO          386    .text               cat24c516.o
    0x08001454   0x000000fc   Code   RO          412    .text               check_water.o
    0x08001550   0x000000b8   Code   RO          435    .text               delay.o
    0x08001608   0x0000025c   Code   RO          458    .text               ds18b20.o
    0x08001864   0x00000594   Code   RO          479    .text               nrf24l01.o
    0x08001df8   0x000001ec   Code   RO          506    .text               rtc.o
    0x08001fe4   0x000000cc   Code   RO          534    .text               w_p_sensor.o
    0x080020b0   0x00000138   Code   RO          554    .text               power.o
    0x080021e8   0x000000d0   Code   RO          574    .text               os_app_hooks.o
    0x080022b8   0x00000040   Code   RO          595    .text               startup_stm32l1xx_md.o
    0x080022f8   0x00000250   Code   RO          601    .text               system_stm32l1xx.o
    0x08002548   0x00000268   Code   RO          641    .text               cpu_core.o
    0x080027b0   0x00000034   Code   RO          700    .text               cpu_a.o
    0x080027e4   0x00000256   Code   RO          703    .text               lib_ascii.o
    0x08002a3a   0x000001be   Code   RO          736    .text               lib_mem.o
    0x08002bf8   0x000008fc   Code   RO          751    .text               lib_str.o
    0x080034f4   0x00000244   Code   RO          776    .text               os_cpu_c.o
    0x08003738   0x000000d0   Code   RO          810    .text               os_cfg_app.o
    0x08003808   0x00000d0c   Code   RO          837    .text               os_core.o
    0x08004514   0x00000184   Code   RO          849    .text               os_dbg.o
    0x08004698   0x0000020c   Code   RO          882    .text               os_msg.o
    0x080048a4   0x0000042c   Code   RO          894    .text               os_mutex.o
    0x08004cd0   0x0000007c   Code   RO          918    .text               os_prio.o
    0x08004d4c   0x000003d8   Code   RO          937    .text               os_q.o
    0x08005124   0x00000468   Code   RO          949    .text               os_sem.o
    0x0800558c   0x00000598   Code   RO          961    .text               os_stat.o
    0x08005b24   0x0000105c   Code   RO          973    .text               os_task.o
    0x08006b80   0x00000480   Code   RO          985    .text               os_tick.o
    0x08007000   0x00000274   Code   RO          997    .text               os_time.o
    0x08007274   0x0000060c   Code   RO         1009    .text               os_tmr.o
    0x08007880   0x000000e4   Code   RO         1037    .text               misc.o
    0x08007964   0x00000534   Code   RO         1057    .text               stm32l1xx_adc.o
    0x08007e98   0x00000118   Code   RO         1232    .text               stm32l1xx_exti.o
    0x08007fb0   0x0000023c   Code   RO         1315    .text               stm32l1xx_gpio.o
    0x080081ec   0x00000158   Code   RO         1421    .text               stm32l1xx_pwr.o
    0x08008344   0x00000490   Code   RO         1441    .text               stm32l1xx_rcc.o
    0x080087d4   0x00000d40   Code   RO         1463    .text               stm32l1xx_rtc.o
    0x08009514   0x000002fc   Code   RO         1506    .text               stm32l1xx_spi.o
    0x08009810   0x000002e8   Code   RO         1526    .text               stm32l1xx_syscfg.o
    0x08009af8   0x00000a0c   Code   RO         1549    .text               stm32l1xx_tim.o
    0x0800a504   0x000003f8   Code   RO         1569    .text               stm32l1xx_usart.o
    0x0800a8fc   0x0000003e   Code   RO         1609    .text               c_w.l(strlen.o)
    0x0800a93a   0x00000018   Code   RO         1611    .text               c_w.l(strcat.o)
    0x0800a952   0x00000064   Code   RO         1613    .text               c_w.l(rt_memcpy_w.o)
    0x0800a9b6   0x0000004e   Code   RO         1615    .text               c_w.l(rt_memclr_w.o)
    0x0800aa04   0x00000006   Code   RO         1617    .text               c_w.l(heapauxi.o)
    0x0800aa0a   0x0000004a   Code   RO         1692    .text               c_w.l(sys_stackheap_outer.o)
    0x0800aa54   0x0000000c   Code   RO         1694    .text               c_w.l(exit.o)
    0x0800aa60   0x00000008   Code   RO         1702    .text               c_w.l(libspace.o)
    0x0800aa68   0x0000000c   Code   RO         1761    .text               c_w.l(sys_exit.o)
    0x0800aa74   0x00000002   Code   RO         1772    .text               c_w.l(use_no_semi.o)
    0x0800aa76   0x00000000   Code   RO         1774    .text               c_w.l(indicate_semi.o)
    0x0800aa76   0x00000002   PAD
    0x0800aa78   0x00000084   Code   RO          771    CODE                os_cpu_a.o
    0x0800aafc   0x00000150   Code   RO         1621    x$fpl$dadd          fz_ws.l(daddsub_clz.o)
    0x0800ac4c   0x00000018   Code   RO         1666    x$fpl$dcmpinf       fz_ws.l(dcmpi.o)
    0x0800ac64   0x0000005a   Code   RO         1627    x$fpl$dfixu         fz_ws.l(dfixu.o)
    0x0800acbe   0x00000026   Code   RO         1631    x$fpl$dfltu         fz_ws.l(dflt_clz.o)
    0x0800ace4   0x00000078   Code   RO         1637    x$fpl$dleqf         fz_ws.l(dleqf.o)
    0x0800ad5c   0x00000154   Code   RO         1639    x$fpl$dmul          fz_ws.l(dmul.o)
    0x0800aeb0   0x0000009c   Code   RO         1668    x$fpl$dnaninf       fz_ws.l(dnaninf.o)
    0x0800af4c   0x0000000c   Code   RO         1670    x$fpl$dretinf       fz_ws.l(dretinf.o)
    0x0800af58   0x000001d4   Code   RO         1623    x$fpl$dsub          fz_ws.l(daddsub_clz.o)
    0x0800b12c   0x00000056   Code   RO         1641    x$fpl$f2d           fz_ws.l(f2d.o)
    0x0800b182   0x00000002   PAD
    0x0800b184   0x000000c4   Code   RO         1643    x$fpl$fadd          fz_ws.l(faddsub_clz.o)
    0x0800b248   0x00000184   Code   RO         1650    x$fpl$fdiv          fz_ws.l(fdiv.o)
    0x0800b3cc   0x0000003e   Code   RO         1653    x$fpl$ffixu         fz_ws.l(ffixu.o)
    0x0800b40a   0x00000002   PAD
    0x0800b40c   0x00000030   Code   RO         1658    x$fpl$fflt          fz_ws.l(fflt_clz.o)
    0x0800b43c   0x00000026   Code   RO         1657    x$fpl$ffltu         fz_ws.l(fflt_clz.o)
    0x0800b462   0x00000002   PAD
    0x0800b464   0x00000102   Code   RO         1663    x$fpl$fmul          fz_ws.l(fmul.o)
    0x0800b566   0x0000008c   Code   RO         1672    x$fpl$fnaninf       fz_ws.l(fnaninf.o)
    0x0800b5f2   0x0000000a   Code   RO         1674    x$fpl$fretinf       fz_ws.l(fretinf.o)
    0x0800b5fc   0x000000ea   Code   RO         1645    x$fpl$fsub          fz_ws.l(faddsub_clz.o)
    0x0800b6e6   0x00000000   Code   RO         1676    x$fpl$usenofp       fz_ws.l(usenofp.o)
    0x0800b6e6   0x00000100   Data   RO          643    .constdata          cpu_core.o
    0x0800b7e6   0x00000002   PAD
    0x0800b7e8   0x00000094   Data   RO          752    .constdata          lib_str.o
    0x0800b87c   0x000000a4   Data   RO          812    .constdata          os_cfg_app.o
    0x0800b920   0x0000016c   Data   RO          850    .constdata          os_dbg.o
    0x0800ba8c   0x00000020   Data   RO         1826    Region$$Table       anon$$obj.o


    Execution Region RW_IRAM1 (Base: 0x20000000, Size: 0x00002d20, Max: 0x00004000, ABSOLUTE, COMPRESSED[0x00000068])

    Base Addr    Size         Type   Attr      Idx    E Section Name        Object

    0x20000000   0x00000070   Data   RW          249    .data               static_init.o
    0x20000070   0x00000001   Data   RW          459    .data               ds18b20.o
    0x20000071   0x0000000a   Data   RW          481    .data               nrf24l01.o
    0x2000007b   0x00000001   PAD
    0x2000007c   0x0000001a   Data   RW          508    .data               rtc.o
    0x20000096   0x00000002   PAD
    0x20000098   0x0000001d   Data   RW          602    .data               system_stm32l1xx.o
    0x200000b5   0x00000003   PAD
    0x200000b8   0x00000004   Data   RW          777    .data               os_cpu_c.o
    0x200000bc   0x00000008   Data   RW          919    .data               os_prio.o
    0x200000c4   0x00000094   Data   RW         1022    .data               os_var.o
    0x20000158   0x00000019   Data   RW         1442    .data               stm32l1xx_rcc.o
    0x20000171   0x00000003   PAD
    0x20000174   0x00000ed8   Zero   RW            4    .bss                app.o
    0x2000104c   0x0000000c   Zero   RW          248    .bss                static_init.o
    0x20001058   0x00000018   Zero   RW          507    .bss                rtc.o
    0x20001070   0x00000010   Zero   RW          642    .bss                cpu_core.o
    0x20001080   0x00001050   Zero   RW          811    .bss                os_cfg_app.o
    0x200020d0   0x000005ec   Zero   RW         1021    .bss                os_var.o
    0x200026bc   0x00000060   Zero   RW         1703    .bss                c_w.l(libspace.o)
    0x2000271c   0x00000004   PAD
    0x20002720   0x00000200   Zero   RW          593    HEAP                startup_stm32l1xx_md.o
    0x20002920   0x00000400   Zero   RW          592    STACK               startup_stm32l1xx_md.o


==============================================================================

Image component sizes


      Code (inc. data)   RO Data    RW Data    ZI Data      Debug   Object Name

      1348        194          0          0       3800     267461   app.o
       420         18          0          0          0       1961   bsp.o
      1124          6          0          0          0       3666   cat24c516.o
       252          6          0          0          0       1826   check_water.o
        52          0          0          0          0        248   cpu_a.o
         0          0          0          0          0       1195   cpu_c.o
       616          8        256          0         16      12947   cpu_core.o
       184          4          0          0          0        815   delay.o
       604         12          0          1          0       2280   ds18b20.o
       194          0          0          0          0       1154   fun.o
       598          0          0          0          0       3652   lib_ascii.o
       446          0          0          0          0       3168   lib_mem.o
      2300          4        148          0          0      12058   lib_str.o
        14          0          0          0          0        383   main.o
       228         22          0          0          0       1649   misc.o
      1428         32          0         10          0       5101   nrf24l01.o
       208         28          0          0          0       1733   os_app_hooks.o
       208        136        164          0       4176      19056   os_cfg_app.o
      3340        256          0          0          0      11276   os_core.o
       132         32          0          0          0        264   os_cpu_a.o
       580         62          0          4          0      21186   os_cpu_c.o
       388        256        364          0          0       4589   os_dbg.o
       524         14          0          0          0       2583   os_msg.o
      1068         60          0          0          0       3114   os_mutex.o
       124          4          0          8          0       1588   os_prio.o
       984         34          0          0          0       4212   os_q.o
      1128         48          0          0          0       4551   os_sem.o
      1432        148          0          0          0       2597   os_stat.o
      4188        154          0          0          0      11137   os_task.o
      1152         72          0          0          0       3045   os_tick.o
       628         42          0          0          0       2229   os_time.o
      1548        124          0          0          0       5301   os_tmr.o
         0          0          0        148       1516      17563   os_var.o
       312         16          0          0          0        857   power.o
       492         28          0         26         24       2967   rtc.o
        64         26        244          0       1536        752   startup_stm32l1xx_md.o
      1640         28          0        112         12     260984   static_init.o
      1332         20          0          0          0      10498   stm32l1xx_adc.o
       280          4          0          0          0       2083   stm32l1xx_exti.o
       572         32          0          0          0       3729   stm32l1xx_gpio.o
       344         14          0          0          0       3836   stm32l1xx_pwr.o
      1168         40          0         25          0       9197   stm32l1xx_rcc.o
      3392         46          0          0          0      14315   stm32l1xx_rtc.o
       764         12          0          0          0       5778   stm32l1xx_spi.o
       744          8          0          0          0       3192   stm32l1xx_syscfg.o
      2572         32          0          0          0      19812   stm32l1xx_tim.o
      1016         20          0          0          0       7428   stm32l1xx_usart.o
       592         46          0         29          0       1595   system_stm32l1xx.o
       204         10          0          0          0        730   w_p_sensor.o

    ----------------------------------------------------------------------
     42928       2158       1210        372      11080     783341   Object Totals
         0          0         32          0          0          0   (incl. Generated)
         0          0          2          9          0          0   (incl. Padding)

    ----------------------------------------------------------------------

      Code (inc. data)   RO Data    RW Data    ZI Data      Debug   Library Member Name

        90          0          0          0          0          0   __dczerorl2.o
         8          0          0          0          0         68   __main.o
        52          8          0          0          0          0   __scatter.o
        28          0          0          0          0          0   __scatter_zi.o
        12          0          0          0          0         72   exit.o
         6          0          0          0          0        152   heapauxi.o
         0          0          0          0          0          0   indicate_semi.o
         2          0          0          0          0          0   libinit.o
         2          0          0          0          0          0   libinit2.o
         2          0          0          0          0          0   libshutdown.o
         2          0          0          0          0          0   libshutdown2.o
         8          4          0          0         96         68   libspace.o
        78          0          0          0          0         80   rt_memclr_w.o
       100          0          0          0          0         80   rt_memcpy_w.o
         0          0          0          0          0          0   rtentry.o
        12          0          0          0          0          0   rtentry2.o
         6          0          0          0          0          0   rtentry4.o
         2          0          0          0          0          0   rtexit.o
        10          0          0          0          0          0   rtexit2.o
        24          0          0          0          0         68   strcat.o
        62          0          0          0          0         76   strlen.o
        12          4          0          0          0         68   sys_exit.o
        74          0          0          0          0         80   sys_stackheap_outer.o
         2          0          0          0          0         68   use_no_semi.o
       804         16          0          0          0        280   daddsub_clz.o
        24          0          0          0          0         68   dcmpi.o
        90          4          0          0          0         92   dfixu.o
        38          0          0          0          0         68   dflt_clz.o
       120          4          0          0          0         92   dleqf.o
       340         12          0          0          0        104   dmul.o
       156          4          0          0          0         92   dnaninf.o
        12          0          0          0          0         68   dretinf.o
        86          4          0          0          0         84   f2d.o
       430          8          0          0          0        168   faddsub_clz.o
       388         76          0          0          0         96   fdiv.o
        62          4          0          0          0         84   ffixu.o
        86          0          0          0          0        136   fflt_clz.o
       258          4          0          0          0         84   fmul.o
       140          4          0          0          0         84   fnaninf.o
        10          0          0          0          0         68   fretinf.o
         0          0          0          0          0          0   usenofp.o

    ----------------------------------------------------------------------
      3650        156          0          0        100       2548   Library Totals
        12          0          0          0          4          0   (incl. Padding)

    ----------------------------------------------------------------------

      Code (inc. data)   RO Data    RW Data    ZI Data      Debug   Library Name

       594         16          0          0         96        880   c_w.l
      3044        140          0          0          0       1668   fz_ws.l

    ----------------------------------------------------------------------
      3650        156          0          0        100       2548   Library Totals

    ----------------------------------------------------------------------

==============================================================================


      Code (inc. data)   RO Data    RW Data    ZI Data      Debug   

     46578       2314       1210        372      11180     779753   Grand Totals
     46578       2314       1210        104      11180     779753   ELF Image Totals (compressed)
     46578       2314       1210        104          0          0   ROM Totals

==============================================================================

    Total RO  Size (Code + RO Data)                47788 (  46.67kB)
    Total RW  Size (RW Data + ZI Data)             11552 (  11.28kB)
    Total ROM Size (Code + RO Data + RW Data)      47892 (  46.77kB)

==============================================================================

