ARM Linker, 5.03 [Build 24] [MDK-ARM Standard]

==============================================================================

Section Cross References

    app.o(.text) refers to stm32l1xx_gpio.o(.text) for GPIO_ToggleBits
    app.o(.text) refers to os_time.o(.text) for OSTimeDly
    app.o(.text) refers to stm32l1xx_pwr.o(.text) for PWR_EnterSTOPMode
    app.o(.text) refers to fun.o(.text) for Read_Temp_Filter
    app.o(.text) refers to rt_memclr_w.o(.text) for __aeabi_memclr4
    app.o(.text) refers to static_init.o(.text) for itoa
    app.o(.text) refers to strcat.o(.text) for strcat
    app.o(.text) refers to strlen.o(.text) for strlen
    app.o(.text) refers to bsp.o(.text) for USART1_SendString
    app.o(.text) refers to cat24c516.o(.text) for CAT24C_Word_W
    app.o(.text) refers to rtc.o(.text) for Get_Time
    app.o(.text) refers to nrf24l01.o(.text) for NRF24L01_Send
    app.o(.text) refers to stm32l1xx_rtc.o(.text) for RTC_WakeUpCmd
    app.o(.text) refers to power.o(.text) for Cat24c_PowerOff
    app.o(.text) refers to w_p_sensor.o(.text) for W_P_Sensor_Init
    app.o(.text) refers to check_water.o(.text) for Get_Status
    app.o(.text) refers to os_task.o(.text) for OSTaskSuspend
    app.o(.text) refers to app.o(.bss) for task1TCB
    app.o(.text) refers to cpu_core.o(.text) for CPU_Init
    app.o(.text) refers to os_core.o(.text) for OSInit
    app.o(.text) refers to os_app_hooks.o(.text) for App_OS_SetAllHooks
    main.o(.text) refers to bsp.o(.text) for BspInit
    main.o(.text) refers to app.o(.text) for KernelMain
    fun.o(.text) refers to os_time.o(.text) for OSTimeDly
    fun.o(.text) refers to ds18b20.o(.text) for Read_Temperature
    fun.o(.text) refers to static_init.o(.text) for L_From_B
    fun.o(.text) refers to w_p_sensor.o(.text) for W_P_Sensor_Read
    static_init.o(.text) refers to fflt_clz.o(x$fpl$ffltu) for __aeabi_ui2f
    static_init.o(.text) refers to ffixu.o(x$fpl$ffixu) for __aeabi_f2uiz
    static_init.o(.text) refers to rt_memclr_w.o(.text) for __aeabi_memclr4
    static_init.o(.text) refers to faddsub_clz.o(x$fpl$fsub) for __aeabi_fsub
    static_init.o(.text) refers to fmul.o(x$fpl$fmul) for __aeabi_fmul
    static_init.o(.text) refers to fdiv.o(x$fpl$fdiv) for __aeabi_fdiv
    static_init.o(.text) refers to faddsub_clz.o(x$fpl$fadd) for __aeabi_fadd
    static_init.o(.text) refers to rt_memcpy_w.o(.text) for __aeabi_memcpy4
    static_init.o(.text) refers to f2d.o(x$fpl$f2d) for __aeabi_f2d
    static_init.o(.text) refers to dleqf.o(x$fpl$dleqf) for __aeabi_cdcmple
    static_init.o(.text) refers to fflt_clz.o(x$fpl$fflt) for __aeabi_i2f
    static_init.o(.text) refers to dmul.o(x$fpl$dmul) for __aeabi_dmul
    static_init.o(.text) refers to daddsub_clz.o(x$fpl$dadd) for __aeabi_dadd
    static_init.o(.text) refers to static_init.o(.data) for i
    static_init.o(.text) refers to static_init.o(.bss) for BoBuff
    static_init.o(.data) refers to static_init.o(.bss) for BoBuff
    bsp.o(.text) refers to stm32l1xx_rcc.o(.text) for RCC_GetClocksFreq
    bsp.o(.text) refers to os_cpu_c.o(.text) for OS_CPU_SysTickInit
    bsp.o(.text) refers to stm32l1xx_gpio.o(.text) for GPIO_Init
    bsp.o(.text) refers to stm32l1xx_usart.o(.text) for USART_Init
    bsp.o(.text) refers to cpu_a.o(.text) for CPU_IntDis
    bsp.o(.text) refers to power.o(.text) for power_init
    bsp.o(.text) refers to delay.o(.text) for Delay_init
    bsp.o(.text) refers to strlen.o(.text) for strlen
    bsp.o(.text) refers to check_water.o(.text) for Check_Water
    bsp.o(.text) refers to rtc.o(.text) for clock_ini
    bsp.o(.text) refers to nrf24l01.o(.text) for nRF24L01_Initial
    bsp.o(.text) refers to os_cfg_app.o(.constdata) for OSCfg_TickRate_Hz
    cat24c516.o(.text) refers to stm32l1xx_rcc.o(.text) for RCC_AHBPeriphClockCmd
    cat24c516.o(.text) refers to stm32l1xx_gpio.o(.text) for GPIO_Init
    cat24c516.o(.text) refers to delay.o(.text) for delay_us
    check_water.o(.text) refers to stm32l1xx_rcc.o(.text) for RCC_AHBPeriphClockCmd
    check_water.o(.text) refers to stm32l1xx_gpio.o(.text) for GPIO_Init
    check_water.o(.text) refers to stm32l1xx_syscfg.o(.text) for SYSCFG_EXTILineConfig
    check_water.o(.text) refers to stm32l1xx_exti.o(.text) for EXTI_ClearITPendingBit
    check_water.o(.text) refers to misc.o(.text) for NVIC_PriorityGroupConfig
    check_water.o(.text) refers to stm32l1xx_pwr.o(.text) for PWR_GetFlagStatus
    check_water.o(.text) refers to power.o(.text) for Clock_Resume
    delay.o(.text) refers to stm32l1xx_tim.o(.text) for TIM_Cmd
    delay.o(.text) refers to stm32l1xx_rcc.o(.text) for RCC_APB1PeriphClockCmd
    ds18b20.o(.text) refers to stm32l1xx_gpio.o(.text) for GPIO_Init
    ds18b20.o(.text) refers to delay.o(.text) for delay_us
    ds18b20.o(.text) refers to stm32l1xx_rcc.o(.text) for RCC_AHBPeriphClockCmd
    ds18b20.o(.text) refers to dflt_clz.o(x$fpl$dfltu) for __aeabi_ui2d
    ds18b20.o(.text) refers to dmul.o(x$fpl$dmul) for __aeabi_dmul
[...]
    Mem_Set                                  0x08002cb5   Thumb Code    98  lib_mem.o(.text)
    Mem_Clr                                  0x08002d17   Thumb Code    18  lib_mem.o(.text)
    Mem_Copy                                 0x08002d29   Thumb Code   136  lib_mem.o(.text)
    Mem_Cmp                                  0x08002db1   Thumb Code   192  lib_mem.o(.text)
    Str_Len_N                                0x08002e71   Thumb Code    28  lib_str.o(.text)
    Str_Len                                  0x08002e8d   Thumb Code    20  lib_str.o(.text)
    Str_Copy_N                               0x08002ea1   Thumb Code    70  lib_str.o(.text)
    Str_Copy                                 0x08002ee7   Thumb Code    24  lib_str.o(.text)
    Str_Cat_N                                0x08002eff   Thumb Code    90  lib_str.o(.text)
    Str_Cat                                  0x08002f59   Thumb Code    24  lib_str.o(.text)
    Str_Cmp_N                                0x08002f71   Thumb Code   156  lib_str.o(.text)
    Str_Cmp                                  0x0800300d   Thumb Code    24  lib_str.o(.text)
    Str_CmpIgnoreCase_N                      0x08003025   Thumb Code   264  lib_str.o(.text)
    Str_CmpIgnoreCase                        0x0800312d   Thumb Code    24  lib_str.o(.text)
    Str_Char_N                               0x08003145   Thumb Code    74  lib_str.o(.text)
    Str_Char                                 0x0800318f   Thumb Code    24  lib_str.o(.text)
    Str_Char_Last_N                          0x080031a7   Thumb Code    76  lib_str.o(.text)
    Str_Char_Last                            0x080031f3   Thumb Code    24  lib_str.o(.text)
    Str_Str_N                                0x0800320b   Thumb Code   182  lib_str.o(.text)
    Str_Str                                  0x080032c1   Thumb Code    24  lib_str.o(.text)
    Str_FmtNbr_Int32U                        0x080034d7   Thumb Code    46  lib_str.o(.text)
    Str_FmtNbr_Int32S                        0x08003505   Thumb Code    62  lib_str.o(.text)
    Str_ParseNbr_Int32U                      0x08003701   Thumb Code    30  lib_str.o(.text)
    Str_ParseNbr_Int32S                      0x0800371f   Thumb Code    74  lib_str.o(.text)
    OSIdleTaskHook                           0x0800376d   Thumb Code    18  os_cpu_c.o(.text)
    OSInitHook                               0x0800377f   Thumb Code    42  os_cpu_c.o(.text)
    OSStatTaskHook                           0x080037a9   Thumb Code    16  os_cpu_c.o(.text)
    OSTaskCreateHook                         0x080037b9   Thumb Code    20  os_cpu_c.o(.text)
    OSTaskDelHook                            0x080037cd   Thumb Code    20  os_cpu_c.o(.text)
    OSTaskReturnHook                         0x080037e1   Thumb Code    20  os_cpu_c.o(.text)
    OSTaskStkInit                            0x080037f5   Thumb Code   188  os_cpu_c.o(.text)
    OSTaskSwHook                             0x080038b1   Thumb Code    82  os_cpu_c.o(.text)
    OSTimeTickHook                           0x08003903   Thumb Code    16  os_cpu_c.o(.text)
    OS_CPU_SysTickHandler                    0x08003913   Thumb Code    52  os_cpu_c.o(.text)
    OS_CPU_SysTickInit                       0x08003947   Thumb Code    44  os_cpu_c.o(.text)
    OSCfg_Init                               0x080039b1   Thumb Code    72  os_cfg_app.o(.text)
    OS_IdleTask                              0x08003a81   Thumb Code    60  os_core.o(.text)
    OS_IdleTaskInit                          0x08003abd   Thumb Code    68  os_core.o(.text)
    OS_RdyListInit                           0x08003b01   Thumb Code    32  os_core.o(.text)
    OSInit                                   0x08003b21   Thumb Code   252  os_core.o(.text)
    OSIntEnter                               0x08003c1d   Thumb Code    34  os_core.o(.text)
    OSIntExit                                0x08003c3f   Thumb Code   192  os_core.o(.text)
    OSSched                                  0x08003cff   Thumb Code   134  os_core.o(.text)
    OSSchedLock                              0x08003d85   Thumb Code    84  os_core.o(.text)
    OSSchedUnlock                            0x08003dd9   Thumb Code   116  os_core.o(.text)
    OSSchedRoundRobinCfg                     0x08003e4d   Thumb Code   230  os_core.o(.text)
    OS_RdyListMoveHeadToTail                 0x08003f33   Thumb Code    68  os_core.o(.text)
    OSSchedRoundRobinYield                   0x08003f77   Thumb Code   148  os_core.o(.text)
    OSStart                                  0x0800400b   Thumb Code    78  os_core.o(.text)
    OSVersion                                0x08004059   Thumb Code    12  os_core.o(.text)
    OS_PendDbgNameAdd                        0x08004065   Thumb Code    66  os_core.o(.text)
    OS_PendListInsertPrio                    0x080040a7   Thumb Code   102  os_core.o(.text)
    OS_PendDataInit                          0x0800410d   Thumb Code    38  os_core.o(.text)
    OS_RdyListRemove                         0x08004133   Thumb Code    86  os_core.o(.text)
    OS_TaskBlock                             0x08004189   Thumb Code    56  os_core.o(.text)
    OS_Pend                                  0x080041c1   Thumb Code    98  os_core.o(.text)
    OS_PendListRemove1                       0x08004223   Thumb Code    66  os_core.o(.text)
    OS_PendListRemove                        0x08004265   Thumb Code    48  os_core.o(.text)
    OS_PendAbort1                            0x08004295   Thumb Code    36  os_core.o(.text)
    OS_RdyListInsertHead                     0x080042b9   Thumb Code   124  os_core.o(.text)
    OS_RdyListInsertTail                     0x08004335   Thumb Code    56  os_core.o(.text)
    OS_RdyListInsert                         0x0800436d   Thumb Code    40  os_core.o(.text)
    OS_TaskRdy                               0x08004395   Thumb Code    28  os_core.o(.text)
    OS_PendAbort                             0x080043b1   Thumb Code   178  os_core.o(.text)
    OS_PendDbgNameRemove                     0x08004463   Thumb Code    34  os_core.o(.text)
    OS_PendListChangePrio                    0x08004485   Thumb Code    70  os_core.o(.text)
    OS_PendListInit                          0x080044cb   Thumb Code    10  os_core.o(.text)
    OS_PendListInsertHead                    0x080044d5   Thumb Code    32  os_core.o(.text)
    OS_PendObjDel1                           0x080044f5   Thumb Code    36  os_core.o(.text)
    OS_PendObjDel                            0x08004519   Thumb Code   174  os_core.o(.text)
    OS_Post1                                 0x080045c7   Thumb Code    42  os_core.o(.text)
    OS_Post                                  0x080045f1   Thumb Code   198  os_core.o(.text)
    OS_SchedRoundRobin                       0x080046b7   Thumb Code   206  os_core.o(.text)
    OS_Dbg_Init                              0x0800478d   Thumb Code   132  os_dbg.o(.text)
    OS_MsgPoolCreate                         0x08004911   Thumb Code    54  os_msg.o(.text)
    OS_MsgPoolInit                           0x08004947   Thumb Code    40  os_msg.o(.text)
    OS_MsgQFreeAll                           0x0800496f   Thumb Code    62  os_msg.o(.text)
    OS_MsgQInit                              0x080049ad   Thumb Code    14  os_msg.o(.text)
    OS_MsgQGet                               0x080049bb   Thumb Code    98  os_msg.o(.text)
    OS_MsgQPut                               0x08004a1d   Thumb Code   242  os_msg.o(.text)
    OS_MutexDbgListAdd                       0x08004b1d   Thumb Code    38  os_mutex.o(.text)
    OSMutexCreate                            0x08004b43   Thumb Code    94  os_mutex.o(.text)
    OSMutexPend                              0x08004ba1   Thumb Code   504  os_mutex.o(.text)
    OSMutexPost                              0x08004d99   Thumb Code   284  os_mutex.o(.text)
    OS_MutexClr                              0x08004eb5   Thumb Code    38  os_mutex.o(.text)
    OS_MutexDbgListRemove                    0x08004edb   Thumb Code    86  os_mutex.o(.text)
    OS_MutexInit                             0x08004f31   Thumb Code    14  os_mutex.o(.text)
    OS_PrioInit                              0x08004f49   Thumb Code    20  os_prio.o(.text)
    OS_PrioGetHighest                        0x08004f5d   Thumb Code    36  os_prio.o(.text)
    OS_PrioInsert                            0x08004f81   Thumb Code    32  os_prio.o(.text)
    OS_PrioRemove                            0x08004fa1   Thumb Code    32  os_prio.o(.text)
    OS_QDbgListAdd                           0x08004fc5   Thumb Code    38  os_q.o(.text)
    OSQCreate                                0x08004feb   Thumb Code    92  os_q.o(.text)
    OSQPend                                  0x08005047   Thumb Code   356  os_q.o(.text)
    OSQPendAbort                             0x080051ab   Thumb Code   136  os_q.o(.text)
    OS_QPost                                 0x08005233   Thumb Code   190  os_q.o(.text)
    OSQPost                                  0x080052f1   Thumb Code    40  os_q.o(.text)
    OS_QClr                                  0x08005319   Thumb Code    40  os_q.o(.text)
    OS_QDbgListRemove                        0x08005341   Thumb Code    44  os_q.o(.text)
    OS_QInit                                 0x0800536d   Thumb Code    14  os_q.o(.text)
    OS_SemDbgListAdd                         0x0800539d   Thumb Code    38  os_sem.o(.text)
    OSSemCreate                              0x080053c3   Thumb Code    88  os_sem.o(.text)
    OSSemPend                                0x0800541b   Thumb Code   328  os_sem.o(.text)
    OSSemPendAbort                           0x08005563   Thumb Code   136  os_sem.o(.text)
    OS_SemPost                               0x080055eb   Thumb Code   294  os_sem.o(.text)
    OSSemPost                                0x08005711   Thumb Code    34  os_sem.o(.text)
    OSSemSet                                 0x08005733   Thumb Code   102  os_sem.o(.text)
    OS_SemClr                                0x08005799   Thumb Code    28  os_sem.o(.text)
    OS_SemDbgListRemove                      0x080057b5   Thumb Code    44  os_sem.o(.text)
    OS_SemInit                               0x080057e1   Thumb Code    14  os_sem.o(.text)
    OSStatReset                              0x08005805   Thumb Code   252  os_stat.o(.text)
    OSStatTaskCPUUsageInit                   0x08005901   Thumb Code   212  os_stat.o(.text)
    OS_StatTask                              0x080059d5   Thumb Code   760  os_stat.o(.text)
    OS_StatTaskInit                          0x08005ccd   Thumb Code   138  os_stat.o(.text)
    OSTaskChangePrio                         0x08005d9d   Thumb Code   258  os_task.o(.text)
    OS_TaskDbgListAdd                        0x08005e9f   Thumb Code    42  os_task.o(.text)
    OS_TaskInitTCB                           0x08005ec9   Thumb Code   176  os_task.o(.text)
    OSTaskCreate                             0x08005f79   Thumb Code   322  os_task.o(.text)
    OS_TaskDbgListRemove                     0x080060bb   Thumb Code    64  os_task.o(.text)
    OSTaskDel                                0x080060fb   Thumb Code   300  os_task.o(.text)
    OSTaskQFlush                             0x08006227   Thumb Code    92  os_task.o(.text)
    OSTaskQPend                              0x08006283   Thumb Code   394  os_task.o(.text)
    OS_TaskQPost                             0x0800640d   Thumb Code   220  os_task.o(.text)
    OSTaskQPost                              0x080064e9   Thumb Code    40  os_task.o(.text)
    OSTaskRegGet                             0x08006511   Thumb Code    66  os_task.o(.text)
    OSTaskRegGetID                           0x08006553   Thumb Code    84  os_task.o(.text)
    OSTaskRegSet                             0x080065a7   Thumb Code    82  os_task.o(.text)
    OS_TaskResume                            0x080065f9   Thumb Code   256  os_task.o(.text)
    OSTaskResume                             0x080066f9   Thumb Code    46  os_task.o(.text)
    OSTaskSemPend                            0x08006727   Thumb Code   412  os_task.o(.text)
    OSTaskSemPendAbort                       0x080068c3   Thumb Code   168  os_task.o(.text)
    OS_TaskSemPost                           0x0800696b   Thumb Code   454  os_task.o(.text)
    OSTaskSemPost                            0x08006b31   Thumb Code    34  os_task.o(.text)
    OSTaskSemSet                             0x08006b53   Thumb Code    62  os_task.o(.text)
    OSTaskStkChk                             0x08006b91   Thumb Code   168  os_task.o(.text)
    OS_TaskSuspend                           0x08006c39   Thumb Code   272  os_task.o(.text)
    OSTaskSuspend                            0x08006d49   Thumb Code    32  os_task.o(.text)
    OSTaskTimeQuantaSet                      0x08006d69   Thumb Code    78  os_task.o(.text)
    OS_TaskInit                              0x08006db7   Thumb Code    18  os_task.o(.text)
    OS_TaskReturn                            0x08006dc9   Thumb Code    20  os_task.o(.text)
    OS_TickListRemove                        0x08006df9   Thumb Code    56  os_tick.o(.text)
    OS_TickListUpdate                        0x08006e31   Thumb Code   374  os_tick.o(.text)
    OS_TickTask                              0x08006fa7   Thumb Code    38  os_tick.o(.text)
    OS_TickListInit                          0x08006fcd   Thumb Code    32  os_tick.o(.text)
    OS_TickTaskInit                          0x08006fed   Thumb Code   130  os_tick.o(.text)
    OS_TickListInsert                        0x0800706f   Thumb Code   430  os_tick.o(.text)
    OS_TickListResetPeak                     0x0800721d   Thumb Code    92  os_tick.o(.text)
    OSTimeDly                                0x08007279   Thumb Code   166  os_time.o(.text)
    OSTimeDlyHMSM                            0x0800731f   Thumb Code   260  os_time.o(.text)
    OSTimeGet                                0x08007423   Thumb Code    46  os_time.o(.text)
    OSTimeSet                                0x08007451   Thumb Code    46  os_time.o(.text)
    OSTimeTick                               0x0800747f   Thumb Code    68  os_time.o(.text)
    OS_TmrDbgListAdd                         0x080074ed   Thumb Code    34  os_tmr.o(.text)
    OSTmrCreate                              0x0800750f   Thumb Code   116  os_tmr.o(.text)
    OSTmrRemainGet                           0x08007583   Thumb Code   136  os_tmr.o(.text)
    OS_TmrLink                               0x0800760b   Thumb Code   196  os_tmr.o(.text)
    OS_TmrUnlink                             0x080076cf   Thumb Code    72  os_tmr.o(.text)
    OSTmrStart                               0x08007717   Thumb Code   116  os_tmr.o(.text)
    OSTmrStateGet                            0x0800778b   Thumb Code    86  os_tmr.o(.text)
    OSTmrStop                                0x080077e1   Thumb Code   184  os_tmr.o(.text)
    OS_TmrClr                                0x08007899   Thumb Code    36  os_tmr.o(.text)
    OS_TmrDbgListRemove                      0x080078bd   Thumb Code    82  os_tmr.o(.text)
    OS_TmrTask                               0x0800790f   Thumb Code   168  os_tmr.o(.text)
    OS_TmrInit                               0x080079b7   Thumb Code   208  os_tmr.o(.text)
    OS_TmrResetPeak                          0x08007a87   Thumb Code    28  os_tmr.o(.text)
    NVIC_PriorityGroupConfig                 0x08007af9   Thumb Code    10  misc.o(.text)
    NVIC_Init                                0x08007b03   Thumb Code   108  misc.o(.text)
    NVIC_SetVectorTable                      0x08007b6f   Thumb Code    14  misc.o(.text)
    NVIC_SystemLPConfig                      0x08007b7d   Thumb Code    34  misc.o(.text)
    SysTick_CLKSourceConfig                  0x08007b9f   Thumb Code    40  misc.o(.text)
    ADC_DeInit                               0x08007bdd   Thumb Code    28  stm32l1xx_adc.o(.text)
    ADC_Init                                 0x08007bf9   Thumb Code    74  stm32l1xx_adc.o(.text)
    ADC_StructInit                           0x08007c43   Thumb Code    26  stm32l1xx_adc.o(.text)
    ADC_CommonInit                           0x08007c5d   Thumb Code    22  stm32l1xx_adc.o(.text)
    ADC_CommonStructInit                     0x08007c73   Thumb Code     6  stm32l1xx_adc.o(.text)
    ADC_Cmd                                  0x08007c79   Thumb Code    22  stm32l1xx_adc.o(.text)
    ADC_BankSelection                        0x08007c8f   Thumb Code    22  stm32l1xx_adc.o(.text)
    ADC_PowerDownCmd                         0x08007ca5   Thumb Code    18  stm32l1xx_adc.o(.text)
    ADC_DelaySelectionConfig                 0x08007cb7   Thumb Code    16  stm32l1xx_adc.o(.text)
    ADC_AnalogWatchdogCmd                    0x08007cc7   Thumb Code    16  stm32l1xx_adc.o(.text)
    ADC_AnalogWatchdogThresholdsConfig       0x08007cd7   Thumb Code     6  stm32l1xx_adc.o(.text)
    ADC_AnalogWatchdogSingleChannelConfig    0x08007cdd   Thumb Code    16  stm32l1xx_adc.o(.text)
    ADC_TempSensorVrefintCmd                 0x08007ced   Thumb Code    30  stm32l1xx_adc.o(.text)
    ADC_RegularChannelConfig                 0x08007d0b   Thumb Code   344  stm32l1xx_adc.o(.text)
    ADC_SoftwareStartConv                    0x08007e63   Thumb Code    10  stm32l1xx_adc.o(.text)
    ADC_GetSoftwareStartConvStatus           0x08007e6d   Thumb Code    20  stm32l1xx_adc.o(.text)
    ADC_EOCOnEachRegularChannelCmd           0x08007e81   Thumb Code    22  stm32l1xx_adc.o(.text)
    ADC_ContinuousModeCmd                    0x08007e97   Thumb Code    22  stm32l1xx_adc.o(.text)
    ADC_DiscModeChannelCountConfig           0x08007ead   Thumb Code    24  stm32l1xx_adc.o(.text)
    ADC_DiscModeCmd                          0x08007ec5   Thumb Code    22  stm32l1xx_adc.o(.text)
    ADC_GetConversionValue                   0x08007edb   Thumb Code     8  stm32l1xx_adc.o(.text)
    ADC_DMACmd                               0x08007ee3   Thumb Code    22  stm32l1xx_adc.o(.text)
    ADC_DMARequestAfterLastTransferCmd       0x08007ef9   Thumb Code    22  stm32l1xx_adc.o(.text)
    ADC_InjectedChannelConfig                0x08007f0f   Thumb Code   232  stm32l1xx_adc.o(.text)
    ADC_InjectedSequencerLengthConfig        0x08007ff7   Thumb Code    24  stm32l1xx_adc.o(.text)
    ADC_SetInjectedOffset                    0x0800800f   Thumb Code    20  stm32l1xx_adc.o(.text)
    ADC_ExternalTrigInjectedConvConfig       0x08008023   Thumb Code    16  stm32l1xx_adc.o(.text)
    ADC_ExternalTrigInjectedConvEdgeConfig   0x08008033   Thumb Code    16  stm32l1xx_adc.o(.text)
    ADC_SoftwareStartInjectedConv            0x08008043   Thumb Code    10  stm32l1xx_adc.o(.text)
    ADC_GetSoftwareStartInjectedConvCmdStatus 0x0800804d   Thumb Code    20  stm32l1xx_adc.o(.text)
    ADC_AutoInjectedConvCmd                  0x08008061   Thumb Code    22  stm32l1xx_adc.o(.text)
    ADC_InjectedDiscModeCmd                  0x08008077   Thumb Code    22  stm32l1xx_adc.o(.text)
    ADC_GetInjectedConversionValue           0x0800808d   Thumb Code    28  stm32l1xx_adc.o(.text)
    ADC_ITConfig                             0x080080a9   Thumb Code    32  stm32l1xx_adc.o(.text)
    ADC_GetFlagStatus                        0x080080c9   Thumb Code    18  stm32l1xx_adc.o(.text)
    ADC_ClearFlag                            0x080080db   Thumb Code     6  stm32l1xx_adc.o(.text)
    ADC_GetITStatus                          0x080080e1   Thumb Code    38  stm32l1xx_adc.o(.text)
    ADC_ClearITPendingBit                    0x08008107   Thumb Code    10  stm32l1xx_adc.o(.text)
    EXTI_DeInit                              0x08008111   Thumb Code    30  stm32l1xx_exti.o(.text)
    EXTI_Init                                0x0800812f   Thumb Code   142  stm32l1xx_exti.o(.text)
    EXTI_StructInit                          0x080081bd   Thumb Code    16  stm32l1xx_exti.o(.text)
    EXTI_GenerateSWInterrupt                 0x080081cd   Thumb Code    16  stm32l1xx_exti.o(.text)
    EXTI_GetFlagStatus                       0x080081dd   Thumb Code    22  stm32l1xx_exti.o(.text)
    EXTI_ClearFlag                           0x080081f3   Thumb Code     8  stm32l1xx_exti.o(.text)
    EXTI_GetITStatus                         0x080081fb   Thumb Code    34  stm32l1xx_exti.o(.text)
    EXTI_ClearITPendingBit                   0x0800821d   Thumb Code     8  stm32l1xx_exti.o(.text)
    GPIO_DeInit                              0x08008229   Thumb Code   196  stm32l1xx_gpio.o(.text)
    GPIO_Init                                0x080082ed   Thumb Code   144  stm32l1xx_gpio.o(.text)
    GPIO_StructInit                          0x0800837d   Thumb Code    18  stm32l1xx_gpio.o(.text)
    GPIO_PinLockConfig                       0x0800838f   Thumb Code    34  stm32l1xx_gpio.o(.text)
    GPIO_ReadInputDataBit                    0x080083b1   Thumb Code    18  stm32l1xx_gpio.o(.text)
    GPIO_ReadInputData                       0x080083c3   Thumb Code     6  stm32l1xx_gpio.o(.text)
    GPIO_ReadOutputDataBit                   0x080083c9   Thumb Code    18  stm32l1xx_gpio.o(.text)
    GPIO_ReadOutputData                      0x080083db   Thumb Code     6  stm32l1xx_gpio.o(.text)
    GPIO_SetBits                             0x080083e1   Thumb Code     4  stm32l1xx_gpio.o(.text)
    GPIO_ResetBits                           0x080083e5   Thumb Code     4  stm32l1xx_gpio.o(.text)
    GPIO_WriteBit                            0x080083e9   Thumb Code    10  stm32l1xx_gpio.o(.text)
    GPIO_Write                               0x080083f3   Thumb Code     4  stm32l1xx_gpio.o(.text)
    GPIO_ToggleBits                          0x080083f7   Thumb Code     8  stm32l1xx_gpio.o(.text)
    GPIO_PinAFConfig                         0x080083ff   Thumb Code    70  stm32l1xx_gpio.o(.text)
    PWR_DeInit                               0x08008465   Thumb Code    22  stm32l1xx_pwr.o(.text)
    PWR_RTCAccessCmd                         0x0800847b   Thumb Code     6  stm32l1xx_pwr.o(.text)
    PWR_PVDLevelConfig                       0x08008481   Thumb Code    18  stm32l1xx_pwr.o(.text)
    PWR_PVDCmd                               0x08008493   Thumb Code     6  stm32l1xx_pwr.o(.text)
    PWR_WakeUpPinCmd                         0x08008499   Thumb Code    20  stm32l1xx_pwr.o(.text)
    PWR_FastWakeUpCmd                        0x080084ad   Thumb Code     6  stm32l1xx_pwr.o(.text)
    PWR_UltraLowPowerCmd                     0x080084b3   Thumb Code     6  stm32l1xx_pwr.o(.text)
    PWR_VoltageScalingConfig                 0x080084b9   Thumb Code    24  stm32l1xx_pwr.o(.text)
    PWR_EnterLowPowerRunMode                 0x080084d1   Thumb Code    50  stm32l1xx_pwr.o(.text)
    PWR_EnterSleepMode                       0x08008503   Thumb Code    42  stm32l1xx_pwr.o(.text)
    PWR_EnterSTOPMode                        0x0800852d   Thumb Code    54  stm32l1xx_pwr.o(.text)
    PWR_EnterSTANDBYMode                     0x08008563   Thumb Code    42  stm32l1xx_pwr.o(.text)
    PWR_GetFlagStatus                        0x0800858d   Thumb Code    20  stm32l1xx_pwr.o(.text)
    PWR_ClearFlag                            0x080085a1   Thumb Code    14  stm32l1xx_pwr.o(.text)
    RCC_DeInit                               0x080085bd   Thumb Code    74  stm32l1xx_rcc.o(.text)
    RCC_HSEConfig                            0x08008607   Thumb Code    14  stm32l1xx_rcc.o(.text)
    RCC_GetFlagStatus                        0x08008615   Thumb Code    48  stm32l1xx_rcc.o(.text)
    RCC_WaitForHSEStartUp                    0x08008645   Thumb Code    56  stm32l1xx_rcc.o(.text)
    RCC_AdjustMSICalibrationValue            0x0800867d   Thumb Code     8  stm32l1xx_rcc.o(.text)
    RCC_MSIRangeConfig                       0x08008685   Thumb Code    20  stm32l1xx_rcc.o(.text)
    RCC_MSICmd                               0x08008699   Thumb Code     6  stm32l1xx_rcc.o(.text)
    RCC_AdjustHSICalibrationValue            0x0800869f   Thumb Code    22  stm32l1xx_rcc.o(.text)
    RCC_HSICmd                               0x080086b5   Thumb Code     6  stm32l1xx_rcc.o(.text)
    RCC_LSEConfig                            0x080086bb   Thumb Code    14  stm32l1xx_rcc.o(.text)
    RCC_LSICmd                               0x080086c9   Thumb Code     6  stm32l1xx_rcc.o(.text)
    RCC_PLLConfig                            0x080086cf   Thumb Code    16  stm32l1xx_rcc.o(.text)
    RCC_PLLCmd                               0x080086df   Thumb Code     6  stm32l1xx_rcc.o(.text)
    RCC_ClockSecuritySystemCmd               0x080086e5   Thumb Code     6  stm32l1xx_rcc.o(.text)
    RCC_LSEClockSecuritySystemCmd            0x080086eb   Thumb Code     8  stm32l1xx_rcc.o(.text)
    RCC_MCOConfig                            0x080086f3   Thumb Code    12  stm32l1xx_rcc.o(.text)
    RCC_SYSCLKConfig                         0x080086ff   Thumb Code    20  stm32l1xx_rcc.o(.text)
    RCC_GetSYSCLKSource                      0x08008713   Thumb Code    12  stm32l1xx_rcc.o(.text)
    RCC_HCLKConfig                           0x0800871f   Thumb Code    20  stm32l1xx_rcc.o(.text)
    RCC_PCLK1Config                          0x08008733   Thumb Code    20  stm32l1xx_rcc.o(.text)
    RCC_PCLK2Config                          0x08008747   Thumb Code    22  stm32l1xx_rcc.o(.text)
    RCC_GetClocksFreq                        0x0800875d   Thumb Code   248  stm32l1xx_rcc.o(.text)
    RCC_RTCCLKConfig                         0x08008855   Thumb Code    64  stm32l1xx_rcc.o(.text)
    RCC_RTCCLKCmd                            0x08008895   Thumb Code     8  stm32l1xx_rcc.o(.text)
    RCC_RTCResetCmd                          0x0800889d   Thumb Code     8  stm32l1xx_rcc.o(.text)
    RCC_AHBPeriphClockCmd                    0x080088a5   Thumb Code    34  stm32l1xx_rcc.o(.text)
    RCC_APB2PeriphClockCmd                   0x080088c7   Thumb Code    34  stm32l1xx_rcc.o(.text)
    RCC_APB1PeriphClockCmd                   0x080088e9   Thumb Code    34  stm32l1xx_rcc.o(.text)
    RCC_AHBPeriphResetCmd                    0x0800890b   Thumb Code    34  stm32l1xx_rcc.o(.text)
    RCC_APB2PeriphResetCmd                   0x0800892d   Thumb Code    34  stm32l1xx_rcc.o(.text)
    RCC_APB1PeriphResetCmd                   0x0800894f   Thumb Code    34  stm32l1xx_rcc.o(.text)
    RCC_AHBPeriphClockLPModeCmd              0x08008971   Thumb Code    34  stm32l1xx_rcc.o(.text)
    RCC_APB2PeriphClockLPModeCmd             0x08008993   Thumb Code    66  stm32l1xx_rcc.o(.text)
    RCC_APB1PeriphClockLPModeCmd             0x080089d5   Thumb Code    34  stm32l1xx_rcc.o(.text)
    RCC_ITConfig                             0x080089f7   Thumb Code    34  stm32l1xx_rcc.o(.text)
    RCC_ClearFlag                            0x08008a19   Thumb Code    18  stm32l1xx_rcc.o(.text)
    RCC_GetITStatus                          0x08008a2b   Thumb Code    22  stm32l1xx_rcc.o(.text)
    RCC_ClearITPendingBit                    0x08008a41   Thumb Code     8  stm32l1xx_rcc.o(.text)
    RTC_WaitForSynchro                       0x08008a4d   Thumb Code    92  stm32l1xx_rtc.o(.text)
    RTC_EnterInitMode                        0x08008aa9   Thumb Code    84  stm32l1xx_rtc.o(.text)
    RTC_DeInit                               0x08008afd   Thumb Code   204  stm32l1xx_rtc.o(.text)
    RTC_ExitInitMode                         0x08008bc9   Thumb Code    18  stm32l1xx_rtc.o(.text)
    RTC_Init                                 0x08008bdb   Thumb Code    94  stm32l1xx_rtc.o(.text)
    RTC_StructInit                           0x08008c39   Thumb Code    14  stm32l1xx_rtc.o(.text)
    RTC_WriteProtectionCmd                   0x08008c47   Thumb Code    22  stm32l1xx_rtc.o(.text)
    RTC_RefClockCmd                          0x08008c5d   Thumb Code    76  stm32l1xx_rtc.o(.text)
    RTC_BypassShadowCmd                      0x08008ca9   Thumb Code    54  stm32l1xx_rtc.o(.text)
    RTC_SetTime                              0x08008d11   Thumb Code   200  stm32l1xx_rtc.o(.text)
    RTC_TimeStructInit                       0x08008dd9   Thumb Code    12  stm32l1xx_rtc.o(.text)
    RTC_GetTime                              0x08008de5   Thumb Code    74  stm32l1xx_rtc.o(.text)
    RTC_GetSubSecond                         0x08008e2f   Thumb Code    30  stm32l1xx_rtc.o(.text)
    RTC_SetDate                              0x08008e4d   Thumb Code   190  stm32l1xx_rtc.o(.text)
    RTC_DateStructInit                       0x08008f0b   Thumb Code    14  stm32l1xx_rtc.o(.text)
    RTC_GetDate                              0x08008f19   Thumb Code    70  stm32l1xx_rtc.o(.text)
    RTC_SetAlarm                             0x08008f5f   Thumb Code   230  stm32l1xx_rtc.o(.text)
    RTC_AlarmStructInit                      0x08009045   Thumb Code    22  stm32l1xx_rtc.o(.text)
    RTC_GetAlarm                             0x0800905b   Thumb Code   114  stm32l1xx_rtc.o(.text)
    RTC_AlarmCmd                             0x080090cd   Thumb Code   112  stm32l1xx_rtc.o(.text)
    RTC_AlarmSubSecondConfig                 0x0800913d   Thumb Code    46  stm32l1xx_rtc.o(.text)
    RTC_GetAlarmSubSecond                    0x0800916b   Thumb Code    34  stm32l1xx_rtc.o(.text)
    RTC_WakeUpClockConfig                    0x0800918d   Thumb Code    42  stm32l1xx_rtc.o(.text)
    RTC_SetWakeUpCounter                     0x080091b7   Thumb Code    22  stm32l1xx_rtc.o(.text)
    RTC_GetWakeUpCounter                     0x080091cd   Thumb Code    10  stm32l1xx_rtc.o(.text)
    RTC_WakeUpCmd                            0x080091d7   Thumb Code   116  stm32l1xx_rtc.o(.text)
    RTC_DayLightSavingConfig                 0x0800924b   Thumb Code    50  stm32l1xx_rtc.o(.text)
    RTC_GetStoreOperation                    0x0800927d   Thumb Code    12  stm32l1xx_rtc.o(.text)
    RTC_OutputConfig                         0x08009289   Thumb Code    60  stm32l1xx_rtc.o(.text)
    RTC_CoarseCalibConfig                    0x080092c5   Thumb Code    52  stm32l1xx_rtc.o(.text)
    RTC_CoarseCalibCmd                       0x080092f9   Thumb Code    76  stm32l1xx_rtc.o(.text)
    RTC_CalibOutputCmd                       0x08009345   Thumb Code    54  stm32l1xx_rtc.o(.text)
    RTC_CalibOutputConfig                    0x0800937b   Thumb Code    42  stm32l1xx_rtc.o(.text)
    RTC_SmoothCalibConfig                    0x080093a5   Thumb Code    90  stm32l1xx_rtc.o(.text)
    RTC_TimeStampCmd                         0x080093ff   Thumb Code    54  stm32l1xx_rtc.o(.text)
    RTC_GetTimeStamp                         0x08009435   Thumb Code   144  stm32l1xx_rtc.o(.text)
    RTC_GetTimeStampSubSecond                0x080094c5   Thumb Code     8  stm32l1xx_rtc.o(.text)
    RTC_TamperTriggerConfig                  0x080094cd   Thumb Code    38  stm32l1xx_rtc.o(.text)
    RTC_TamperCmd                            0x080094f3   Thumb Code    34  stm32l1xx_rtc.o(.text)
    RTC_TamperFilterConfig                   0x08009515   Thumb Code    26  stm32l1xx_rtc.o(.text)
    RTC_TamperSamplingFreqConfig             0x0800952f   Thumb Code    26  stm32l1xx_rtc.o(.text)
    RTC_TamperPinsPrechargeDuration          0x08009549   Thumb Code    26  stm32l1xx_rtc.o(.text)
    RTC_TimeStampOnTamperDetectionCmd        0x08009563   Thumb Code    38  stm32l1xx_rtc.o(.text)
    RTC_TamperPullUpCmd                      0x08009589   Thumb Code    38  stm32l1xx_rtc.o(.text)
    RTC_WriteBackupRegister                  0x080095af   Thumb Code    26  stm32l1xx_rtc.o(.text)
    RTC_ReadBackupRegister                   0x080095c9   Thumb Code    28  stm32l1xx_rtc.o(.text)
    RTC_OutputTypeConfig                     0x080095e5   Thumb Code    26  stm32l1xx_rtc.o(.text)
    RTC_SynchroShiftConfig                   0x080095ff   Thumb Code   118  stm32l1xx_rtc.o(.text)
    RTC_ITConfig                             0x08009675   Thumb Code   108  stm32l1xx_rtc.o(.text)
    RTC_GetFlagStatus                        0x080096e1   Thumb Code    32  stm32l1xx_rtc.o(.text)
    RTC_ClearFlag                            0x08009701   Thumb Code    30  stm32l1xx_rtc.o(.text)
    RTC_GetITStatus                          0x0800971f   Thumb Code    68  stm32l1xx_rtc.o(.text)
    RTC_ClearITPendingBit                    0x08009763   Thumb Code    32  stm32l1xx_rtc.o(.text)
    SPI_I2S_DeInit                           0x0800978d   Thumb Code    76  stm32l1xx_spi.o(.text)
    SPI_Init                                 0x080097d9   Thumb Code    60  stm32l1xx_spi.o(.text)
    I2S_Init                                 0x08009815   Thumb Code   212  stm32l1xx_spi.o(.text)
    SPI_StructInit                           0x080098e9   Thumb Code    24  stm32l1xx_spi.o(.text)
    I2S_StructInit                           0x08009901   Thumb Code    20  stm32l1xx_spi.o(.text)
    SPI_Cmd                                  0x08009915   Thumb Code    24  stm32l1xx_spi.o(.text)
    I2S_Cmd                                  0x0800992d   Thumb Code    24  stm32l1xx_spi.o(.text)
    SPI_DataSizeConfig                       0x08009945   Thumb Code    18  stm32l1xx_spi.o(.text)
    SPI_BiDirectionalLineConfig              0x08009957   Thumb Code    28  stm32l1xx_spi.o(.text)
    SPI_NSSInternalSoftwareConfig            0x08009973   Thumb Code    30  stm32l1xx_spi.o(.text)
    SPI_SSOutputCmd                          0x08009991   Thumb Code    24  stm32l1xx_spi.o(.text)
    SPI_I2S_ReceiveData                      0x080099a9   Thumb Code     6  stm32l1xx_spi.o(.text)
    SPI_I2S_SendData                         0x080099af   Thumb Code     4  stm32l1xx_spi.o(.text)
    SPI_CalculateCRC                         0x080099b3   Thumb Code    24  stm32l1xx_spi.o(.text)
    SPI_TransmitCRC                          0x080099cb   Thumb Code    10  stm32l1xx_spi.o(.text)
    SPI_GetCRC                               0x080099d5   Thumb Code    16  stm32l1xx_spi.o(.text)
    SPI_GetCRCPolynomial                     0x080099e5   Thumb Code     6  stm32l1xx_spi.o(.text)
    SPI_I2S_DMACmd                           0x080099eb   Thumb Code    18  stm32l1xx_spi.o(.text)
    SPI_I2S_ITConfig                         0x080099fd   Thumb Code    32  stm32l1xx_spi.o(.text)
    SPI_I2S_GetFlagStatus                    0x08009a1d   Thumb Code    18  stm32l1xx_spi.o(.text)
    SPI_I2S_ClearFlag                        0x08009a2f   Thumb Code     6  stm32l1xx_spi.o(.text)
    SPI_I2S_GetITStatus                      0x08009a35   Thumb Code    52  stm32l1xx_spi.o(.text)
    SPI_I2S_ClearITPendingBit                0x08009a69   Thumb Code    20  stm32l1xx_spi.o(.text)
    SYSCFG_DeInit                            0x08009a89   Thumb Code    20  stm32l1xx_syscfg.o(.text)
    SYSCFG_RIDeInit                          0x08009a9d   Thumb Code    32  stm32l1xx_syscfg.o(.text)
    SYSCFG_MemoryRemapConfig                 0x08009abd   Thumb Code     6  stm32l1xx_syscfg.o(.text)
    SYSCFG_GetBootMode                       0x08009ac3   Thumb Code    10  stm32l1xx_syscfg.o(.text)
    SYSCFG_USBPuCmd                          0x08009acd   Thumb Code    30  stm32l1xx_syscfg.o(.text)
    SYSCFG_EXTILineConfig                    0x08009aeb   Thumb Code    66  stm32l1xx_syscfg.o(.text)
    SYSCFG_RITIMSelect                       0x08009b2d   Thumb Code    18  stm32l1xx_syscfg.o(.text)
    SYSCFG_RITIMInputCaptureConfig           0x08009b3f   Thumb Code    86  stm32l1xx_syscfg.o(.text)
    SYSCFG_RIResistorConfig                  0x08009b95   Thumb Code    34  stm32l1xx_syscfg.o(.text)
    SYSCFG_RIChannelSpeedConfig              0x08009bb7   Thumb Code    34  stm32l1xx_syscfg.o(.text)
    SYSCFG_RIIOSwitchConfig                  0x08009bd9   Thumb Code    80  stm32l1xx_syscfg.o(.text)
    SYSCFG_RISwitchControlModeCmd            0x08009c29   Thumb Code    38  stm32l1xx_syscfg.o(.text)
    SYSCFG_RIHysteresisConfig                0x08009c4f   Thumb Code   282  stm32l1xx_syscfg.o(.text)
    TIM_DeInit                               0x08009d71   Thumb Code   220  stm32l1xx_tim.o(.text)
    TIM_TimeBaseInit                         0x08009e4d   Thumb Code    76  stm32l1xx_tim.o(.text)
    TIM_TimeBaseStructInit                   0x08009e99   Thumb Code    16  stm32l1xx_tim.o(.text)
    TIM_PrescalerConfig                      0x08009ea9   Thumb Code     6  stm32l1xx_tim.o(.text)
    TIM_CounterModeConfig                    0x08009eaf   Thumb Code    18  stm32l1xx_tim.o(.text)
    TIM_SetCounter                           0x08009ec1   Thumb Code     4  stm32l1xx_tim.o(.text)
    TIM_SetAutoreload                        0x08009ec5   Thumb Code     4  stm32l1xx_tim.o(.text)
    TIM_GetCounter                           0x08009ec9   Thumb Code     6  stm32l1xx_tim.o(.text)
    TIM_GetPrescaler                         0x08009ecf   Thumb Code     6  stm32l1xx_tim.o(.text)
    TIM_UpdateDisableConfig                  0x08009ed5   Thumb Code    24  stm32l1xx_tim.o(.text)
    TIM_UpdateRequestConfig                  0x08009eed   Thumb Code    24  stm32l1xx_tim.o(.text)
    TIM_ARRPreloadConfig                     0x08009f05   Thumb Code    24  stm32l1xx_tim.o(.text)
    TIM_SelectOnePulseMode                   0x08009f1d   Thumb Code    18  stm32l1xx_tim.o(.text)
    TIM_SetClockDivision                     0x08009f2f   Thumb Code    18  stm32l1xx_tim.o(.text)
    TIM_Cmd                                  0x08009f41   Thumb Code    24  stm32l1xx_tim.o(.text)
    TIM_OC1Init                              0x08009f59   Thumb Code    56  stm32l1xx_tim.o(.text)
    TIM_OC2Init                              0x08009f91   Thumb Code    70  stm32l1xx_tim.o(.text)
    TIM_OC3Init                              0x08009fd7   Thumb Code    66  stm32l1xx_tim.o(.text)
    TIM_OC4Init                              0x0800a019   Thumb Code    70  stm32l1xx_tim.o(.text)
    TIM_OCStructInit                         0x0800a05f   Thumb Code    12  stm32l1xx_tim.o(.text)
    TIM_SelectOCxM                           0x0800a06b   Thumb Code    82  stm32l1xx_tim.o(.text)
    TIM_SetCompare1                          0x0800a0bd   Thumb Code     4  stm32l1xx_tim.o(.text)
    TIM_SetCompare2                          0x0800a0c1   Thumb Code     4  stm32l1xx_tim.o(.text)
    TIM_SetCompare3                          0x0800a0c5   Thumb Code     4  stm32l1xx_tim.o(.text)
    TIM_SetCompare4                          0x0800a0c9   Thumb Code     4  stm32l1xx_tim.o(.text)
    TIM_ForcedOC1Config                      0x0800a0cd   Thumb Code    18  stm32l1xx_tim.o(.text)
    TIM_ForcedOC2Config                      0x0800a0df   Thumb Code    26  stm32l1xx_tim.o(.text)
    TIM_ForcedOC3Config                      0x0800a0f9   Thumb Code    18  stm32l1xx_tim.o(.text)
    TIM_ForcedOC4Config                      0x0800a10b   Thumb Code    26  stm32l1xx_tim.o(.text)
    TIM_OC1PreloadConfig                     0x0800a125   Thumb Code    18  stm32l1xx_tim.o(.text)
    TIM_OC2PreloadConfig                     0x0800a137   Thumb Code    26  stm32l1xx_tim.o(.text)
    TIM_OC3PreloadConfig                     0x0800a151   Thumb Code    18  stm32l1xx_tim.o(.text)
    TIM_OC4PreloadConfig                     0x0800a163   Thumb Code    58  stm32l1xx_tim.o(.text)
    TIM_OC1FastConfig                        0x0800a19d   Thumb Code    18  stm32l1xx_tim.o(.text)
    TIM_OC2FastConfig                        0x0800a1af   Thumb Code    26  stm32l1xx_tim.o(.text)
    TIM_OC3FastConfig                        0x0800a1c9   Thumb Code    18  stm32l1xx_tim.o(.text)
    TIM_OC4FastConfig                        0x0800a1db   Thumb Code    26  stm32l1xx_tim.o(.text)
    TIM_ClearOC1Ref                          0x0800a1f5   Thumb Code    18  stm32l1xx_tim.o(.text)
    TIM_ClearOC2Ref                          0x0800a207   Thumb Code    24  stm32l1xx_tim.o(.text)
    TIM_ClearOC3Ref                          0x0800a21f   Thumb Code    18  stm32l1xx_tim.o(.text)
    TIM_ClearOC4Ref                          0x0800a231   Thumb Code    24  stm32l1xx_tim.o(.text)
    TIM_OC1PolarityConfig                    0x0800a249   Thumb Code    18  stm32l1xx_tim.o(.text)
    TIM_OC2PolarityConfig                    0x0800a25b   Thumb Code    26  stm32l1xx_tim.o(.text)
    TIM_OC3PolarityConfig                    0x0800a275   Thumb Code    26  stm32l1xx_tim.o(.text)
    TIM_OC4PolarityConfig                    0x0800a28f   Thumb Code    26  stm32l1xx_tim.o(.text)
    TIM_SelectOCREFClear                     0x0800a2a9   Thumb Code    18  stm32l1xx_tim.o(.text)
    TIM_CCxCmd                               0x0800a2bb   Thumb Code    30  stm32l1xx_tim.o(.text)
    TIM_SetIC4Prescaler                      0x0800a2d9   Thumb Code    26  stm32l1xx_tim.o(.text)
    TIM_SetIC3Prescaler                      0x0800a343   Thumb Code    18  stm32l1xx_tim.o(.text)
    TIM_SetIC2Prescaler                      0x0800a39d   Thumb Code    26  stm32l1xx_tim.o(.text)
    TIM_SetIC1Prescaler                      0x0800a407   Thumb Code    18  stm32l1xx_tim.o(.text)
    TIM_ICInit                               0x0800a453   Thumb Code   110  stm32l1xx_tim.o(.text)
    TIM_ICStructInit                         0x0800a4c1   Thumb Code    18  stm32l1xx_tim.o(.text)
    TIM_PWMIConfig                           0x0800a4d3   Thumb Code   124  stm32l1xx_tim.o(.text)
    TIM_GetCapture1                          0x0800a54f   Thumb Code     6  stm32l1xx_tim.o(.text)
    TIM_GetCapture2                          0x0800a555   Thumb Code     6  stm32l1xx_tim.o(.text)
    TIM_GetCapture3                          0x0800a55b   Thumb Code     6  stm32l1xx_tim.o(.text)
    TIM_GetCapture4                          0x0800a561   Thumb Code     6  stm32l1xx_tim.o(.text)
    TIM_ITConfig                             0x0800a567   Thumb Code    18  stm32l1xx_tim.o(.text)
    TIM_GenerateEvent                        0x0800a579   Thumb Code     4  stm32l1xx_tim.o(.text)
    TIM_GetFlagStatus                        0x0800a57d   Thumb Code    18  stm32l1xx_tim.o(.text)
    TIM_ClearFlag                            0x0800a58f   Thumb Code     6  stm32l1xx_tim.o(.text)
    TIM_GetITStatus                          0x0800a595   Thumb Code    34  stm32l1xx_tim.o(.text)
    TIM_ClearITPendingBit                    0x0800a5b7   Thumb Code     6  stm32l1xx_tim.o(.text)
    TIM_DMAConfig                            0x0800a5bd   Thumb Code    10  stm32l1xx_tim.o(.text)
    TIM_DMACmd                               0x0800a5c7   Thumb Code    18  stm32l1xx_tim.o(.text)
    TIM_SelectCCDMA                          0x0800a5d9   Thumb Code    24  stm32l1xx_tim.o(.text)
    TIM_InternalClockConfig                  0x0800a5f1   Thumb Code    12  stm32l1xx_tim.o(.text)
    TIM_SelectInputTrigger                   0x0800a5fd   Thumb Code    18  stm32l1xx_tim.o(.text)
    TIM_ITRxExternalClockConfig              0x0800a60f   Thumb Code    24  stm32l1xx_tim.o(.text)
    TIM_TIxExternalClockConfig               0x0800a627   Thumb Code    62  stm32l1xx_tim.o(.text)
    TIM_ETRConfig                            0x0800a665   Thumb Code    28  stm32l1xx_tim.o(.text)
    TIM_ETRClockMode1Config                  0x0800a681   Thumb Code    54  stm32l1xx_tim.o(.text)
    TIM_ETRClockMode2Config                  0x0800a6b7   Thumb Code    32  stm32l1xx_tim.o(.text)
    TIM_SelectOutputTrigger                  0x0800a6d7   Thumb Code    18  stm32l1xx_tim.o(.text)
    TIM_SelectSlaveMode                      0x0800a6e9   Thumb Code    18  stm32l1xx_tim.o(.text)
    TIM_SelectMasterSlaveMode                0x0800a6fb   Thumb Code    18  stm32l1xx_tim.o(.text)
    TIM_EncoderInterfaceConfig               0x0800a70d   Thumb Code    66  stm32l1xx_tim.o(.text)
    TIM_SelectHallSensor                     0x0800a74f   Thumb Code    24  stm32l1xx_tim.o(.text)
    TIM_RemapConfig                          0x0800a767   Thumb Code    22  stm32l1xx_tim.o(.text)
    USART_DeInit                             0x0800a77d   Thumb Code   134  stm32l1xx_usart.o(.text)
    USART_Init                               0x0800a803   Thumb Code   198  stm32l1xx_usart.o(.text)
    USART_StructInit                         0x0800a8c9   Thumb Code    24  stm32l1xx_usart.o(.text)
    USART_ClockInit                          0x0800a8e1   Thumb Code    32  stm32l1xx_usart.o(.text)
    USART_ClockStructInit                    0x0800a901   Thumb Code    12  stm32l1xx_usart.o(.text)
    USART_Cmd                                0x0800a90d   Thumb Code    24  stm32l1xx_usart.o(.text)
    USART_SetPrescaler                       0x0800a925   Thumb Code    16  stm32l1xx_usart.o(.text)
    USART_OverSampling8Cmd                   0x0800a935   Thumb Code    22  stm32l1xx_usart.o(.text)
    USART_OneBitMethodCmd                    0x0800a94b   Thumb Code    24  stm32l1xx_usart.o(.text)
    USART_SendData                           0x0800a963   Thumb Code     8  stm32l1xx_usart.o(.text)
    USART_ReceiveData                        0x0800a96b   Thumb Code    10  stm32l1xx_usart.o(.text)
    USART_SetAddress                         0x0800a975   Thumb Code    18  stm32l1xx_usart.o(.text)
    USART_ReceiverWakeUpCmd                  0x0800a987   Thumb Code    24  stm32l1xx_usart.o(.text)
    USART_WakeUpConfig                       0x0800a99f   Thumb Code    18  stm32l1xx_usart.o(.text)
    USART_LINBreakDetectLengthConfig         0x0800a9b1   Thumb Code    18  stm32l1xx_usart.o(.text)
    USART_LINCmd                             0x0800a9c3   Thumb Code    24  stm32l1xx_usart.o(.text)
    USART_SendBreak                          0x0800a9db   Thumb Code    10  stm32l1xx_usart.o(.text)
    USART_HalfDuplexCmd                      0x0800a9e5   Thumb Code    24  stm32l1xx_usart.o(.text)
    USART_SetGuardTime                       0x0800a9fd   Thumb Code    16  stm32l1xx_usart.o(.text)
    USART_SmartCardCmd                       0x0800aa0d   Thumb Code    24  stm32l1xx_usart.o(.text)
    USART_SmartCardNACKCmd                   0x0800aa25   Thumb Code    24  stm32l1xx_usart.o(.text)
    USART_IrDAConfig                         0x0800aa3d   Thumb Code    18  stm32l1xx_usart.o(.text)
    USART_IrDACmd                            0x0800aa4f   Thumb Code    24  stm32l1xx_usart.o(.text)
    USART_DMACmd                             0x0800aa67   Thumb Code    18  stm32l1xx_usart.o(.text)
    USART_ITConfig                           0x0800aa79   Thumb Code    74  stm32l1xx_usart.o(.text)
    USART_GetFlagStatus                      0x0800aac3   Thumb Code    26  stm32l1xx_usart.o(.text)
    USART_ClearFlag                          0x0800aadd   Thumb Code    18  stm32l1xx_usart.o(.text)
    USART_GetITStatus                        0x0800aaef   Thumb Code    84  stm32l1xx_usart.o(.text)
    USART_ClearITPendingBit                  0x0800ab43   Thumb Code    50  stm32l1xx_usart.o(.text)
    strlen                                   0x0800ab75   Thumb Code    62  strlen.o(.text)
    strcat                                   0x0800abb3   Thumb Code    24  strcat.o(.text)
    __aeabi_memcpy4                          0x0800abcb   Thumb Code     0  rt_memcpy_w.o(.text)
    __aeabi_memcpy8                          0x0800abcb   Thumb Code     0  rt_memcpy_w.o(.text)
    __rt_memcpy_w                            0x0800abcb   Thumb Code   100  rt_memcpy_w.o(.text)
    _memcpy_lastbytes_aligned                0x0800ac13   Thumb Code     0  rt_memcpy_w.o(.text)
    __aeabi_memclr4                          0x0800ac2f   Thumb Code     0  rt_memclr_w.o(.text)
    __aeabi_memclr8                          0x0800ac2f   Thumb Code     0  rt_memclr_w.o(.text)
    __rt_memclr_w                            0x0800ac2f   Thumb Code    78  rt_memclr_w.o(.text)
    _memset_w                                0x0800ac33   Thumb Code     0  rt_memclr_w.o(.text)
    __use_two_region_memory                  0x0800ac7d   Thumb Code     2  heapauxi.o(.text)
    __rt_heap_escrow$2region                 0x0800ac7f   Thumb Code     2  heapauxi.o(.text)
    __rt_heap_expand$2region                 0x0800ac81   Thumb Code     2  heapauxi.o(.text)
    __user_setup_stackheap                   0x0800ac83   Thumb Code    74  sys_stackheap_outer.o(.text)
    exit                                     0x0800accd   Thumb Code    12  exit.o(.text)
    __user_libspace                          0x0800acd9   Thumb Code     8  libspace.o(.text)
    __user_perproc_libspace                  0x0800acd9   Thumb Code     0  libspace.o(.text)
    __user_perthread_libspace                0x0800acd9   Thumb Code     0  libspace.o(.text)
    _sys_exit                                0x0800ace1   Thumb Code     8  sys_exit.o(.text)
    __I$use$semihosting                      0x0800aced   Thumb Code     0  use_no_semi.o(.text)
    __use_no_semihosting_swi                 0x0800aced   Thumb Code     2  use_no_semi.o(.text)
    __semihosting_library_function           0x0800acef   Thumb Code     0  indicate_semi.o(.text)
    OSStartHighRdy                           0x0800acf1   Thumb Code     0  os_cpu_a.o(CODE)
    OS_CPU_PendSVHandler                     0x0800ad13   Thumb Code     0  os_cpu_a.o(CODE)
    __aeabi_dadd                             0x0800ad75   Thumb Code     0  daddsub_clz.o(x$fpl$dadd)
    _dadd                                    0x0800ad75   Thumb Code   332  daddsub_clz.o(x$fpl$dadd)
    __fpl_dcmp_Inf                           0x0800aec5   Thumb Code    24  dcmpi.o(x$fpl$dcmpinf)
    __aeabi_d2uiz                            0x0800aedd   Thumb Code     0  dfixu.o(x$fpl$dfixu)
    _dfixu                                   0x0800aedd   Thumb Code    90  dfixu.o(x$fpl$dfixu)
    __aeabi_ui2d                             0x0800af37   Thumb Code     0  dflt_clz.o(x$fpl$dfltu)
    _dfltu                                   0x0800af37   Thumb Code    38  dflt_clz.o(x$fpl$dfltu)
    __aeabi_cdcmple                          0x0800af5d   Thumb Code     0  dleqf.o(x$fpl$dleqf)
    _dcmple                                  0x0800af5d   Thumb Code   120  dleqf.o(x$fpl$dleqf)
    __fpl_dcmple_InfNaN                      0x0800afbf   Thumb Code     0  dleqf.o(x$fpl$dleqf)
    __aeabi_dmul                             0x0800afd5   Thumb Code     0  dmul.o(x$fpl$dmul)
    _dmul                                    0x0800afd5   Thumb Code   332  dmul.o(x$fpl$dmul)
    __fpl_dnaninf                            0x0800b129   Thumb Code   156  dnaninf.o(x$fpl$dnaninf)
    __fpl_dretinf                            0x0800b1c5   Thumb Code    12  dretinf.o(x$fpl$dretinf)
    __aeabi_dsub                             0x0800b1d1   Thumb Code     0  daddsub_clz.o(x$fpl$dsub)
    _dsub                                    0x0800b1d1   Thumb Code   464  daddsub_clz.o(x$fpl$dsub)
    __aeabi_f2d                              0x0800b3a5   Thumb Code     0  f2d.o(x$fpl$f2d)
    _f2d                                     0x0800b3a5   Thumb Code    86  f2d.o(x$fpl$f2d)
    __aeabi_fadd                             0x0800b3fd   Thumb Code     0  faddsub_clz.o(x$fpl$fadd)
    _fadd                                    0x0800b3fd   Thumb Code   196  faddsub_clz.o(x$fpl$fadd)
    __aeabi_fdiv                             0x0800b4c1   Thumb Code     0  fdiv.o(x$fpl$fdiv)
    _fdiv                                    0x0800b4c1   Thumb Code   384  fdiv.o(x$fpl$fdiv)
    __aeabi_f2uiz                            0x0800b645   Thumb Code     0  ffixu.o(x$fpl$ffixu)
    _ffixu                                   0x0800b645   Thumb Code    62  ffixu.o(x$fpl$ffixu)
    __aeabi_i2f                              0x0800b685   Thumb Code     0  fflt_clz.o(x$fpl$fflt)
    _fflt                                    0x0800b685   Thumb Code    48  fflt_clz.o(x$fpl$fflt)
    __aeabi_ui2f                             0x0800b6b5   Thumb Code     0  fflt_clz.o(x$fpl$ffltu)
    _ffltu                                   0x0800b6b5   Thumb Code    38  fflt_clz.o(x$fpl$ffltu)
    __aeabi_fmul                             0x0800b6dd   Thumb Code     0  fmul.o(x$fpl$fmul)
    _fmul                                    0x0800b6dd   Thumb Code   258  fmul.o(x$fpl$fmul)
    __fpl_fnaninf                            0x0800b7df   Thumb Code   140  fnaninf.o(x$fpl$fnaninf)
    __fpl_fretinf                            0x0800b86b   Thumb Code    10  fretinf.o(x$fpl$fretinf)
    __aeabi_fsub                             0x0800b875   Thumb Code     0  faddsub_clz.o(x$fpl$fsub)
    _fsub                                    0x0800b875   Thumb Code   234  faddsub_clz.o(x$fpl$fsub)
    __I$use$fp                               0x0800b95e   Number         0  usenofp.o(x$fpl$usenofp)
    OSCfg_IdleTaskStkBasePtr                 0x0800baf4   Data           4  os_cfg_app.o(.constdata)
    OSCfg_IdleTaskStkLimit                   0x0800baf8   Data           4  os_cfg_app.o(.constdata)
    OSCfg_IdleTaskStkSize                    0x0800bafc   Data           4  os_cfg_app.o(.constdata)
    OSCfg_IdleTaskStkSizeRAM                 0x0800bb00   Data           4  os_cfg_app.o(.constdata)
    OSCfg_IntQBasePtr                        0x0800bb04   Data           4  os_cfg_app.o(.constdata)
    OSCfg_IntQSize                           0x0800bb08   Data           2  os_cfg_app.o(.constdata)
    OSCfg_IntQSizeRAM                        0x0800bb0c   Data           4  os_cfg_app.o(.constdata)
    OSCfg_IntQTaskStkBasePtr                 0x0800bb10   Data           4  os_cfg_app.o(.constdata)
    OSCfg_IntQTaskStkLimit                   0x0800bb14   Data           4  os_cfg_app.o(.constdata)
    OSCfg_IntQTaskStkSize                    0x0800bb18   Data           4  os_cfg_app.o(.constdata)
    OSCfg_IntQTaskStkSizeRAM                 0x0800bb1c   Data           4  os_cfg_app.o(.constdata)
    OSCfg_ISRStkBasePtr                      0x0800bb20   Data           4  os_cfg_app.o(.constdata)
    OSCfg_ISRStkSize                         0x0800bb24   Data           4  os_cfg_app.o(.constdata)
    OSCfg_ISRStkSizeRAM                      0x0800bb28   Data           4  os_cfg_app.o(.constdata)
    OSCfg_MsgPoolSize                        0x0800bb2c   Data           2  os_cfg_app.o(.constdata)
    OSCfg_MsgPoolSizeRAM                     0x0800bb30   Data           4  os_cfg_app.o(.constdata)
    OSCfg_MsgPoolBasePtr                     0x0800bb34   Data           4  os_cfg_app.o(.constdata)
    OSCfg_StatTaskPrio                       0x0800bb38   Data           1  os_cfg_app.o(.constdata)
    OSCfg_StatTaskRate_Hz                    0x0800bb3c   Data           4  os_cfg_app.o(.constdata)
    OSCfg_StatTaskStkBasePtr                 0x0800bb40   Data           4  os_cfg_app.o(.constdata)
    OSCfg_StatTaskStkLimit                   0x0800bb44   Data           4  os_cfg_app.o(.constdata)
    OSCfg_StatTaskStkSize                    0x0800bb48   Data           4  os_cfg_app.o(.constdata)
    OSCfg_StatTaskStkSizeRAM                 0x0800bb4c   Data           4  os_cfg_app.o(.constdata)
    OSCfg_StkSizeMin                         0x0800bb50   Data           4  os_cfg_app.o(.constdata)
    OSCfg_TickRate_Hz                        0x0800bb54   Data           4  os_cfg_app.o(.constdata)
    OSCfg_TickTaskPrio                       0x0800bb58   Data           1  os_cfg_app.o(.constdata)
    OSCfg_TickTaskStkBasePtr                 0x0800bb5c   Data           4  os_cfg_app.o(.constdata)
    OSCfg_TickTaskStkLimit                   0x0800bb60   Data           4  os_cfg_app.o(.constdata)
    OSCfg_TickTaskStkSize                    0x0800bb64   Data           4  os_cfg_app.o(.constdata)
    OSCfg_TickTaskStkSizeRAM                 0x0800bb68   Data           4  os_cfg_app.o(.constdata)
    OSCfg_TickWheelSize                      0x0800bb6c   Data           2  os_cfg_app.o(.constdata)
    OSCfg_TickWheelSizeRAM                   0x0800bb70   Data           4  os_cfg_app.o(.constdata)
    OSCfg_TmrTaskPrio                        0x0800bb74   Data           1  os_cfg_app.o(.constdata)
    OSCfg_TmrTaskRate_Hz                     0x0800bb78   Data           4  os_cfg_app.o(.constdata)
    OSCfg_TmrTaskStkBasePtr                  0x0800bb7c   Data           4  os_cfg_app.o(.constdata)
    OSCfg_TmrTaskStkLimit                    0x0800bb80   Data           4  os_cfg_app.o(.constdata)
    OSCfg_TmrTaskStkSize                     0x0800bb84   Data           4  os_cfg_app.o(.constdata)
    OSCfg_TmrTaskStkSizeRAM                  0x0800bb88   Data           4  os_cfg_app.o(.constdata)
    OSCfg_TmrWheelSize                       0x0800bb8c   Data           2  os_cfg_app.o(.constdata)
    OSCfg_TmrWheelSizeRAM                    0x0800bb90   Data           4  os_cfg_app.o(.constdata)
    OSCfg_DataSizeRAM                        0x0800bb94   Data           4  os_cfg_app.o(.constdata)
    OSDbg_DbgEn                              0x0800bb98   Data           2  os_dbg.o(.constdata)
    OSDbg_ArgChkEn                           0x0800bb9a   Data           1  os_dbg.o(.constdata)
    OSDbg_AppHooksEn                         0x0800bb9b   Data           1  os_dbg.o(.constdata)
    OSDbg_EndiannessTest                     0x0800bb9c   Data           4  os_dbg.o(.constdata)
    OSDbg_CalledFromISRChkEn                 0x0800bba0   Data           1  os_dbg.o(.constdata)
    OSDbg_FlagEn                             0x0800bba1   Data           1  os_dbg.o(.constdata)
    OSDbg_FlagGrp                            0x0800bba4   Data          40  os_dbg.o(.constdata)
    OSDbg_FlagDelEn                          0x0800bbcc   Data           1  os_dbg.o(.constdata)
    OSDbg_FlagModeClrEn                      0x0800bbcd   Data           1  os_dbg.o(.constdata)
    OSDbg_FlagPendAbortEn                    0x0800bbce   Data           1  os_dbg.o(.constdata)
    OSDbg_FlagGrpSize                        0x0800bbd0   Data           2  os_dbg.o(.constdata)
    OSDbg_FlagWidth                          0x0800bbd2   Data           2  os_dbg.o(.constdata)
    OSDbg_IntQ                               0x0800bbd4   Data           2  os_dbg.o(.constdata)
    OSDbg_ISRPostDeferredEn                  0x0800bbd6   Data           1  os_dbg.o(.constdata)
    OSDbg_Mem                                0x0800bbd8   Data          32  os_dbg.o(.constdata)
    OSDbg_MemEn                              0x0800bbf8   Data           1  os_dbg.o(.constdata)
    OSDbg_MemSize                            0x0800bbfa   Data           2  os_dbg.o(.constdata)
    OSDbg_MsgEn                              0x0800bbfc   Data           1  os_dbg.o(.constdata)
    OSDbg_MsgSize                            0x0800bbfe   Data           2  os_dbg.o(.constdata)
    OSDbg_MsgPoolSize                        0x0800bc00   Data           2  os_dbg.o(.constdata)
    OSDbg_MsgQSize                           0x0800bc02   Data           2  os_dbg.o(.constdata)
    OSDbg_Mutex                              0x0800bc04   Data          44  os_dbg.o(.constdata)
    OSDbg_MutexEn                            0x0800bc30   Data           1  os_dbg.o(.constdata)
    OSDbg_MutexDelEn                         0x0800bc31   Data           1  os_dbg.o(.constdata)
    OSDbg_MutexPendAbortEn                   0x0800bc32   Data           1  os_dbg.o(.constdata)
    OSDbg_MutexSize                          0x0800bc34   Data           2  os_dbg.o(.constdata)
    OSDbg_ObjTypeChkEn                       0x0800bc36   Data           1  os_dbg.o(.constdata)
    OSDbg_PendMultiEn                        0x0800bc37   Data           1  os_dbg.o(.constdata)
    OSDbg_PendDataSize                       0x0800bc38   Data           2  os_dbg.o(.constdata)
    OSDbg_PendListSize                       0x0800bc3a   Data           2  os_dbg.o(.constdata)
    OSDbg_PendObjSize                        0x0800bc3c   Data           2  os_dbg.o(.constdata)
    OSDbg_PrioMax                            0x0800bc3e   Data           2  os_dbg.o(.constdata)
    OSDbg_PrioTblSize                        0x0800bc40   Data           2  os_dbg.o(.constdata)
    OSDbg_PtrSize                            0x0800bc42   Data           2  os_dbg.o(.constdata)
    OSDbg_Q                                  0x0800bc44   Data          48  os_dbg.o(.constdata)
    OSDbg_QEn                                0x0800bc74   Data           1  os_dbg.o(.constdata)
    OSDbg_QDelEn                             0x0800bc75   Data           1  os_dbg.o(.constdata)
    OSDbg_QFlushEn                           0x0800bc76   Data           1  os_dbg.o(.constdata)
    OSDbg_QPendAbortEn                       0x0800bc77   Data           1  os_dbg.o(.constdata)
    OSDbg_QSize                              0x0800bc78   Data           2  os_dbg.o(.constdata)
    OSDbg_SchedRoundRobinEn                  0x0800bc7a   Data           1  os_dbg.o(.constdata)
    OSDbg_Sem                                0x0800bc7c   Data          40  os_dbg.o(.constdata)
    OSDbg_SemEn                              0x0800bca4   Data           1  os_dbg.o(.constdata)
    OSDbg_SemDelEn                           0x0800bca5   Data           1  os_dbg.o(.constdata)
    OSDbg_SemPendAbortEn                     0x0800bca6   Data           1  os_dbg.o(.constdata)
    OSDbg_SemSetEn                           0x0800bca7   Data           1  os_dbg.o(.constdata)
    OSDbg_SemSize                            0x0800bca8   Data           2  os_dbg.o(.constdata)
    OSDbg_RdyList                            0x0800bcaa   Data           2  os_dbg.o(.constdata)
    OSDbg_RdyListSize                        0x0800bcac   Data           4  os_dbg.o(.constdata)
    OSDbg_StkWidth                           0x0800bcb0   Data           1  os_dbg.o(.constdata)
    OSDbg_StatTaskEn                         0x0800bcb1   Data           1  os_dbg.o(.constdata)
    OSDbg_StatTaskStkChkEn                   0x0800bcb2   Data           1  os_dbg.o(.constdata)
    OSDbg_TaskChangePrioEn                   0x0800bcb3   Data           1  os_dbg.o(.constdata)
    OSDbg_TaskDelEn                          0x0800bcb4   Data           1  os_dbg.o(.constdata)
    OSDbg_TaskQEn                            0x0800bcb5   Data           1  os_dbg.o(.constdata)
    OSDbg_TaskQPendAbortEn                   0x0800bcb6   Data           1  os_dbg.o(.constdata)
    OSDbg_TaskProfileEn                      0x0800bcb7   Data           1  os_dbg.o(.constdata)
    OSDbg_TaskRegTblSize                     0x0800bcb8   Data           2  os_dbg.o(.constdata)
    OSDbg_TaskSemPendAbortEn                 0x0800bcba   Data           1  os_dbg.o(.constdata)
    OSDbg_TaskSuspendEn                      0x0800bcbb   Data           1  os_dbg.o(.constdata)
    OSDbg_TCBSize                            0x0800bcbc   Data           2  os_dbg.o(.constdata)
    OSDbg_TickSpokeSize                      0x0800bcbe   Data           2  os_dbg.o(.constdata)
    OSDbg_TimeDlyHMSMEn                      0x0800bcc0   Data           1  os_dbg.o(.constdata)
    OSDbg_TimeDlyResumeEn                    0x0800bcc1   Data           1  os_dbg.o(.constdata)
    OSDbg_TLS_TblSize                        0x0800bcc2   Data           2  os_dbg.o(.constdata)
    OSDbg_Tmr                                0x0800bcc4   Data          52  os_dbg.o(.constdata)
    OSDbg_TmrEn                              0x0800bcf8   Data           1  os_dbg.o(.constdata)
    OSDbg_TmrDelEn                           0x0800bcf9   Data           1  os_dbg.o(.constdata)
    OSDbg_TmrSize                            0x0800bcfa   Data           2  os_dbg.o(.constdata)
    OSDbg_TmrSpokeSize                       0x0800bcfc   Data           2  os_dbg.o(.constdata)
    OSDbg_VersionNbr                         0x0800bcfe   Data           2  os_dbg.o(.constdata)
    OSDbg_DataSize                           0x0800bd00   Data           4  os_dbg.o(.constdata)
    Region$$Table$$Base                      0x0800bd04   Number         0  anon$$obj.o(Region$$Table)
    Region$$Table$$Limit                     0x0800bd24   Number         0  anon$$obj.o(Region$$Table)
    test                                     0x20000000   Data           1  static_init.o(.data)
    HardFault_Handler_X                      0x20000001   Data           1  static_init.o(.data)
    CalibrationSave                          0x20000004   Data          84  static_init.o(.data)
    ADB                                      0x2000005c   Data          20  static_init.o(.data)
    TX_ADDRESS                               0x20000071   Data           5  nrf24l01.o(.data)
    RX_ADDRESS                               0x20000076   Data           5  nrf24l01.o(.data)
    AsynchPrediv                             0x2000007c   Data           4  rtc.o(.data)
    SynchPrediv                              0x20000080   Data           4  rtc.o(.data)
    Alarmk_TIME                              0x20000084   Data           4  rtc.o(.data)
    SystemCoreClock                          0x20000098   Data           4  system_stm32l1xx.o(.data)
    PLLMulTable                              0x2000009c   Data           9  system_stm32l1xx.o(.data)
    AHBPrescTable                            0x200000a5   Data          16  system_stm32l1xx.o(.data)
    OS_CPU_ExceptStkBase                     0x200000b8   Data           4  os_cpu_c.o(.data)
    OSPrioTbl                                0x200000bc   Data           8  os_prio.o(.data)
    OS_AppTaskCreateHookPtr                  0x200000c4   Data           4  os_var.o(.data)
    OS_AppTaskDelHookPtr                     0x200000c8   Data           4  os_var.o(.data)
    OS_AppTaskReturnHookPtr                  0x200000cc   Data           4  os_var.o(.data)
    OS_AppIdleTaskHookPtr                    0x200000d0   Data           4  os_var.o(.data)
    OS_AppStatTaskHookPtr                    0x200000d4   Data           4  os_var.o(.data)
    OS_AppTaskSwHookPtr                      0x200000d8   Data           4  os_var.o(.data)
    OS_AppTimeTickHookPtr                    0x200000dc   Data           4  os_var.o(.data)
    OSIdleTaskCtr                            0x200000e0   Data           4  os_var.o(.data)
    OSIntNestingCtr                          0x200000e4   Data           1  os_var.o(.data)
    OSRunning                                0x200000e5   Data           1  os_var.o(.data)
    OSMutexDbgListPtr                        0x200000e8   Data           4  os_var.o(.data)
    OSMutexQty                               0x200000ec   Data           2  os_var.o(.data)
    OSPrioCur                                0x200000ee   Data           1  os_var.o(.data)
    OSPrioHighRdy                            0x200000ef   Data           1  os_var.o(.data)
    OSPrioSaved                              0x200000f0   Data           1  os_var.o(.data)
    OSQDbgListPtr                            0x200000f4   Data           4  os_var.o(.data)
    OSQQty                                   0x200000f8   Data           2  os_var.o(.data)
    OSSchedLockNestingCtr                    0x200000fa   Data           1  os_var.o(.data)
    OSSchedRoundRobinDfltTimeQuanta          0x200000fc   Data           4  os_var.o(.data)
    OSSchedRoundRobinEn                      0x20000100   Data           1  os_var.o(.data)
    OSSemDbgListPtr                          0x20000104   Data           4  os_var.o(.data)
    OSSemQty                                 0x20000108   Data           2  os_var.o(.data)
    OSStatResetFlag                          0x2000010a   Data           1  os_var.o(.data)
    OSStatTaskCPUUsage                       0x2000010c   Data           2  os_var.o(.data)
    OSStatTaskCPUUsageMax                    0x2000010e   Data           2  os_var.o(.data)
    OSStatTaskCtr                            0x20000110   Data           4  os_var.o(.data)
    OSStatTaskCtrMax                         0x20000114   Data           4  os_var.o(.data)
    OSStatTaskCtrRun                         0x20000118   Data           4  os_var.o(.data)
    OSStatTaskRdy                            0x2000011c   Data           1  os_var.o(.data)
    OSStatTaskTimeMax                        0x20000120   Data           4  os_var.o(.data)
    OSTaskCtxSwCtr                           0x20000124   Data           4  os_var.o(.data)
    OSTaskDbgListPtr                         0x20000128   Data           4  os_var.o(.data)
    OSTaskQty                                0x2000012c   Data           2  os_var.o(.data)
    OSTaskRegNextAvailID                     0x2000012e   Data           1  os_var.o(.data)
    OSTickCtr                                0x20000130   Data           4  os_var.o(.data)
    OSTickTaskTimeMax                        0x20000134   Data           4  os_var.o(.data)
    OSTmrDbgListPtr                          0x20000138   Data           4  os_var.o(.data)
    OSTmrQty                                 0x2000013c   Data           2  os_var.o(.data)
    OSTmrTaskTimeMax                         0x20000140   Data           4  os_var.o(.data)
    OSTmrTickCtr                             0x20000144   Data           4  os_var.o(.data)
    OSTmrUpdateCnt                           0x20000148   Data           4  os_var.o(.data)
    OSTmrUpdateCtr                           0x2000014c   Data           4  os_var.o(.data)
    OSTCBCurPtr                              0x20000150   Data           4  os_var.o(.data)
    OSTCBHighRdyPtr                          0x20000154   Data           4  os_var.o(.data)
    Set_Clock                                0x20001074   Data          12  rtc.o(.bss)
    CPU_Name                                 0x20001080   Data          16  cpu_core.o(.bss)
    OSCfg_IdleTaskStk                        0x20001090   Data         256  os_cfg_app.o(.bss)
    OSCfg_ISRStk                             0x20001190   Data         512  os_cfg_app.o(.bss)
    OSCfg_MsgPool                            0x20001390   Data        1600  os_cfg_app.o(.bss)
    OSCfg_StatTaskStk                        0x200019d0   Data         512  os_cfg_app.o(.bss)
    OSCfg_TickTaskStk                        0x20001bd0   Data         512  os_cfg_app.o(.bss)
    OSCfg_TickWheel                          0x20001dd0   Data         136  os_cfg_app.o(.bss)
    OSCfg_TmrTaskStk                         0x20001e58   Data         512  os_cfg_app.o(.bss)
    OSCfg_TmrWheel                           0x20002058   Data         136  os_cfg_app.o(.bss)
    OSIdleTaskTCB                            0x200020e0   Data         184  os_var.o(.bss)
    OSMsgPool                                0x20002198   Data          12  os_var.o(.bss)
    OSRdyList                                0x200021a4   Data         768  os_var.o(.bss)
    OSStatTaskTCB                            0x200024a4   Data         184  os_var.o(.bss)
    OSTickTaskTCB                            0x2000255c   Data         184  os_var.o(.bss)
    OSTmrTaskTCB                             0x20002614   Data         184  os_var.o(.bss)
    __libspace_start                         0x200026cc   Data          96  libspace.o(.bss)
    __temporary_stack_top$libspace           0x2000272c   Data           0  libspace.o(.bss)



==============================================================================

Memory Map of the image

  Image Entry point : 0x080000f5

  Load Region LR_IROM1 (Base: 0x08000000, Size: 0x0000be98, Max: 0x00020000, ABSOLUTE, COMPRESSED[0x0000bd8c])

    Execution Region ER_IROM1 (Base: 0x08000000, Size: 0x0000bd24, Max: 0x00020000, ABSOLUTE)

    Base Addr    Size         Type   Attr      Idx    E Section Name        Object

    0x08000000   0x000000f4   Data   RO          594    RESET               startup_stm32l1xx_md.o
    0x080000f4   0x00000008   Code   RO         1619  * !!!main             c_w.l(__main.o)
    0x080000fc   0x00000034   Code   RO         1830    !!!scatter          c_w.l(__scatter.o)
    0x08000130   0x0000005a   Code   RO         1828    !!dczerorl2         c_w.l(__dczerorl2.o)
    0x0800018a   0x00000002   PAD
    0x0800018c   0x0000001c   Code   RO         1832    !!handler_zi        c_w.l(__scatter_zi.o)
    0x080001a8   0x00000002   Code   RO         1701    .ARM.Collect$$libinit$$00000000  c_w.l(libinit.o)
    0x080001aa   0x00000000   Code   RO         1708    .ARM.Collect$$libinit$$00000002  c_w.l(libinit2.o)
    0x080001aa   0x00000000   Code   RO         1711    .ARM.Collect$$libinit$$00000008  c_w.l(libinit2.o)
    0x080001aa   0x00000000   Code   RO         1713    .ARM.Collect$$libinit$$0000000A  c_w.l(libinit2.o)
    0x080001aa   0x00000000   Code   RO         1715    .ARM.Collect$$libinit$$0000000C  c_w.l(libinit2.o)
    0x080001aa   0x00000000   Code   RO         1718    .ARM.Collect$$libinit$$0000000F  c_w.l(libinit2.o)
    0x080001aa   0x00000000   Code   RO         1720    .ARM.Collect$$libinit$$00000011  c_w.l(libinit2.o)
    0x080001aa   0x00000000   Code   RO         1722    .ARM.Collect$$libinit$$00000013  c_w.l(libinit2.o)
    0x080001aa   0x00000000   Code   RO         1724    .ARM.Collect$$libinit$$00000015  c_w.l(libinit2.o)
    0x080001aa   0x00000000   Code   RO         1726    .ARM.Collect$$libinit$$00000017  c_w.l(libinit2.o)
    0x080001aa   0x00000000   Code   RO         1728    .ARM.Collect$$libinit$$00000019  c_w.l(libinit2.o)
    0x080001aa   0x00000000   Code   RO         1730    .ARM.Collect$$libinit$$0000001B  c_w.l(libinit2.o)
    0x080001aa   0x00000000   Code   RO         1732    .ARM.Collect$$libinit$$0000001D  c_w.l(libinit2.o)
    0x080001aa   0x00000000   Code   RO         1734    .ARM.Collect$$libinit$$0000001F  c_w.l(libinit2.o)
    0x080001aa   0x00000000   Code   RO         1736    .ARM.Collect$$libinit$$00000021  c_w.l(libinit2.o)
    0x080001aa   0x00000000   Code   RO         1738    .ARM.Collect$$libinit$$00000023  c_w.l(libinit2.o)
    0x080001aa   0x00000000   Code   RO         1742    .ARM.Collect$$libinit$$0000002A  c_w.l(libinit2.o)
    0x080001aa   0x00000000   Code   RO         1744    .ARM.Collect$$libinit$$0000002C  c_w.l(libinit2.o)
    0x080001aa   0x00000000   Code   RO         1746    .ARM.Collect$$libinit$$0000002E  c_w.l(libinit2.o)
    0x080001aa   0x00000000   Code   RO         1748    .ARM.Collect$$libinit$$00000030  c_w.l(libinit2.o)
    0x080001aa   0x00000002   Code   RO         1749    .ARM.Collect$$libinit$$00000031  c_w.l(libinit2.o)
    0x080001ac   0x00000002   Code   RO         1769    .ARM.Collect$$libshutdown$$00000000  c_w.l(libshutdown.o)
    0x080001ae   0x00000000   Code   RO         1783    .ARM.Collect$$libshutdown$$00000003  c_w.l(libshutdown2.o)
    0x080001ae   0x00000000   Code   RO         1786    .ARM.Collect$$libshutdown$$00000006  c_w.l(libshutdown2.o)
    0x080001ae   0x00000000   Code   RO         1789    .ARM.Collect$$libshutdown$$00000009  c_w.l(libshutdown2.o)
    0x080001ae   0x00000000   Code   RO         1791    .ARM.Collect$$libshutdown$$0000000B  c_w.l(libshutdown2.o)
    0x080001ae   0x00000000   Code   RO         1794    .ARM.Collect$$libshutdown$$0000000E  c_w.l(libshutdown2.o)
    0x080001ae   0x00000002   Code   RO         1795    .ARM.Collect$$libshutdown$$0000000F  c_w.l(libshutdown2.o)
    0x080001b0   0x00000000   Code   RO         1665    .ARM.Collect$$rtentry$$00000000  c_w.l(rtentry.o)
    0x080001b0   0x00000000   Code   RO         1678    .ARM.Collect$$rtentry$$00000002  c_w.l(rtentry2.o)
    0x080001b0   0x00000006   Code   RO         1690    .ARM.Collect$$rtentry$$00000004  c_w.l(rtentry4.o)
    0x080001b6   0x00000000   Code   RO         1680    .ARM.Collect$$rtentry$$00000009  c_w.l(rtentry2.o)
    0x080001b6   0x00000004   Code   RO         1681    .ARM.Collect$$rtentry$$0000000A  c_w.l(rtentry2.o)
    0x080001ba   0x00000000   Code   RO         1683    .ARM.Collect$$rtentry$$0000000C  c_w.l(rtentry2.o)
    0x080001ba   0x00000008   Code   RO         1684    .ARM.Collect$$rtentry$$0000000D  c_w.l(rtentry2.o)
    0x080001c2   0x00000002   Code   RO         1705    .ARM.Collect$$rtexit$$00000000  c_w.l(rtexit.o)
    0x080001c4   0x00000000   Code   RO         1751    .ARM.Collect$$rtexit$$00000002  c_w.l(rtexit2.o)
    0x080001c4   0x00000004   Code   RO         1752    .ARM.Collect$$rtexit$$00000003  c_w.l(rtexit2.o)
    0x080001c8   0x00000006   Code   RO         1753    .ARM.Collect$$rtexit$$00000004  c_w.l(rtexit2.o)
    0x080001ce   0x00000002   PAD
    0x080001d0   0x000005fc   Code   RO            3    .text               app.o
    0x080007cc   0x0000000e   Code   RO          200    .text               main.o
    0x080007da   0x000000f8   Code   RO          227    .text               fun.o
    0x080008d2   0x00000002   PAD
    0x080008d4   0x00000668   Code   RO          247    .text               static_init.o
    0x08000f3c   0x000001d4   Code   RO          337    .text               bsp.o
    0x08001110   0x00000464   Code   RO          386    .text               cat24c516.o
    0x08001574   0x000000f8   Code   RO          412    .text               check_water.o
    0x0800166c   0x000000b8   Code   RO          435    .text               delay.o
    0x08001724   0x00000260   Code   RO          458    .text               ds18b20.o
    0x08001984   0x00000594   Code   RO          479    .text               nrf24l01.o
    0x08001f18   0x000002f0   Code   RO          506    .text               rtc.o
    0x08002208   0x000000cc   Code   RO          534    .text               w_p_sensor.o
    0x080022d4   0x0000018c   Code   RO          554    .text               power.o
    0x08002460   0x000000d0   Code   RO          574    .text               os_app_hooks.o
    0x08002530   0x00000040   Code   RO          595    .text               startup_stm32l1xx_md.o
    0x08002570   0x00000250   Code   RO          601    .text               system_stm32l1xx.o
    0x080027c0   0x00000268   Code   RO          641    .text               cpu_core.o
    0x08002a28   0x00000034   Code   RO          700    .text               cpu_a.o
    0x08002a5c   0x00000256   Code   RO          703    .text               lib_ascii.o
    0x08002cb2   0x000001be   Code   RO          736    .text               lib_mem.o
    0x08002e70   0x000008fc   Code   RO          751    .text               lib_str.o
    0x0800376c   0x00000244   Code   RO          776    .text               os_cpu_c.o
    0x080039b0   0x000000d0   Code   RO          810    .text               os_cfg_app.o
    0x08003a80   0x00000d0c   Code   RO          837    .text               os_core.o
    0x0800478c   0x00000184   Code   RO          849    .text               os_dbg.o
    0x08004910   0x0000020c   Code   RO          882    .text               os_msg.o
    0x08004b1c   0x0000042c   Code   RO          894    .text               os_mutex.o
    0x08004f48   0x0000007c   Code   RO          918    .text               os_prio.o
    0x08004fc4   0x000003d8   Code   RO          937    .text               os_q.o
    0x0800539c   0x00000468   Code   RO          949    .text               os_sem.o
    0x08005804   0x00000598   Code   RO          961    .text               os_stat.o
    0x08005d9c   0x0000105c   Code   RO          973    .text               os_task.o
    0x08006df8   0x00000480   Code   RO          985    .text               os_tick.o
    0x08007278   0x00000274   Code   RO          997    .text               os_time.o
    0x080074ec   0x0000060c   Code   RO         1009    .text               os_tmr.o
    0x08007af8   0x000000e4   Code   RO         1037    .text               misc.o
    0x08007bdc   0x00000534   Code   RO         1057    .text               stm32l1xx_adc.o
    0x08008110   0x00000118   Code   RO         1232    .text               stm32l1xx_exti.o
    0x08008228   0x0000023c   Code   RO         1315    .text               stm32l1xx_gpio.o
    0x08008464   0x00000158   Code   RO         1421    .text               stm32l1xx_pwr.o
    0x080085bc   0x00000490   Code   RO         1441    .text               stm32l1xx_rcc.o
    0x08008a4c   0x00000d40   Code   RO         1463    .text               stm32l1xx_rtc.o
    0x0800978c   0x000002fc   Code   RO         1506    .text               stm32l1xx_spi.o
    0x08009a88   0x000002e8   Code   RO         1526    .text               stm32l1xx_syscfg.o
    0x08009d70   0x00000a0c   Code   RO         1549    .text               stm32l1xx_tim.o
    0x0800a77c   0x000003f8   Code   RO         1569    .text               stm32l1xx_usart.o
    0x0800ab74   0x0000003e   Code   RO         1609    .text               c_w.l(strlen.o)
    0x0800abb2   0x00000018   Code   RO         1611    .text               c_w.l(strcat.o)
    0x0800abca   0x00000064   Code   RO         1613    .text               c_w.l(rt_memcpy_w.o)
    0x0800ac2e   0x0000004e   Code   RO         1615    .text               c_w.l(rt_memclr_w.o)
    0x0800ac7c   0x00000006   Code   RO         1617    .text               c_w.l(heapauxi.o)
    0x0800ac82   0x0000004a   Code   RO         1692    .text               c_w.l(sys_stackheap_outer.o)
    0x0800accc   0x0000000c   Code   RO         1694    .text               c_w.l(exit.o)
    0x0800acd8   0x00000008   Code   RO         1702    .text               c_w.l(libspace.o)
    0x0800ace0   0x0000000c   Code   RO         1761    .text               c_w.l(sys_exit.o)
    0x0800acec   0x00000002   Code   RO         1772    .text               c_w.l(use_no_semi.o)
    0x0800acee   0x00000000   Code   RO         1774    .text               c_w.l(indicate_semi.o)
    0x0800acee   0x00000002   PAD
    0x0800acf0   0x00000084   Code   RO          771    CODE                os_cpu_a.o
    0x0800ad74   0x00000150   Code   RO         1621    x$fpl$dadd          fz_ws.l(daddsub_clz.o)
    0x0800aec4   0x00000018   Code   RO         1666    x$fpl$dcmpinf       fz_ws.l(dcmpi.o)
    0x0800aedc   0x0000005a   Code   RO         1627    x$fpl$dfixu         fz_ws.l(dfixu.o)
    0x0800af36   0x00000026   Code   RO         1631    x$fpl$dfltu         fz_ws.l(dflt_clz.o)
    0x0800af5c   0x00000078   Code   RO         1637    x$fpl$dleqf         fz_ws.l(dleqf.o)
    0x0800afd4   0x00000154   Code   RO         1639    x$fpl$dmul          fz_ws.l(dmul.o)
    0x0800b128   0x0000009c   Code   RO         1668    x$fpl$dnaninf       fz_ws.l(dnaninf.o)
    0x0800b1c4   0x0000000c   Code   RO         1670    x$fpl$dretinf       fz_ws.l(dretinf.o)
    0x0800b1d0   0x000001d4   Code   RO         1623    x$fpl$dsub          fz_ws.l(daddsub_clz.o)
    0x0800b3a4   0x00000056   Code   RO         1641    x$fpl$f2d           fz_ws.l(f2d.o)
    0x0800b3fa   0x00000002   PAD
    0x0800b3fc   0x000000c4   Code   RO         1643    x$fpl$fadd          fz_ws.l(faddsub_clz.o)
    0x0800b4c0   0x00000184   Code   RO         1650    x$fpl$fdiv          fz_ws.l(fdiv.o)
    0x0800b644   0x0000003e   Code   RO         1653    x$fpl$ffixu         fz_ws.l(ffixu.o)
    0x0800b682   0x00000002   PAD
    0x0800b684   0x00000030   Code   RO         1658    x$fpl$fflt          fz_ws.l(fflt_clz.o)
    0x0800b6b4   0x00000026   Code   RO         1657    x$fpl$ffltu         fz_ws.l(fflt_clz.o)
    0x0800b6da   0x00000002   PAD
    0x0800b6dc   0x00000102   Code   RO         1663    x$fpl$fmul          fz_ws.l(fmul.o)
    0x0800b7de   0x0000008c   Code   RO         1672    x$fpl$fnaninf       fz_ws.l(fnaninf.o)
    0x0800b86a   0x0000000a   Code   RO         1674    x$fpl$fretinf       fz_ws.l(fretinf.o)
    0x0800b874   0x000000ea   Code   RO         1645    x$fpl$fsub          fz_ws.l(faddsub_clz.o)
    0x0800b95e   0x00000000   Code   RO         1676    x$fpl$usenofp       fz_ws.l(usenofp.o)
    0x0800b95e   0x00000100   Data   RO          643    .constdata          cpu_core.o
    0x0800ba5e   0x00000002   PAD
    0x0800ba60   0x00000094   Data   RO          752    .constdata          lib_str.o
    0x0800baf4   0x000000a4   Data   RO          812    .constdata          os_cfg_app.o
    0x0800bb98   0x0000016c   Data   RO          850    .constdata          os_dbg.o
    0x0800bd04   0x00000020   Data   RO         1826    Region$$Table       anon$$obj.o


    Execution Region RW_IRAM1 (Base: 0x20000000, Size: 0x00002d30, Max: 0x00004000, ABSOLUTE, COMPRESSED[0x00000068])

    Base Addr    Size         Type   Attr      Idx    E Section Name        Object

    0x20000000   0x00000070   Data   RW          249    .data               static_init.o
    0x20000070   0x00000001   Data   RW          459    .data               ds18b20.o
    0x20000071   0x0000000a   Data   RW          481    .data               nrf24l01.o
    0x2000007b   0x00000001   PAD
    0x2000007c   0x0000001a   Data   RW          508    .data               rtc.o
    0x20000096   0x00000002   PAD
    0x20000098   0x0000001d   Data   RW          602    .data               system_stm32l1xx.o
    0x200000b5   0x00000003   PAD
    0x200000b8   0x00000004   Data   RW          777    .data               os_cpu_c.o
    0x200000bc   0x00000008   Data   RW          919    .data               os_prio.o
    0x200000c4   0x00000094   Data   RW         1022    .data               os_var.o
    0x20000158   0x00000019   Data   RW         1442    .data               stm32l1xx_rcc.o
    0x20000171   0x00000003   PAD
    0x20000174   0x00000ed8   Zero   RW            4    .bss                app.o
    0x2000104c   0x0000000c   Zero   RW          248    .bss                static_init.o
    0x20001058   0x00000028   Zero   RW          507    .bss                rtc.o
    0x20001080   0x00000010   Zero   RW          642    .bss                cpu_core.o
    0x20001090   0x00001050   Zero   RW          811    .bss                os_cfg_app.o
    0x200020e0   0x000005ec   Zero   RW         1021    .bss                os_var.o
    0x200026cc   0x00000060   Zero   RW         1703    .bss                c_w.l(libspace.o)
    0x2000272c   0x00000004   PAD
    0x20002730   0x00000200   Zero   RW          593    HEAP                startup_stm32l1xx_md.o
    0x20002930   0x00000400   Zero   RW          592    STACK               startup_stm32l1xx_md.o


==============================================================================

Image component sizes


      Code (inc. data)   RO Data    RW Data    ZI Data      Debug   Object Name

      1532        230          0          0       3800     267565   app.o
       468         38          0          0          0       1965   bsp.o
      1124          6          0          0          0       3666   cat24c516.o
       248          6          0          0          0       1822   check_water.o
        52          0          0          0          0        248   cpu_a.o
         0          0          0          0          0       1195   cpu_c.o
       616          8        256          0         16      12947   cpu_core.o
       184          4          0          0          0        815   delay.o
       608         14          0          1          0       2280   ds18b20.o
       248          0          0          0          0       1282   fun.o
       598          0          0          0          0       3652   lib_ascii.o
       446          0          0          0          0       3168   lib_mem.o
      2300          4        148          0          0      12058   lib_str.o
        14          0          0          0          0        383   main.o
       228         22          0          0          0       1649   misc.o
      1428         32          0         10          0       5101   nrf24l01.o
       208         28          0          0          0       1733   os_app_hooks.o
       208        136        164          0       4176      19056   os_cfg_app.o
      3340        256          0          0          0      11276   os_core.o
       132         32          0          0          0        264   os_cpu_a.o
       580         62          0          4          0      21186   os_cpu_c.o
       388        256        364          0          0       4589   os_dbg.o
       524         14          0          0          0       2583   os_msg.o
      1068         60          0          0          0       3114   os_mutex.o
       124          4          0          8          0       1588   os_prio.o
       984         34          0          0          0       4212   os_q.o
      1128         48          0          0          0       4551   os_sem.o
      1432        148          0          0          0       2597   os_stat.o
      4188        154          0          0          0      11137   os_task.o
      1152         72          0          0          0       3045   os_tick.o
       628         42          0          0          0       2229   os_time.o
      1548        124          0          0          0       5301   os_tmr.o
         0          0          0        148       1516      17563   os_var.o
       396         18          0          0          0       1164   power.o
       752         38          0         26         40       2881   rtc.o
        64         26        244          0       1536        752   startup_stm32l1xx_md.o
      1640         28          0        112         12     260984   static_init.o
      1332         20          0          0          0      10498   stm32l1xx_adc.o
       280          4          0          0          0       2083   stm32l1xx_exti.o
       572         32          0          0          0       3729   stm32l1xx_gpio.o
       344         14          0          0          0       3836   stm32l1xx_pwr.o
      1168         40          0         25          0       9197   stm32l1xx_rcc.o
      3392         46          0          0          0      14315   stm32l1xx_rtc.o
       764         12          0          0          0       5778   stm32l1xx_spi.o
       744          8          0          0          0       3192   stm32l1xx_syscfg.o
      2572         32          0          0          0      19812   stm32l1xx_tim.o
      1016         20          0          0          0       7428   stm32l1xx_usart.o
       592         46          0         29          0       1595   system_stm32l1xx.o
       204         10          0          0          0        730   w_p_sensor.o

    ----------------------------------------------------------------------
     43560       2228       1210        372      11096     783794   Object Totals
         0          0         32          0          0          0   (incl. Generated)
         2          0          2          9          0          0   (incl. Padding)

    ----------------------------------------------------------------------

      Code (inc. data)   RO Data    RW Data    ZI Data      Debug   Library Member Name

        90          0          0          0          0          0   __dczerorl2.o
         8          0          0          0          0         68   __main.o
        52          8          0          0          0          0   __scatter.o
        28          0          0          0          0          0   __scatter_zi.o
        12          0          0          0          0         72   exit.o
         6          0          0          0          0        152   heapauxi.o
         0          0          0          0          0          0   indicate_semi.o
         2          0          0          0          0          0   libinit.o
         2          0          0          0          0          0   libinit2.o
         2          0          0          0          0          0   libshutdown.o
         2          0          0          0          0          0   libshutdown2.o
         8          4          0          0         96         68   libspace.o
        78          0          0          0          0         80   rt_memclr_w.o
       100          0          0          0          0         80   rt_memcpy_w.o
         0          0          0          0          0          0   rtentry.o
        12          0          0          0          0          0   rtentry2.o
         6          0          0          0          0          0   rtentry4.o
         2          0          0          0          0          0   rtexit.o
        10          0          0          0          0          0   rtexit2.o
        24          0          0          0          0         68   strcat.o
        62          0          0          0          0         76   strlen.o
        12          4          0          0          0         68   sys_exit.o
        74          0          0          0          0         80   sys_stackheap_outer.o
         2          0          0          0          0         68   use_no_semi.o
       804         16          0          0          0        280   daddsub_clz.o
        24          0          0          0          0         68   dcmpi.o
        90          4          0          0          0         92   dfixu.o
        38          0          0          0          0         68   dflt_clz.o
       120          4          0          0          0         92   dleqf.o
       340         12          0          0          0        104   dmul.o
       156          4          0          0          0         92   dnaninf.o
        12          0          0          0          0         68   dretinf.o
        86          4          0          0          0         84   f2d.o
       430          8          0          0          0        168   faddsub_clz.o
       388         76          0          0          0         96   fdiv.o
        62          4          0          0          0         84   ffixu.o
        86          0          0          0          0        136   fflt_clz.o
       258          4          0          0          0         84   fmul.o
       140          4          0          0          0         84   fnaninf.o
        10          0          0          0          0         68   fretinf.o
         0          0          0          0          0          0   usenofp.o

    ----------------------------------------------------------------------
      3650        156          0          0        100       2548   Library Totals
        12          0          0          0          4          0   (incl. Padding)

    ----------------------------------------------------------------------

      Code (inc. data)   RO Data    RW Data    ZI Data      Debug   Library Name

       594         16          0          0         96        880   c_w.l
      3044        140          0          0          0       1668   fz_ws.l

    ----------------------------------------------------------------------
      3650        156          0          0        100       2548   Library Totals

    ----------------------------------------------------------------------

==============================================================================


      Code (inc. data)   RO Data    RW Data    ZI Data      Debug   

     47210       2384       1210        372      11196     780310   Grand Totals
     47210       2384       1210        104      11196     780310   ELF Image Totals (compressed)
     47210       2384       1210        104          0          0   ROM Totals

==============================================================================

    Total RO  Size (Code + RO Data)                48420 (  47.29kB)
    Total RW  Size (RW Data + ZI Data)             11568 (  11.30kB)
    Total ROM Size (Code + RO Data + RW Data)      48524 (  47.39kB)

==============================================================================

